
===========================================================================
 report_power
============================================================================
======================= max_ff_n40C_1v95 Corner ===================================

Group                    Internal    Switching      Leakage        Total
                            Power        Power        Power        Power (Watts)
------------------------------------------------------------------------
Sequential           2.253657e-03 2.415613e-04 4.620319e-09 2.495223e-03   8.0%
Combinational        1.062714e-02 1.686177e-02 1.004505e-07 2.748901e-02  87.8%
Clock                4.777867e-04 8.592004e-04 1.165938e-08 1.336999e-03   4.3%
Macro                0.000000e+00 0.000000e+00 0.000000e+00 0.000000e+00   0.0%
Pad                  0.000000e+00 0.000000e+00 0.000000e+00 0.000000e+00   0.0%
------------------------------------------------------------------------
Total                1.335860e-02 1.796254e-02 1.167303e-07 3.132125e-02 100.0%
                            42.7%        57.3%         0.0%

