                                                                       Cells by Function                                                                        
┏━━━━━━━━━━━━━━━━━━━━━━━━━━━━━━━━━━━━━━━━━━━━━━━━━━━━━━━━━━━━━━━━━━━━━━━━━━━━━━━━━━━━━━━━━━━━━━━━━━━━━━━━━━━━━━━━━━━━━━━━━━━━━━━━━┳━━━━━━━━━━━━━━━━━━━━━━━━━━━━┓
┃ Cell Function                                                                                                                   ┃ Count                      ┃
┡━━━━━━━━━━━━━━━━━━━━━━━━━━━━━━━━━━━━━━━━━━━━━━━━━━━━━━━━━━━━━━━━━━━━━━━━━━━━━━━━━━━━━━━━━━━━━━━━━━━━━━━━━━━━━━━━━━━━━━━━━━━━━━━━━╇━━━━━━━━━━━━━━━━━━━━━━━━━━━━┩
│ sky130_ef_sc_hd__decap                                                                                                          │ 1785                       │
│ sky130_fd_sc_hd__a2111o                                                                                                         │ 1                          │
│ sky130_fd_sc_hd__a211o                                                                                                          │ 8                          │
│ sky130_fd_sc_hd__a211oi                                                                                                         │ 2                          │
│ sky130_fd_sc_hd__a21bo                                                                                                          │ 24                         │
│ sky130_fd_sc_hd__a21boi                                                                                                         │ 71                         │
│ sky130_fd_sc_hd__a21o                                                                                                           │ 107                        │
│ sky130_fd_sc_hd__a21oi                                                                                                          │ 182                        │
│ sky130_fd_sc_hd__a221o                                                                                                          │ 33                         │
│ sky130_fd_sc_hd__a221oi                                                                                                         │ 4                          │
│ sky130_fd_sc_hd__a22o                                                                                                           │ 40                         │
│ sky130_fd_sc_hd__a2bb2oi                                                                                                        │ 1                          │
│ sky130_fd_sc_hd__a311o                                                                                                          │ 2                          │
│ sky130_fd_sc_hd__a311oi                                                                                                         │ 1                          │
│ sky130_fd_sc_hd__a31o                                                                                                           │ 27                         │
│ sky130_fd_sc_hd__a31oi                                                                                                          │ 6                          │
│ sky130_fd_sc_hd__a32o                                                                                                           │ 3                          │
│ sky130_fd_sc_hd__a41o                                                                                                           │ 2                          │
│ sky130_fd_sc_hd__and2                                                                                                           │ 46                         │
│ sky130_fd_sc_hd__and2b                                                                                                          │ 9                          │
│ sky130_fd_sc_hd__and3                                                                                                           │ 77                         │
│ sky130_fd_sc_hd__and3b                                                                                                          │ 1                          │
│ sky130_fd_sc_hd__and4                                                                                                           │ 3                          │
│ sky130_fd_sc_hd__and4b                                                                                                          │ 3                          │
│ sky130_fd_sc_hd__buf                                                                                                            │ 174                        │
│ sky130_fd_sc_hd__bufinv                                                                                                         │ 2                          │
│ sky130_fd_sc_hd__clkbuf                                                                                                         │ 334                        │
│ sky130_fd_sc_hd__clkinv                                                                                                         │ 8                          │
│ sky130_fd_sc_hd__clkinvlp                                                                                                       │ 5                          │
│ sky130_fd_sc_hd__decap                                                                                                          │ 3532                       │
│ sky130_fd_sc_hd__dfrtp                                                                                                          │ 314                        │
│ sky130_fd_sc_hd__diode                                                                                                          │ 14                         │
│ sky130_fd_sc_hd__dlygate4sd3                                                                                                    │ 113                        │
│ sky130_fd_sc_hd__dlymetal6s2s                                                                                                   │ 8                          │
│ sky130_fd_sc_hd__fill                                                                                                           │ 3112                       │
│ sky130_fd_sc_hd__inv                                                                                                            │ 1321                       │
│ sky130_fd_sc_hd__mux2                                                                                                           │ 109                        │
│ sky130_fd_sc_hd__nand2                                                                                                          │ 3588                       │
│ sky130_fd_sc_hd__nand2b                                                                                                         │ 49                         │
│ sky130_fd_sc_hd__nand3                                                                                                          │ 798                        │
│ sky130_fd_sc_hd__nand3b                                                                                                         │ 131                        │
│ sky130_fd_sc_hd__nor2                                                                                                           │ 341                        │
│ sky130_fd_sc_hd__nor2b                                                                                                          │ 6                          │
│ sky130_fd_sc_hd__nor3                                                                                                           │ 12                         │
│ sky130_fd_sc_hd__o2111a                                                                                                         │ 3                          │
│ sky130_fd_sc_hd__o2111ai                                                                                                        │ 1                          │
│ sky130_fd_sc_hd__o211a                                                                                                          │ 6                          │
│ sky130_fd_sc_hd__o211ai                                                                                                         │ 18                         │
│ sky130_fd_sc_hd__o21a                                                                                                           │ 45                         │
│ sky130_fd_sc_hd__o21ai                                                                                                          │ 234                        │
│ sky130_fd_sc_hd__o21ba                                                                                                          │ 7                          │
│ sky130_fd_sc_hd__o21bai                                                                                                         │ 8                          │
│ sky130_fd_sc_hd__o221a                                                                                                          │ 22                         │
│ sky130_fd_sc_hd__o22a                                                                                                           │ 10                         │
│ sky130_fd_sc_hd__o22ai                                                                                                          │ 1                          │
│ sky130_fd_sc_hd__o2bb2a                                                                                                         │ 1                          │
│ sky130_fd_sc_hd__o311ai                                                                                                         │ 1                          │
│ sky130_fd_sc_hd__o31a                                                                                                           │ 3                          │
│ sky130_fd_sc_hd__o31ai                                                                                                          │ 2                          │
│ sky130_fd_sc_hd__o32a                                                                                                           │ 1                          │
│ sky130_fd_sc_hd__or2                                                                                                            │ 203                        │
│ sky130_fd_sc_hd__or2b                                                                                                           │ 31                         │
│ sky130_fd_sc_hd__or3                                                                                                            │ 34                         │
│ sky130_fd_sc_hd__or3b                                                                                                           │ 4                          │
│ sky130_fd_sc_hd__or4                                                                                                            │ 26                         │
│ sky130_fd_sc_hd__or4b                                                                                                           │ 1                          │
│ sky130_fd_sc_hd__tapvpwrvgnd                                                                                                    │ 1525                       │
│ sky130_fd_sc_hd__xnor2                                                                                                          │ 39                         │
│ sky130_fd_sc_hd__xor2                                                                                                           │ 83                         │
└─────────────────────────────────────────────────────────────────────────────────────────────────────────────────────────────────┴────────────────────────────┘
