
===========================================================================
report_checks -unconstrained
===========================================================================
======================= min_ss_100C_1v60 Corner ===================================

Startpoint: rst (input port clocked by clk)
Endpoint: _15981_ (recovery check against rising-edge clock clk)
Path Group: asynchronous
Path Type: max

Fanout         Cap        Slew       Delay        Time   Description
---------------------------------------------------------------------------------------------
                                  0.000000    0.000000   clock clk (rise edge)
                                  0.000000    0.000000   clock network delay (propagated)
                                  5.000000    5.000000 v input external delay
     1    0.002792    0.018429    0.009187    5.009187 v rst (in)
                                                         rst (net)
                      0.018429    0.000000    5.009187 v input67/A (sky130_fd_sc_hd__clkbuf_1)
     1    0.004321    0.065604    0.151378    5.160565 v input67/X (sky130_fd_sc_hd__clkbuf_1)
                                                         net67 (net)
                      0.065604    0.000072    5.160637 v fanout307/A (sky130_fd_sc_hd__buf_4)
     5    0.077475    0.189180    0.375998    5.536636 v fanout307/X (sky130_fd_sc_hd__buf_4)
                                                         net307 (net)
                      0.189262    0.003666    5.540302 v fanout279/A (sky130_fd_sc_hd__buf_2)
     5    0.049294    0.226752    0.447689    5.987991 v fanout279/X (sky130_fd_sc_hd__buf_2)
                                                         net279 (net)
                      0.226752    0.000331    5.988322 v fanout278/A (sky130_fd_sc_hd__clkbuf_4)
     8    0.043440    0.168047    0.422308    6.410630 v fanout278/X (sky130_fd_sc_hd__clkbuf_4)
                                                         net278 (net)
                      0.168047    0.000574    6.411204 v fanout277/A (sky130_fd_sc_hd__buf_2)
     5    0.030583    0.151607    0.379350    6.790555 v fanout277/X (sky130_fd_sc_hd__buf_2)
                                                         net277 (net)
                      0.151607    0.000212    6.790767 v fanout276/A (sky130_fd_sc_hd__clkbuf_4)
     9    0.041128    0.160597    0.381209    7.171976 v fanout276/X (sky130_fd_sc_hd__clkbuf_4)
                                                         net276 (net)
                      0.160597    0.000604    7.172581 v fanout275/A (sky130_fd_sc_hd__clkbuf_4)
     7    0.038321    0.151807    0.378217    7.550797 v fanout275/X (sky130_fd_sc_hd__clkbuf_4)
                                                         net275 (net)
                      0.151807    0.000422    7.551219 v _15667_/A (sky130_fd_sc_hd__inv_2)
     1    0.003983    0.057582    0.104058    7.655278 ^ _15667_/Y (sky130_fd_sc_hd__inv_2)
                                                         _00229_ (net)
                      0.057582    0.000036    7.655314 ^ _15981_/RESET_B (sky130_fd_sc_hd__dfrtp_1)
                                              7.655314   data arrival time

                                 25.000000   25.000000   clock clk (rise edge)
                                  0.000000   25.000000   clock source latency
     1    0.038094    0.276961    0.193557   25.193556 ^ clk (in)
                                                         clk (net)
                      0.277085    0.000000   25.193556 ^ clkbuf_0_clk/A (sky130_fd_sc_hd__clkbuf_16)
     2    0.039664    0.094950    0.341553   25.535109 ^ clkbuf_0_clk/X (sky130_fd_sc_hd__clkbuf_16)
                                                         clknet_0_clk (net)
                      0.094960    0.001048   25.536158 ^ clkbuf_1_0__f_clk/A (sky130_fd_sc_hd__clkbuf_16)
    14    0.140105    0.233259    0.369550   25.905706 ^ clkbuf_1_0__f_clk/X (sky130_fd_sc_hd__clkbuf_16)
                                                         clknet_1_0__leaf_clk (net)
                      0.233345    0.004231   25.909939 ^ clkbuf_leaf_7_clk/A (sky130_fd_sc_hd__clkbuf_8)
    14    0.049768    0.153626    0.370717   26.280655 ^ clkbuf_leaf_7_clk/X (sky130_fd_sc_hd__clkbuf_8)
                                                         clknet_leaf_7_clk (net)
                      0.153626    0.000385   26.281040 ^ _15981_/CLK (sky130_fd_sc_hd__dfrtp_1)
                                 -0.250000   26.031042   clock uncertainty
                                  0.000000   26.031042   clock reconvergence pessimism
                                  0.495001   26.526043   library recovery time
                                             26.526043   data required time
---------------------------------------------------------------------------------------------
                                             26.526043   data required time
                                             -7.655314   data arrival time
---------------------------------------------------------------------------------------------
                                             18.870729   slack (MET)


Startpoint: _15988_ (rising edge-triggered flip-flop clocked by clk)
Endpoint: _16084_ (rising edge-triggered flip-flop clocked by clk)
Path Group: clk
Path Type: max

Fanout         Cap        Slew       Delay        Time   Description
---------------------------------------------------------------------------------------------
                                  0.000000    0.000000   clock clk (rise edge)
                                  0.000000    0.000000   clock source latency
     1    0.038094    0.276961    0.193558    0.193558 ^ clk (in)
                                                         clk (net)
                      0.277085    0.000000    0.193558 ^ clkbuf_0_clk/A (sky130_fd_sc_hd__clkbuf_16)
     2    0.039664    0.094950    0.341553    0.535110 ^ clkbuf_0_clk/X (sky130_fd_sc_hd__clkbuf_16)
                                                         clknet_0_clk (net)
                      0.094960    0.001047    0.536158 ^ clkbuf_1_0__f_clk/A (sky130_fd_sc_hd__clkbuf_16)
    14    0.140105    0.233259    0.369550    0.905708 ^ clkbuf_1_0__f_clk/X (sky130_fd_sc_hd__clkbuf_16)
                                                         clknet_1_0__leaf_clk (net)
                      0.233351    0.004341    0.910048 ^ clkbuf_leaf_6_clk/A (sky130_fd_sc_hd__clkbuf_8)
    21    0.057878    0.173341    0.385779    1.295827 ^ clkbuf_leaf_6_clk/X (sky130_fd_sc_hd__clkbuf_8)
                                                         clknet_leaf_6_clk (net)
                      0.173341    0.000375    1.296203 ^ _15988_/CLK (sky130_fd_sc_hd__dfrtp_4)
     4    0.077004    0.289411    1.245480    2.541682 v _15988_/Q (sky130_fd_sc_hd__dfrtp_4)
                                                         adder_inst.man_b_r[4] (net)
                      0.289411    0.001086    2.542768 v fanout163/A (sky130_fd_sc_hd__clkbuf_4)
     5    0.052757    0.198530    0.473395    3.016163 v fanout163/X (sky130_fd_sc_hd__clkbuf_4)
                                                         net163 (net)
                      0.198530    0.000129    3.016292 v fanout162/A (sky130_fd_sc_hd__clkbuf_4)
    10    0.056445    0.209680    0.440957    3.457249 v fanout162/X (sky130_fd_sc_hd__clkbuf_4)
                                                         net162 (net)
                      0.209720    0.002868    3.460117 v _09430_/B (sky130_fd_sc_hd__nand2_1)
     2    0.010670    0.177710    0.244971    3.705088 ^ _09430_/Y (sky130_fd_sc_hd__nand2_1)
                                                         _01729_ (net)
                      0.177710    0.000132    3.705220 ^ _09431_/A (sky130_fd_sc_hd__nand2_1)
     3    0.011176    0.199249    0.240582    3.945801 v _09431_/Y (sky130_fd_sc_hd__nand2_1)
                                                         _01730_ (net)
                      0.199249    0.000155    3.945957 v _09446_/A1 (sky130_fd_sc_hd__a21oi_1)
     3    0.011003    0.427973    0.449290    4.395247 ^ _09446_/Y (sky130_fd_sc_hd__a21oi_1)
                                                         _01745_ (net)
                      0.427973    0.000121    4.395368 ^ _09447_/B (sky130_fd_sc_hd__nand2_1)
     4    0.011040    0.219198    0.336444    4.731812 v _09447_/Y (sky130_fd_sc_hd__nand2_1)
                                                         _01746_ (net)
                      0.219198    0.000044    4.731856 v _09476_/A1 (sky130_fd_sc_hd__a21oi_1)
     3    0.011716    0.450062    0.474593    5.206449 ^ _09476_/Y (sky130_fd_sc_hd__a21oi_1)
                                                         _01775_ (net)
                      0.450062    0.000113    5.206562 ^ _09477_/A (sky130_fd_sc_hd__nand3_1)
     2    0.006574    0.244633    0.343931    5.550493 v _09477_/Y (sky130_fd_sc_hd__nand3_1)
                                                         _01776_ (net)
                      0.244633    0.000069    5.550562 v _09500_/B (sky130_fd_sc_hd__nand3_1)
     1    0.002782    0.107693    0.204925    5.755486 ^ _09500_/Y (sky130_fd_sc_hd__nand3_1)
                                                         _01799_ (net)
                      0.107693    0.000024    5.755511 ^ _09501_/B (sky130_fd_sc_hd__nand2_1)
     4    0.014046    0.241783    0.252539    6.008050 v _09501_/Y (sky130_fd_sc_hd__nand2_1)
                                                         _01800_ (net)
                      0.241783    0.000146    6.008195 v _09506_/A2 (sky130_fd_sc_hd__a21oi_1)
     3    0.011607    0.447009    0.503633    6.511828 ^ _09506_/Y (sky130_fd_sc_hd__a21oi_1)
                                                         _01805_ (net)
                      0.447009    0.000160    6.511989 ^ _09516_/A (sky130_fd_sc_hd__nand3_1)
     4    0.011412    0.338192    0.434400    6.946388 v _09516_/Y (sky130_fd_sc_hd__nand3_1)
                                                         _01815_ (net)
                      0.338192    0.000068    6.946456 v _09547_/A1 (sky130_fd_sc_hd__a21oi_1)
     3    0.011835    0.454150    0.525724    7.472180 ^ _09547_/Y (sky130_fd_sc_hd__a21oi_1)
                                                         _01846_ (net)
                      0.454150    0.000157    7.472338 ^ _09556_/A (sky130_fd_sc_hd__nand3_1)
     4    0.012858    0.369352    0.461712    7.934049 v _09556_/Y (sky130_fd_sc_hd__nand3_1)
                                                         _01855_ (net)
                      0.369352    0.000089    7.934138 v _09566_/A1 (sky130_fd_sc_hd__a21oi_1)
     3    0.012403    0.471558    0.551707    8.485846 ^ _09566_/Y (sky130_fd_sc_hd__a21oi_1)
                                                         _01865_ (net)
                      0.471558    0.000140    8.485986 ^ _09567_/A (sky130_fd_sc_hd__inv_2)
     2    0.005369    0.098021    0.172644    8.658629 v _09567_/Y (sky130_fd_sc_hd__inv_2)
                                                         _01866_ (net)
                      0.098021    0.000017    8.658647 v _09568_/B (sky130_fd_sc_hd__nand2_1)
     4    0.013008    0.206742    0.215207    8.873854 ^ _09568_/Y (sky130_fd_sc_hd__nand2_1)
                                                         _01867_ (net)
                      0.206742    0.000128    8.873981 ^ _09572_/A_N (sky130_fd_sc_hd__nand3b_1)
     3    0.009386    0.198355    0.304928    9.178909 ^ _09572_/Y (sky130_fd_sc_hd__nand3b_1)
                                                         _01871_ (net)
                      0.198355    0.000087    9.178996 ^ _10158_/A (sky130_fd_sc_hd__nand2_1)
     2    0.007463    0.149670    0.205058    9.384055 v _10158_/Y (sky130_fd_sc_hd__nand2_1)
                                                         _02457_ (net)
                      0.149670    0.000034    9.384089 v _10160_/A (sky130_fd_sc_hd__nor2_1)
     2    0.006518    0.237149    0.275204    9.659292 ^ _10160_/Y (sky130_fd_sc_hd__nor2_1)
                                                         _02459_ (net)
                      0.237149    0.000080    9.659372 ^ _10161_/C (sky130_fd_sc_hd__nand3_1)
     2    0.005306    0.182691    0.266572    9.925944 v _10161_/Y (sky130_fd_sc_hd__nand3_1)
                                                         _02460_ (net)
                      0.182691    0.000059    9.926003 v _10688_/B (sky130_fd_sc_hd__nor2_1)
     1    0.002730    0.138022    0.184194   10.110196 ^ _10688_/Y (sky130_fd_sc_hd__nor2_1)
                                                         _02987_ (net)
                      0.138022    0.000013   10.110209 ^ _10689_/B (sky130_fd_sc_hd__nand2_1)
     1    0.004484    0.103412    0.151597   10.261806 v _10689_/Y (sky130_fd_sc_hd__nand2_1)
                                                         _02988_ (net)
                      0.103412    0.000038   10.261845 v _10690_/B (sky130_fd_sc_hd__nand2_2)
     5    0.030943    0.268988    0.264575   10.526420 ^ _10690_/Y (sky130_fd_sc_hd__nand2_2)
                                                         _02989_ (net)
                      0.269020    0.002409   10.528829 ^ _12233_/A (sky130_fd_sc_hd__nand2_1)
     1    0.006356    0.138921    0.217868   10.746696 v _12233_/Y (sky130_fd_sc_hd__nand2_1)
                                                         _04532_ (net)
                      0.138921    0.000101   10.746798 v _12251_/A (sky130_fd_sc_hd__nand2_2)
     5    0.033283    0.287087    0.280917   11.027714 ^ _12251_/Y (sky130_fd_sc_hd__nand2_2)
                                                         _04550_ (net)
                      0.287123    0.002664   11.030377 ^ _13064_/A (sky130_fd_sc_hd__nand2_1)
     1    0.002628    0.098231    0.169974   11.200352 v _13064_/Y (sky130_fd_sc_hd__nand2_1)
                                                         _05363_ (net)
                      0.098231    0.000023   11.200376 v _13085_/A (sky130_fd_sc_hd__nand2_1)
     4    0.011548    0.187020    0.190444   11.390820 ^ _13085_/Y (sky130_fd_sc_hd__nand2_1)
                                                         _05384_ (net)
                      0.187021    0.000361   11.391181 ^ _13286_/A (sky130_fd_sc_hd__nand2_1)
     2    0.010937    0.195865    0.241483   11.632664 v _13286_/Y (sky130_fd_sc_hd__nand2_1)
                                                         _05585_ (net)
                      0.195865    0.000348   11.633012 v _13293_/A (sky130_fd_sc_hd__nand2_1)
     2    0.006057    0.115008    0.180746   11.813758 ^ _13293_/Y (sky130_fd_sc_hd__nand2_1)
                                                         _05592_ (net)
                      0.115008    0.000068   11.813826 ^ _13332_/A (sky130_fd_sc_hd__nand2_1)
     1    0.002948    0.077450    0.114882   11.928708 v _13332_/Y (sky130_fd_sc_hd__nand2_1)
                                                         _05631_ (net)
                      0.077450    0.000020   11.928728 v _13334_/A (sky130_fd_sc_hd__nand2_1)
     2    0.004424    0.089914    0.109085   12.037813 ^ _13334_/Y (sky130_fd_sc_hd__nand2_1)
                                                         _05633_ (net)
                      0.089914    0.000039   12.037852 ^ _13342_/A (sky130_fd_sc_hd__nand2_1)
     3    0.014223    0.247389    0.240247   12.278099 v _13342_/Y (sky130_fd_sc_hd__nand2_1)
                                                         _05641_ (net)
                      0.247389    0.000036   12.278134 v _13343_/A (sky130_fd_sc_hd__nand2_1)
     1    0.009217    0.159744    0.235195   12.513330 ^ _13343_/Y (sky130_fd_sc_hd__nand2_1)
                                                         _05642_ (net)
                      0.159744    0.000085   12.513414 ^ _13347_/A (sky130_fd_sc_hd__nand2_4)
    10    0.042594    0.198291    0.226390   12.739804 v _13347_/Y (sky130_fd_sc_hd__nand2_4)
                                                         _05646_ (net)
                      0.198312    0.001683   12.741488 v _13363_/A (sky130_fd_sc_hd__nand2_1)
     2    0.010276    0.198175    0.224614   12.966102 ^ _13363_/Y (sky130_fd_sc_hd__nand2_1)
                                                         _05662_ (net)
                      0.198175    0.000060   12.966162 ^ _13364_/A (sky130_fd_sc_hd__buf_6)
    10    0.038824    0.136467    0.290842   13.257004 ^ _13364_/X (sky130_fd_sc_hd__buf_6)
                                                         _05663_ (net)
                      0.136467    0.000260   13.257264 ^ _13391_/A (sky130_fd_sc_hd__buf_6)
    10    0.037144    0.131314    0.259213   13.516478 ^ _13391_/X (sky130_fd_sc_hd__buf_6)
                                                         _05690_ (net)
                      0.131314    0.000334   13.516811 ^ _13438_/A (sky130_fd_sc_hd__nand2_1)
     1    0.002293    0.100842    0.112834   13.629645 v _13438_/Y (sky130_fd_sc_hd__nand2_1)
                                                         _05737_ (net)
                      0.100842    0.000020   13.629664 v _13439_/B1 (sky130_fd_sc_hd__o21ai_1)
     3    0.010344    0.381920    0.255284   13.884949 ^ _13439_/Y (sky130_fd_sc_hd__o21ai_1)
                                                         _05738_ (net)
                      0.381920    0.000214   13.885162 ^ _13440_/C (sky130_fd_sc_hd__nand3_1)
     4    0.011212    0.325087    0.415295   14.300458 v _13440_/Y (sky130_fd_sc_hd__nand3_1)
                                                         _05739_ (net)
                      0.325087    0.000118   14.300576 v _13441_/B (sky130_fd_sc_hd__nor2_1)
     5    0.019333    0.588984    0.586494   14.887070 ^ _13441_/Y (sky130_fd_sc_hd__nor2_1)
                                                         _05740_ (net)
                      0.588984    0.000424   14.887493 ^ _15404_/A (sky130_fd_sc_hd__nand2_1)
     3    0.006996    0.208406    0.337127   15.224620 v _15404_/Y (sky130_fd_sc_hd__nand2_1)
                                                         _07630_ (net)
                      0.208406    0.000039   15.224659 v _15408_/B (sky130_fd_sc_hd__nor2_1)
     2    0.007408    0.262007    0.291992   15.516651 ^ _15408_/Y (sky130_fd_sc_hd__nor2_1)
                                                         _07633_ (net)
                      0.262007    0.000025   15.516676 ^ _15417_/A (sky130_fd_sc_hd__nand2_1)
     3    0.009396    0.180446    0.253085   15.769761 v _15417_/Y (sky130_fd_sc_hd__nand2_1)
                                                         _07642_ (net)
                      0.180446    0.000126   15.769887 v _15422_/B (sky130_fd_sc_hd__nor2_1)
     4    0.014797    0.458337    0.433589   16.203476 ^ _15422_/Y (sky130_fd_sc_hd__nor2_1)
                                                         _07647_ (net)
                      0.458337    0.000270   16.203747 ^ _15423_/A (sky130_fd_sc_hd__inv_2)
     2    0.005571    0.094839    0.172042   16.375788 v _15423_/Y (sky130_fd_sc_hd__inv_2)
                                                         _07648_ (net)
                      0.094839    0.000037   16.375826 v _15425_/A (sky130_fd_sc_hd__nand2_1)
     1    0.005330    0.102048    0.126287   16.502111 ^ _15425_/Y (sky130_fd_sc_hd__nand2_1)
                                                         _07650_ (net)
                      0.102048    0.000059   16.502171 ^ _15426_/A (sky130_fd_sc_hd__inv_2)
     2    0.009089    0.049605    0.087809   16.589979 v _15426_/Y (sky130_fd_sc_hd__inv_2)
                                                         _07651_ (net)
                      0.049605    0.000147   16.590128 v _15427_/A0 (sky130_fd_sc_hd__mux2_1)
     1    0.002644    0.111836    0.618773   17.208900 v _15427_/X (sky130_fd_sc_hd__mux2_1)
                                                         _07652_ (net)
                      0.111836    0.000027   17.208927 v _15428_/A (sky130_fd_sc_hd__clkbuf_1)
     1    0.002162    0.045779    0.173539   17.382465 v _15428_/X (sky130_fd_sc_hd__clkbuf_1)
                                                         multiplier_inst.man_final[10] (net)
                      0.045779    0.000011   17.382477 v _16084_/D (sky130_fd_sc_hd__dfrtp_1)
                                             17.382477   data arrival time

                                 25.000000   25.000000   clock clk (rise edge)
                                  0.000000   25.000000   clock source latency
     1    0.038094    0.276961    0.193557   25.193556 ^ clk (in)
                                                         clk (net)
                      0.277085    0.000000   25.193556 ^ clkbuf_0_clk/A (sky130_fd_sc_hd__clkbuf_16)
     2    0.039664    0.094950    0.341553   25.535109 ^ clkbuf_0_clk/X (sky130_fd_sc_hd__clkbuf_16)
                                                         clknet_0_clk (net)
                      0.094959    0.001007   25.536116 ^ clkbuf_1_1__f_clk/A (sky130_fd_sc_hd__clkbuf_16)
    13    0.121650    0.207076    0.349603   25.885719 ^ clkbuf_1_1__f_clk/X (sky130_fd_sc_hd__clkbuf_16)
                                                         clknet_1_1__leaf_clk (net)
                      0.207136    0.003416   25.889135 ^ clkbuf_leaf_20_clk/A (sky130_fd_sc_hd__clkbuf_8)
    19    0.065899    0.192808    0.388871   26.278006 ^ clkbuf_leaf_20_clk/X (sky130_fd_sc_hd__clkbuf_8)
                                                         clknet_leaf_20_clk (net)
                      0.192808    0.000442   26.278448 ^ _16084_/CLK (sky130_fd_sc_hd__dfrtp_1)
                                 -0.250000   26.028450   clock uncertainty
                                  0.000000   26.028450   clock reconvergence pessimism
                                 -0.233758   25.794691   library setup time
                                             25.794691   data required time
---------------------------------------------------------------------------------------------
                                             25.794691   data required time
                                            -17.382477   data arrival time
---------------------------------------------------------------------------------------------
                                              8.412215   slack (MET)




===========================================================================
report_checks --slack_max -0.01
============================================================================
======================= min_ss_100C_1v60 Corner ===================================

No paths found.


===========================================================================
 report_check_types -max_slew -max_cap -max_fanout -violators
============================================================================
======================= min_ss_100C_1v60 Corner ===================================

max slew

Pin                                        Limit        Slew       Slack
------------------------------------------------------------------------
_15265_/A                               0.750000    0.781973   -0.031973 (VIOLATED)
_15287_/A                               0.750000    0.781973   -0.031973 (VIOLATED)
_15242_/A                               0.750000    0.781973   -0.031973 (VIOLATED)
_15289_/A                               0.750000    0.781971   -0.031971 (VIOLATED)
_15241_/Y                               0.750000    0.781963   -0.031963 (VIOLATED)

max fanout

Pin                                   Limit Fanout  Slack
---------------------------------------------------------
clkbuf_leaf_11_clk/X                     10     25    -15 (VIOLATED)
clkbuf_leaf_13_clk/X                     10     25    -15 (VIOLATED)
clkbuf_leaf_15_clk/X                     10     25    -15 (VIOLATED)
clkbuf_leaf_18_clk/X                     10     22    -12 (VIOLATED)
clkbuf_leaf_6_clk/X                      10     21    -11 (VIOLATED)
clkbuf_leaf_20_clk/X                     10     19     -9 (VIOLATED)
clkbuf_leaf_24_clk/X                     10     19     -9 (VIOLATED)
clkbuf_leaf_0_clk/X                      10     18     -8 (VIOLATED)
clkbuf_leaf_19_clk/X                     10     18     -8 (VIOLATED)
clkbuf_leaf_3_clk/X                      10     15     -5 (VIOLATED)
clkbuf_leaf_5_clk/X                      10     15     -5 (VIOLATED)
clkbuf_1_0__f_clk/X                      10     14     -4 (VIOLATED)
clkbuf_leaf_14_clk/X                     10     14     -4 (VIOLATED)
clkbuf_leaf_7_clk/X                      10     14     -4 (VIOLATED)
clkbuf_1_1__f_clk/X                      10     13     -3 (VIOLATED)
clkbuf_leaf_12_clk/X                     10     11        (VIOLATED)
clkbuf_leaf_8_clk/X                      10     11        (VIOLATED)
fanout151/X                              10     11        (VIOLATED)
fanout165/X                              10     11        (VIOLATED)
fanout188/X                              10     11        (VIOLATED)
fanout194/X                              10     11        (VIOLATED)
fanout197/X                              10     11        (VIOLATED)
fanout221/X                              10     11        (VIOLATED)



===========================================================================
report_parasitic_annotation -report_unannotated
============================================================================
Found 23 unannotated drivers.
 clkload0/Y
 clkload1/Y
 clkload10/Y
 clkload11/Y
 clkload12/Y
 clkload13/Y
 clkload14/X
 clkload15/Y
 clkload16/X
 clkload17/Y
 clkload18/Y
 clkload19/Y
 clkload2/Y
 clkload20/Y
 clkload21/Y
 clkload22/Y
 clkload3/Y
 clkload4/Y
 clkload5/Y
 clkload6/Y
 clkload7/Y
 clkload8/Y
 clkload9/Y
Found 0 partially unannotated drivers.

===========================================================================
max slew violation count 5
max fanout violation count 23
max cap violation count 0
============================================================================

===========================================================================
check_setup -verbose -unconstrained_endpoints -multiple_clock -no_clock -no_input_delay -loops -generated_clocks
===========================================================================
