Clock: clk
Sources: clk 
Generated: no
Virtual: yes
Propagated: no
Period: 25.000000

===========================================================================
report_clock_properties
============================================================================
Clock                   Period          Waveform
----------------------------------------------------
clk                  25.000000    0.000000 12.500000

===========================================================================
report_clock_latency
============================================================================
Clock clk
rise -> rise
    min     max
0.000000 0.000000 source latency
0.908262         network latency _15928_/CLK
        1.296656 network latency _15987_/CLK
---------------
0.908262 1.296656 latency
        0.388393 skew

fall -> fall
    min     max
0.000000 0.000000 source latency
0.801030         network latency _15928_/CLK
        1.158578 network latency _15987_/CLK
---------------
0.801030 1.158578 latency
        0.357549 skew



===========================================================================
report_clock_min_period
============================================================================
clk period_min = 16.59 fmax = 60.29
