
===========================================================================
 report_power
============================================================================
======================= nom_tt_025C_1v80 Corner ===================================

Group                    Internal    Switching      Leakage        Total
                            Power        Power        Power        Power (Watts)
------------------------------------------------------------------------
Sequential           6.440409e-04 1.328659e-04 3.454746e-09 7.769103e-04  13.0%
Combinational        2.438702e-03 2.755666e-03 2.839795e-08 5.194396e-03  87.0%
Clock                0.000000e+00 0.000000e+00 0.000000e+00 0.000000e+00   0.0%
Macro                0.000000e+00 0.000000e+00 0.000000e+00 0.000000e+00   0.0%
Pad                  0.000000e+00 0.000000e+00 0.000000e+00 0.000000e+00   0.0%
------------------------------------------------------------------------
Total                3.082742e-03 2.888533e-03 3.185265e-08 5.971306e-03 100.0%
                            51.6%        48.4%         0.0%

