
===========================================================================
 report_power
============================================================================
======================= nom_tt_025C_1v80 Corner ===================================

Group                    Internal    Switching      Leakage        Total
                            Power        Power        Power        Power (Watts)
------------------------------------------------------------------------
Sequential           8.281971e-04 7.766088e-05 3.756552e-09 9.058617e-04  11.3%
Combinational        3.251228e-03 3.414492e-03 1.922115e-08 6.665739e-03  83.4%
Clock                1.853334e-04 2.379290e-04 1.120846e-09 4.232634e-04   5.3%
Macro                0.000000e+00 0.000000e+00 0.000000e+00 0.000000e+00   0.0%
Pad                  0.000000e+00 0.000000e+00 0.000000e+00 0.000000e+00   0.0%
------------------------------------------------------------------------
Total                4.264758e-03 3.730080e-03 2.409865e-08 7.994863e-03 100.0%
                            53.3%        46.7%         0.0%
Writing metric power__internal__total: 0.004264758434146643
Writing metric power__switching__total: 0.003730080323293805
Writing metric power__leakage__total: 2.4098653739201836e-8
Writing metric power__total: 0.007994863204658031

