
===========================================================================
report_checks -unconstrained
===========================================================================
======================= nom_tt_025C_1v80 Corner ===================================

Startpoint: rst (input port clocked by clk)
Endpoint: _9217_ (recovery check against rising-edge clock clk)
Path Group: asynchronous
Path Type: max

Fanout         Cap        Slew       Delay        Time   Description
---------------------------------------------------------------------------------------------
                                  0.000000    0.000000   clock clk (rise edge)
                                  0.000000    0.000000   clock network delay (propagated)
                                  3.000000    3.000000 v input external delay
     2    0.003674    0.010661    0.005906    3.005906 v rst (in)
                                                         rst (net)
                      0.010661    0.000000    3.005906 v input67/A (sky130_fd_sc_hd__clkbuf_2)
     5    0.044551    0.169522    0.199037    3.204943 v input67/X (sky130_fd_sc_hd__clkbuf_2)
                                                         net67 (net)
                      0.169527    0.000768    3.205711 v fanout523/A (sky130_fd_sc_hd__buf_4)
    17    0.089338    0.117404    0.273523    3.479234 v fanout523/X (sky130_fd_sc_hd__buf_4)
                                                         net523 (net)
                      0.117405    0.000908    3.480142 v fanout518/A (sky130_fd_sc_hd__clkbuf_2)
    11    0.040496    0.154615    0.236092    3.716234 v fanout518/X (sky130_fd_sc_hd__clkbuf_2)
                                                         net518 (net)
                      0.154615    0.000402    3.716637 v fanout517/A (sky130_fd_sc_hd__clkbuf_4)
    15    0.052099    0.109337    0.257294    3.973931 v fanout517/X (sky130_fd_sc_hd__clkbuf_4)
                                                         net517 (net)
                      0.109340    0.000853    3.974783 v fanout516/A (sky130_fd_sc_hd__clkbuf_4)
     8    0.040972    0.091591    0.221492    4.196275 v fanout516/X (sky130_fd_sc_hd__clkbuf_4)
                                                         net516 (net)
                      0.091592    0.000498    4.196774 v fanout515/A (sky130_fd_sc_hd__buf_4)
    10    0.059570    0.084527    0.214242    4.411015 v fanout515/X (sky130_fd_sc_hd__buf_4)
                                                         net515 (net)
                      0.084707    0.003381    4.414396 v _8903_/A (sky130_fd_sc_hd__inv_2)
     1    0.005067    0.038217    0.063423    4.477819 ^ _8903_/Y (sky130_fd_sc_hd__inv_2)
                                                         _0127_ (net)
                      0.038217    0.000126    4.477946 ^ _9217_/RESET_B (sky130_fd_sc_hd__dfrtp_1)
                                              4.477946   data arrival time

                                 15.000000   15.000000   clock clk (rise edge)
                                  0.000000   15.000000   clock source latency
     2    0.053872    0.245471    0.174401   15.174401 ^ clk (in)
                                                         clk (net)
                      0.245862    0.000000   15.174401 ^ clkbuf_0_clk/A (sky130_fd_sc_hd__clkbuf_16)
     9    0.085879    0.104356    0.240140   15.414541 ^ clkbuf_0_clk/X (sky130_fd_sc_hd__clkbuf_16)
                                                         clknet_0_clk (net)
                      0.104777    0.004908   15.419449 ^ clkbuf_2_1__f_clk/A (sky130_fd_sc_hd__clkbuf_16)
    17    0.104317    0.120560    0.208811   15.628260 ^ clkbuf_2_1__f_clk/X (sky130_fd_sc_hd__clkbuf_16)
                                                         clknet_2_1__leaf_clk (net)
                      0.121383    0.007999   15.636259 ^ clkbuf_leaf_5_clk/A (sky130_fd_sc_hd__clkbuf_8)
    12    0.044835    0.089669    0.190656   15.826916 ^ clkbuf_leaf_5_clk/X (sky130_fd_sc_hd__clkbuf_8)
                                                         clknet_leaf_5_clk (net)
                      0.089672    0.000622   15.827538 ^ _9217_/CLK (sky130_fd_sc_hd__dfrtp_1)
                                 -0.250000   15.577538   clock uncertainty
                                  0.000000   15.577538   clock reconvergence pessimism
                                  0.245772   15.823309   library recovery time
                                             15.823309   data required time
---------------------------------------------------------------------------------------------
                                             15.823309   data required time
                                             -4.477946   data arrival time
---------------------------------------------------------------------------------------------
                                             11.345364   slack (MET)


Startpoint: _9326_ (rising edge-triggered flip-flop clocked by clk)
Endpoint: _9411_ (rising edge-triggered flip-flop clocked by clk)
Path Group: clk
Path Type: max

Fanout         Cap        Slew       Delay        Time   Description
---------------------------------------------------------------------------------------------
                                  0.000000    0.000000   clock clk (rise edge)
                                  0.000000    0.000000   clock source latency
     2    0.053872    0.245471    0.174400    0.174400 ^ clk (in)
                                                         clk (net)
                      0.245862    0.000000    0.174400 ^ clkbuf_0_clk/A (sky130_fd_sc_hd__clkbuf_16)
     9    0.085879    0.104356    0.240141    0.414541 ^ clkbuf_0_clk/X (sky130_fd_sc_hd__clkbuf_16)
                                                         clknet_0_clk (net)
                      0.104685    0.004250    0.418791 ^ clkbuf_2_0__f_clk/A (sky130_fd_sc_hd__clkbuf_16)
    15    0.101034    0.117460    0.204517    0.623309 ^ clkbuf_2_0__f_clk/X (sky130_fd_sc_hd__clkbuf_16)
                                                         clknet_2_0__leaf_clk (net)
                      0.119112    0.011088    0.634397 ^ clkbuf_leaf_0_clk/A (sky130_fd_sc_hd__clkbuf_8)
    16    0.050388    0.098496    0.196426    0.830822 ^ clkbuf_leaf_0_clk/X (sky130_fd_sc_hd__clkbuf_8)
                                                         clknet_leaf_0_clk (net)
                      0.098502    0.000910    0.831732 ^ _9326_/CLK (sky130_fd_sc_hd__dfrtp_2)
     5    0.038571    0.190672    0.482426    1.314159 ^ _9326_/Q (sky130_fd_sc_hd__dfrtp_2)
                                                         adder_inst.man_b_r[4] (net)
                      0.190741    0.003452    1.317611 ^ fanout316/A (sky130_fd_sc_hd__buf_2)
    11    0.058921    0.286738    0.323761    1.641372 ^ fanout316/X (sky130_fd_sc_hd__buf_2)
                                                         net316 (net)
                      0.286897    0.005599    1.646971 ^ fanout315/A (sky130_fd_sc_hd__buf_2)
    21    0.061236    0.297211    0.356377    2.003348 ^ fanout315/X (sky130_fd_sc_hd__buf_2)
                                                         net315 (net)
                      0.297213    0.000663    2.004011 ^ fanout314/A (sky130_fd_sc_hd__buf_2)
    10    0.040261    0.198937    0.290849    2.294860 ^ fanout314/X (sky130_fd_sc_hd__buf_2)
                                                         net314 (net)
                      0.199068    0.002952    2.297811 ^ _6271_/C (sky130_fd_sc_hd__and4_1)
     2    0.006995    0.091610    0.245553    2.543365 ^ _6271_/X (sky130_fd_sc_hd__and4_1)
                                                         _1901_ (net)
                      0.091610    0.000254    2.543619 ^ _6273_/A (sky130_fd_sc_hd__nor2_1)
     1    0.004957    0.059535    0.062785    2.606404 v _6273_/Y (sky130_fd_sc_hd__nor2_1)
                                                         _1903_ (net)
                      0.059535    0.000145    2.606550 v _6274_/B (sky130_fd_sc_hd__xnor2_1)
     3    0.010901    0.274347    0.254134    2.860684 ^ _6274_/Y (sky130_fd_sc_hd__xnor2_1)
                                                         _1904_ (net)
                      0.274347    0.000301    2.860985 ^ _6276_/A2 (sky130_fd_sc_hd__a21bo_1)
     2    0.015345    0.135317    0.225568    3.086552 ^ _6276_/X (sky130_fd_sc_hd__a21bo_1)
                                                         _1906_ (net)
                      0.135317    0.000492    3.087044 ^ _6279_/B1 (sky130_fd_sc_hd__a21o_1)
     3    0.018361    0.164134    0.190868    3.277913 ^ _6279_/X (sky130_fd_sc_hd__a21o_1)
                                                         _1909_ (net)
                      0.164137    0.000978    3.278891 ^ rebuffer15/A (sky130_fd_sc_hd__buf_2)
     1    0.005617    0.040262    0.141446    3.420337 ^ rebuffer15/X (sky130_fd_sc_hd__buf_2)
                                                         net564 (net)
                      0.040262    0.000167    3.420504 ^ _6378_/A2 (sky130_fd_sc_hd__a21oi_2)
     2    0.011301    0.067217    0.067372    3.487876 v _6378_/Y (sky130_fd_sc_hd__a21oi_2)
                                                         _2008_ (net)
                      0.067220    0.000234    3.488110 v _6380_/A1 (sky130_fd_sc_hd__o211a_1)
     3    0.009962    0.069690    0.262601    3.750711 v _6380_/X (sky130_fd_sc_hd__o211a_1)
                                                         _2010_ (net)
                      0.069690    0.000328    3.751039 v _6397_/A (sky130_fd_sc_hd__or4bb_4)
     2    0.014211    0.102635    0.573004    4.324043 v _6397_/X (sky130_fd_sc_hd__or4bb_4)
                                                         _2027_ (net)
                      0.102635    0.000348    4.324391 v _6474_/A2 (sky130_fd_sc_hd__a211oi_4)
     2    0.013170    0.239071    0.308250    4.632641 ^ _6474_/Y (sky130_fd_sc_hd__a211oi_4)
                                                         _2104_ (net)
                      0.239072    0.000426    4.633067 ^ _6480_/A (sky130_fd_sc_hd__nor3b_4)
     4    0.020512    0.079387    0.102123    4.735190 v _6480_/Y (sky130_fd_sc_hd__nor3b_4)
                                                         _2110_ (net)
                      0.079388    0.000418    4.735608 v rebuffer63/A (sky130_fd_sc_hd__clkbuf_1)
     1    0.004503    0.035601    0.110729    4.846337 v rebuffer63/X (sky130_fd_sc_hd__clkbuf_1)
                                                         net612 (net)
                      0.035601    0.000129    4.846466 v _6554_/C1 (sky130_fd_sc_hd__a211o_4)
     4    0.016135    0.067687    0.286357    5.132823 v _6554_/X (sky130_fd_sc_hd__a211o_4)
                                                         _2184_ (net)
                      0.067687    0.000209    5.133031 v _6557_/B (sky130_fd_sc_hd__nand3_1)
     2    0.011690    0.142431    0.147808    5.280840 ^ _6557_/Y (sky130_fd_sc_hd__nand3_1)
                                                         _2187_ (net)
                      0.142432    0.000320    5.281160 ^ _6559_/A2 (sky130_fd_sc_hd__a211o_1)
     3    0.006490    0.069054    0.161947    5.443107 ^ _6559_/X (sky130_fd_sc_hd__a211o_1)
                                                         _2189_ (net)
                      0.069054    0.000145    5.443251 ^ _6619_/C_N (sky130_fd_sc_hd__or4bb_4)
     3    0.022585    0.116988    0.580051    6.023302 v _6619_/X (sky130_fd_sc_hd__or4bb_4)
                                                         _2249_ (net)
                      0.116988    0.001248    6.024550 v _6620_/A1 (sky130_fd_sc_hd__o21bai_4)
     2    0.011395    0.129488    0.184488    6.209038 ^ _6620_/Y (sky130_fd_sc_hd__o21bai_4)
                                                         _2250_ (net)
                      0.129488    0.000385    6.209424 ^ _6622_/A1 (sky130_fd_sc_hd__a311oi_2)
     2    0.006135    0.101370    0.117206    6.326630 v _6622_/Y (sky130_fd_sc_hd__a311oi_2)
                                                         _2252_ (net)
                      0.101370    0.000177    6.326807 v _6623_/A1 (sky130_fd_sc_hd__o21a_1)
     1    0.004723    0.043701    0.210308    6.537115 v _6623_/X (sky130_fd_sc_hd__o21a_1)
                                                         _2253_ (net)
                      0.043701    0.000090    6.537205 v _6626_/A1 (sky130_fd_sc_hd__o21a_4)
     5    0.036343    0.073976    0.253845    6.791050 v _6626_/X (sky130_fd_sc_hd__o21a_4)
                                                         _2256_ (net)
                      0.074352    0.004529    6.795579 v _7399_/A2 (sky130_fd_sc_hd__o221a_4)
     4    0.018819    0.061551    0.293556    7.089136 v _7399_/X (sky130_fd_sc_hd__o221a_4)
                                                         _3029_ (net)
                      0.061602    0.001064    7.090199 v _7405_/A2 (sky130_fd_sc_hd__a21o_1)
     3    0.013156    0.075146    0.222876    7.313075 v _7405_/X (sky130_fd_sc_hd__a21o_1)
                                                         _3035_ (net)
                      0.075150    0.000618    7.313693 v _7496_/A1 (sky130_fd_sc_hd__a211o_1)
     2    0.007842    0.072046    0.290862    7.604555 v _7496_/X (sky130_fd_sc_hd__a211o_1)
                                                         _3126_ (net)
                      0.072046    0.000282    7.604836 v _7518_/A2 (sky130_fd_sc_hd__a2111o_1)
     4    0.015302    0.118284    0.485271    8.090108 v _7518_/X (sky130_fd_sc_hd__a2111o_1)
                                                         _3148_ (net)
                      0.118284    0.000388    8.090496 v _7521_/A2 (sky130_fd_sc_hd__a21o_4)
     5    0.025629    0.058854    0.272478    8.362973 v _7521_/X (sky130_fd_sc_hd__a21o_4)
                                                         _3151_ (net)
                      0.058864    0.000741    8.363714 v _7522_/C (sky130_fd_sc_hd__nand3_4)
     9    0.049305    0.175868    0.167979    8.531693 ^ _7522_/Y (sky130_fd_sc_hd__nand3_4)
                                                         _3152_ (net)
                      0.175879    0.001142    8.532836 ^ fanout113/A (sky130_fd_sc_hd__buf_8)
    13    0.055188    0.097088    0.174113    8.706949 ^ fanout113/X (sky130_fd_sc_hd__buf_8)
                                                         net113 (net)
                      0.097103    0.001001    8.707951 ^ fanout112/A (sky130_fd_sc_hd__buf_8)
     6    0.029328    0.058584    0.126459    8.834409 ^ fanout112/X (sky130_fd_sc_hd__buf_8)
                                                         net112 (net)
                      0.058590    0.000631    8.835040 ^ fanout111/A (sky130_fd_sc_hd__buf_8)
     6    0.030548    0.060092    0.116050    8.951090 ^ fanout111/X (sky130_fd_sc_hd__buf_8)
                                                         net111 (net)
                      0.060122    0.001244    8.952334 ^ fanout110/A (sky130_fd_sc_hd__buf_8)
     5    0.020744    0.045767    0.105452    9.057786 ^ fanout110/X (sky130_fd_sc_hd__buf_8)
                                                         net110 (net)
                      0.045770    0.000452    9.058238 ^ _7563_/A2 (sky130_fd_sc_hd__o211a_1)
     2    0.005661    0.066353    0.145103    9.203341 ^ _7563_/X (sky130_fd_sc_hd__o211a_1)
                                                         _3193_ (net)
                      0.066353    0.000139    9.203480 ^ _7569_/D_N (sky130_fd_sc_hd__nor4b_4)
     2    0.010447    0.257138    0.243321    9.446801 ^ _7569_/Y (sky130_fd_sc_hd__nor4b_4)
                                                         _3199_ (net)
                      0.257138    0.000409    9.447210 ^ max_cap109/A (sky130_fd_sc_hd__buf_6)
     2    0.012375    0.040663    0.148201    9.595412 ^ max_cap109/X (sky130_fd_sc_hd__buf_6)
                                                         net109 (net)
                      0.040664    0.000224    9.595635 ^ _7614_/D (sky130_fd_sc_hd__and4_4)
     8    0.024729    0.104608    0.270747    9.866383 ^ _7614_/X (sky130_fd_sc_hd__and4_4)
                                                         _3244_ (net)
                      0.104615    0.000949    9.867332 ^ _7639_/A (sky130_fd_sc_hd__and4_1)
     1    0.006796    0.088247    0.209329   10.076660 ^ _7639_/X (sky130_fd_sc_hd__and4_1)
                                                         _3269_ (net)
                      0.088247    0.000240   10.076900 ^ fanout104/A (sky130_fd_sc_hd__buf_6)
    15    0.058928    0.123249    0.170538   10.247437 ^ fanout104/X (sky130_fd_sc_hd__buf_6)
                                                         net104 (net)
                      0.123935    0.007419   10.254857 ^ fanout103/A (sky130_fd_sc_hd__buf_8)
     5    0.018642    0.043612    0.120793   10.375650 ^ fanout103/X (sky130_fd_sc_hd__buf_8)
                                                         net103 (net)
                      0.043615    0.000378   10.376028 ^ _7661_/C (sky130_fd_sc_hd__and4bb_1)
     3    0.008147    0.103105    0.223103   10.599132 ^ _7661_/X (sky130_fd_sc_hd__and4bb_1)
                                                         _3289_ (net)
                      0.103105    0.000184   10.599316 ^ _7771_/A_N (sky130_fd_sc_hd__and4b_1)
     1    0.003822    0.044519    0.204611   10.803926 v _7771_/X (sky130_fd_sc_hd__and4b_1)
                                                         _3380_ (net)
                      0.044519    0.000122   10.804048 v _7773_/A2 (sky130_fd_sc_hd__a31o_1)
     1    0.002288    0.034365    0.194284   10.998331 v _7773_/X (sky130_fd_sc_hd__a31o_1)
                                                         multiplier_inst.overflow_calc (net)
                      0.034365    0.000065   10.998396 v _9411_/D (sky130_fd_sc_hd__dfrtp_1)
                                             10.998396   data arrival time

                                 15.000000   15.000000   clock clk (rise edge)
                                  0.000000   15.000000   clock source latency
     2    0.053872    0.245471    0.174401   15.174401 ^ clk (in)
                                                         clk (net)
                      0.245862    0.000000   15.174401 ^ clkbuf_0_clk/A (sky130_fd_sc_hd__clkbuf_16)
     9    0.085879    0.104356    0.240140   15.414541 ^ clkbuf_0_clk/X (sky130_fd_sc_hd__clkbuf_16)
                                                         clknet_0_clk (net)
                      0.104727    0.004563   15.419105 ^ clkbuf_2_3__f_clk/A (sky130_fd_sc_hd__clkbuf_16)
    23    0.117780    0.131477    0.218664   15.637769 ^ clkbuf_2_3__f_clk/X (sky130_fd_sc_hd__clkbuf_16)
                                                         clknet_2_3__leaf_clk (net)
                      0.131822    0.005391   15.643160 ^ clkbuf_leaf_14_clk/A (sky130_fd_sc_hd__clkbuf_8)
    13    0.046253    0.092050    0.195643   15.838802 ^ clkbuf_leaf_14_clk/X (sky130_fd_sc_hd__clkbuf_8)
                                                         clknet_leaf_14_clk (net)
                      0.092064    0.001142   15.839945 ^ _9411_/CLK (sky130_fd_sc_hd__dfrtp_1)
                                 -0.250000   15.589946   clock uncertainty
                                  0.000000   15.589946   clock reconvergence pessimism
                                 -0.098877   15.491069   library setup time
                                             15.491069   data required time
---------------------------------------------------------------------------------------------
                                             15.491069   data required time
                                            -10.998396   data arrival time
---------------------------------------------------------------------------------------------
                                              4.492672   slack (MET)




===========================================================================
report_checks --slack_max -0.01
============================================================================
======================= nom_tt_025C_1v80 Corner ===================================

No paths found.


===========================================================================
 report_check_types -max_slew -max_cap -max_fanout -violators
============================================================================
======================= nom_tt_025C_1v80 Corner ===================================

max slew

Pin                                        Limit        Slew       Slack
------------------------------------------------------------------------
_5807_/C                                0.750000    0.845395   -0.095395 (VIOLATED)
ANTENNA__5807__C/DIODE                  0.750000    0.845394   -0.095394 (VIOLATED)
_5154_/A2                               0.750000    0.845362   -0.095362 (VIOLATED)
ANTENNA__5154__A2/DIODE                 0.750000    0.845362   -0.095362 (VIOLATED)
_4838_/A2                               0.750000    0.845362   -0.095362 (VIOLATED)
ANTENNA__4838__A2/DIODE                 0.750000    0.845361   -0.095361 (VIOLATED)
_4974_/B1                               0.750000    0.845360   -0.095360 (VIOLATED)
_4829_/B                                0.750000    0.845360   -0.095360 (VIOLATED)
ANTENNA__4829__B/DIODE                  0.750000    0.845360   -0.095360 (VIOLATED)
ANTENNA__4974__B1/DIODE                 0.750000    0.845360   -0.095360 (VIOLATED)
ANTENNA_clone60_X/DIODE                 0.750000    0.845356   -0.095356 (VIOLATED)
clone60/X                               0.750000    0.845356   -0.095356 (VIOLATED)

max fanout

Pin                                   Limit Fanout  Slack
---------------------------------------------------------
clkbuf_2_3__f_clk/X                      10     23    -13 (VIOLATED)
_4587_/Y                                 10     21    -11 (VIOLATED)
_4599_/X                                 10     21    -11 (VIOLATED)
_7719_/Y                                 10     21    -11 (VIOLATED)
_9270_/Q                                 10     21    -11 (VIOLATED)
_9271_/Q                                 10     21    -11 (VIOLATED)
_9272_/Q                                 10     21    -11 (VIOLATED)
_9273_/Q                                 10     21    -11 (VIOLATED)
_9276_/Q                                 10     21    -11 (VIOLATED)
_9277_/Q                                 10     21    -11 (VIOLATED)
fanout156/X                              10     21    -11 (VIOLATED)
fanout162/X                              10     21    -11 (VIOLATED)
fanout166/X                              10     21    -11 (VIOLATED)
fanout168/X                              10     21    -11 (VIOLATED)
fanout171/X                              10     21    -11 (VIOLATED)
fanout173/X                              10     21    -11 (VIOLATED)
fanout180/X                              10     21    -11 (VIOLATED)
fanout185/X                              10     21    -11 (VIOLATED)
fanout186/X                              10     21    -11 (VIOLATED)
fanout187/X                              10     21    -11 (VIOLATED)
fanout191/X                              10     21    -11 (VIOLATED)
fanout200/X                              10     21    -11 (VIOLATED)
fanout203/X                              10     21    -11 (VIOLATED)
fanout205/X                              10     21    -11 (VIOLATED)
fanout207/X                              10     21    -11 (VIOLATED)
fanout209/X                              10     21    -11 (VIOLATED)
fanout212/X                              10     21    -11 (VIOLATED)
fanout214/X                              10     21    -11 (VIOLATED)
fanout216/X                              10     21    -11 (VIOLATED)
fanout219/X                              10     21    -11 (VIOLATED)
fanout220/X                              10     21    -11 (VIOLATED)
fanout222/X                              10     21    -11 (VIOLATED)
fanout225/X                              10     21    -11 (VIOLATED)
fanout227/X                              10     21    -11 (VIOLATED)
fanout229/X                              10     21    -11 (VIOLATED)
fanout231/X                              10     21    -11 (VIOLATED)
fanout233/X                              10     21    -11 (VIOLATED)
fanout235/X                              10     21    -11 (VIOLATED)
fanout237/X                              10     21    -11 (VIOLATED)
fanout238/X                              10     21    -11 (VIOLATED)
fanout239/X                              10     21    -11 (VIOLATED)
fanout241/X                              10     21    -11 (VIOLATED)
fanout242/X                              10     21    -11 (VIOLATED)
fanout243/X                              10     21    -11 (VIOLATED)
fanout244/X                              10     21    -11 (VIOLATED)
fanout245/X                              10     21    -11 (VIOLATED)
fanout247/X                              10     21    -11 (VIOLATED)
fanout248/X                              10     21    -11 (VIOLATED)
fanout249/X                              10     21    -11 (VIOLATED)
fanout250/X                              10     21    -11 (VIOLATED)
fanout251/X                              10     21    -11 (VIOLATED)
fanout253/X                              10     21    -11 (VIOLATED)
fanout255/X                              10     21    -11 (VIOLATED)
fanout256/X                              10     21    -11 (VIOLATED)
fanout259/X                              10     21    -11 (VIOLATED)
fanout261/X                              10     21    -11 (VIOLATED)
fanout262/X                              10     21    -11 (VIOLATED)
fanout263/X                              10     21    -11 (VIOLATED)
fanout265/X                              10     21    -11 (VIOLATED)
fanout266/X                              10     21    -11 (VIOLATED)
fanout268/X                              10     21    -11 (VIOLATED)
fanout269/X                              10     21    -11 (VIOLATED)
fanout271/X                              10     21    -11 (VIOLATED)
fanout273/X                              10     21    -11 (VIOLATED)
fanout274/X                              10     21    -11 (VIOLATED)
fanout276/X                              10     21    -11 (VIOLATED)
fanout278/X                              10     21    -11 (VIOLATED)
fanout279/X                              10     21    -11 (VIOLATED)
fanout280/X                              10     21    -11 (VIOLATED)
fanout283/X                              10     21    -11 (VIOLATED)
fanout285/X                              10     21    -11 (VIOLATED)
fanout286/X                              10     21    -11 (VIOLATED)
fanout287/X                              10     21    -11 (VIOLATED)
fanout289/X                              10     21    -11 (VIOLATED)
fanout290/X                              10     21    -11 (VIOLATED)
fanout292/X                              10     21    -11 (VIOLATED)
fanout293/X                              10     21    -11 (VIOLATED)
fanout297/X                              10     21    -11 (VIOLATED)
fanout299/X                              10     21    -11 (VIOLATED)
fanout300/X                              10     21    -11 (VIOLATED)
fanout301/X                              10     21    -11 (VIOLATED)
fanout302/X                              10     21    -11 (VIOLATED)
fanout303/X                              10     21    -11 (VIOLATED)
fanout305/X                              10     21    -11 (VIOLATED)
fanout308/X                              10     21    -11 (VIOLATED)
fanout310/X                              10     21    -11 (VIOLATED)
fanout311/X                              10     21    -11 (VIOLATED)
fanout315/X                              10     21    -11 (VIOLATED)
fanout317/X                              10     21    -11 (VIOLATED)
fanout318/X                              10     21    -11 (VIOLATED)
fanout321/X                              10     21    -11 (VIOLATED)
fanout324/X                              10     21    -11 (VIOLATED)
fanout326/X                              10     21    -11 (VIOLATED)
fanout341/X                              10     21    -11 (VIOLATED)
fanout342/X                              10     21    -11 (VIOLATED)
fanout345/X                              10     21    -11 (VIOLATED)
fanout347/X                              10     21    -11 (VIOLATED)
fanout349/X                              10     21    -11 (VIOLATED)
fanout351/X                              10     21    -11 (VIOLATED)
fanout353/X                              10     21    -11 (VIOLATED)
fanout355/X                              10     21    -11 (VIOLATED)
fanout356/X                              10     21    -11 (VIOLATED)
fanout357/X                              10     21    -11 (VIOLATED)
fanout359/X                              10     21    -11 (VIOLATED)
fanout360/X                              10     21    -11 (VIOLATED)
fanout362/X                              10     21    -11 (VIOLATED)
fanout365/X                              10     21    -11 (VIOLATED)
fanout367/X                              10     21    -11 (VIOLATED)
fanout368/X                              10     21    -11 (VIOLATED)
fanout371/X                              10     21    -11 (VIOLATED)
fanout373/X                              10     21    -11 (VIOLATED)
fanout374/X                              10     21    -11 (VIOLATED)
fanout377/X                              10     21    -11 (VIOLATED)
fanout380/X                              10     21    -11 (VIOLATED)
fanout383/X                              10     21    -11 (VIOLATED)
fanout386/X                              10     21    -11 (VIOLATED)
fanout392/X                              10     21    -11 (VIOLATED)
fanout395/X                              10     21    -11 (VIOLATED)
fanout397/X                              10     21    -11 (VIOLATED)
fanout398/X                              10     21    -11 (VIOLATED)
fanout399/X                              10     21    -11 (VIOLATED)
fanout400/X                              10     21    -11 (VIOLATED)
fanout403/X                              10     21    -11 (VIOLATED)
fanout406/X                              10     21    -11 (VIOLATED)
fanout407/X                              10     21    -11 (VIOLATED)
fanout410/X                              10     21    -11 (VIOLATED)
fanout412/X                              10     21    -11 (VIOLATED)
fanout414/X                              10     21    -11 (VIOLATED)
fanout416/X                              10     21    -11 (VIOLATED)
fanout418/X                              10     21    -11 (VIOLATED)
fanout420/X                              10     21    -11 (VIOLATED)
fanout422/X                              10     21    -11 (VIOLATED)
fanout424/X                              10     21    -11 (VIOLATED)
fanout426/X                              10     21    -11 (VIOLATED)
fanout428/X                              10     21    -11 (VIOLATED)
fanout430/X                              10     21    -11 (VIOLATED)
fanout432/X                              10     21    -11 (VIOLATED)
fanout433/X                              10     21    -11 (VIOLATED)
fanout436/X                              10     21    -11 (VIOLATED)
fanout437/X                              10     21    -11 (VIOLATED)
fanout439/X                              10     21    -11 (VIOLATED)
fanout442/X                              10     21    -11 (VIOLATED)
fanout444/X                              10     21    -11 (VIOLATED)
fanout445/X                              10     21    -11 (VIOLATED)
fanout446/X                              10     21    -11 (VIOLATED)
fanout447/X                              10     21    -11 (VIOLATED)
fanout450/X                              10     21    -11 (VIOLATED)
fanout451/X                              10     21    -11 (VIOLATED)
fanout455/X                              10     21    -11 (VIOLATED)
fanout458/X                              10     21    -11 (VIOLATED)
fanout461/X                              10     21    -11 (VIOLATED)
fanout464/X                              10     21    -11 (VIOLATED)
fanout465/X                              10     21    -11 (VIOLATED)
fanout467/X                              10     21    -11 (VIOLATED)
fanout470/X                              10     21    -11 (VIOLATED)
fanout472/X                              10     21    -11 (VIOLATED)
fanout474/X                              10     21    -11 (VIOLATED)
fanout475/X                              10     21    -11 (VIOLATED)
fanout477/X                              10     21    -11 (VIOLATED)
fanout479/X                              10     21    -11 (VIOLATED)
fanout480/X                              10     21    -11 (VIOLATED)
fanout491/X                              10     21    -11 (VIOLATED)
fanout501/X                              10     21    -11 (VIOLATED)
fanout503/X                              10     21    -11 (VIOLATED)
fanout505/X                              10     21    -11 (VIOLATED)
_8757_/X                                 10     19     -9 (VIOLATED)
_9274_/Q                                 10     19     -9 (VIOLATED)
_9275_/Q                                 10     19     -9 (VIOLATED)
_9279_/Q                                 10     19     -9 (VIOLATED)
clkbuf_2_2__f_clk/X                      10     19     -9 (VIOLATED)
clkbuf_leaf_28_clk/X                     10     19     -9 (VIOLATED)
clkbuf_leaf_31_clk/X                     10     19     -9 (VIOLATED)
fanout155/X                              10     19     -9 (VIOLATED)
fanout164/X                              10     19     -9 (VIOLATED)
fanout199/X                              10     19     -9 (VIOLATED)
fanout232/X                              10     19     -9 (VIOLATED)
fanout260/X                              10     19     -9 (VIOLATED)
fanout267/X                              10     19     -9 (VIOLATED)
fanout402/X                              10     19     -9 (VIOLATED)
fanout413/X                              10     19     -9 (VIOLATED)
fanout448/X                              10     19     -9 (VIOLATED)
fanout454/X                              10     19     -9 (VIOLATED)
fanout460/X                              10     19     -9 (VIOLATED)
fanout462/X                              10     19     -9 (VIOLATED)
fanout506/X                              10     19     -9 (VIOLATED)
fanout542/X                              10     19     -9 (VIOLATED)
clkbuf_leaf_4_clk/X                      10     18     -8 (VIOLATED)
clkbuf_2_1__f_clk/X                      10     17     -7 (VIOLATED)
clkbuf_leaf_13_clk/X                     10     17     -7 (VIOLATED)
clkbuf_leaf_27_clk/X                     10     17     -7 (VIOLATED)
fanout175/X                              10     17     -7 (VIOLATED)
fanout202/X                              10     17     -7 (VIOLATED)
fanout206/X                              10     17     -7 (VIOLATED)
fanout284/X                              10     17     -7 (VIOLATED)
fanout307/X                              10     17     -7 (VIOLATED)
fanout330/X                              10     17     -7 (VIOLATED)
fanout348/X                              10     17     -7 (VIOLATED)
fanout378/X                              10     17     -7 (VIOLATED)
fanout384/X                              10     17     -7 (VIOLATED)
fanout385/X                              10     17     -7 (VIOLATED)
fanout387/X                              10     17     -7 (VIOLATED)
fanout394/X                              10     17     -7 (VIOLATED)
fanout423/X                              10     17     -7 (VIOLATED)
fanout434/X                              10     17     -7 (VIOLATED)
fanout449/X                              10     17     -7 (VIOLATED)
fanout453/X                              10     17     -7 (VIOLATED)
fanout456/X                              10     17     -7 (VIOLATED)
fanout468/X                              10     17     -7 (VIOLATED)
fanout523/X                              10     17     -7 (VIOLATED)
rebuffer24/X                             10     17     -7 (VIOLATED)
clkbuf_leaf_0_clk/X                      10     16     -6 (VIOLATED)
clkbuf_leaf_16_clk/X                     10     16     -6 (VIOLATED)
clkbuf_leaf_9_clk/X                      10     16     -6 (VIOLATED)
_7829_/Y                                 10     15     -5 (VIOLATED)
_9286_/Q                                 10     15     -5 (VIOLATED)
clkbuf_2_0__f_clk/X                      10     15     -5 (VIOLATED)
clkbuf_leaf_17_clk/X                     10     15     -5 (VIOLATED)
clkbuf_leaf_3_clk/X                      10     15     -5 (VIOLATED)
fanout104/X                              10     15     -5 (VIOLATED)
fanout108/X                              10     15     -5 (VIOLATED)
fanout210/X                              10     15     -5 (VIOLATED)
fanout213/X                              10     15     -5 (VIOLATED)
fanout215/X                              10     15     -5 (VIOLATED)
fanout217/X                              10     15     -5 (VIOLATED)
fanout226/X                              10     15     -5 (VIOLATED)
fanout240/X                              10     15     -5 (VIOLATED)
fanout246/X                              10     15     -5 (VIOLATED)
fanout258/X                              10     15     -5 (VIOLATED)
fanout288/X                              10     15     -5 (VIOLATED)
fanout294/X                              10     15     -5 (VIOLATED)
fanout333/X                              10     15     -5 (VIOLATED)
fanout346/X                              10     15     -5 (VIOLATED)
fanout354/X                              10     15     -5 (VIOLATED)
fanout358/X                              10     15     -5 (VIOLATED)
fanout361/X                              10     15     -5 (VIOLATED)
fanout396/X                              10     15     -5 (VIOLATED)
fanout409/X                              10     15     -5 (VIOLATED)
fanout425/X                              10     15     -5 (VIOLATED)
fanout427/X                              10     15     -5 (VIOLATED)
fanout429/X                              10     15     -5 (VIOLATED)
fanout431/X                              10     15     -5 (VIOLATED)
fanout438/X                              10     15     -5 (VIOLATED)
fanout459/X                              10     15     -5 (VIOLATED)
fanout466/X                              10     15     -5 (VIOLATED)
fanout489/X                              10     15     -5 (VIOLATED)
fanout517/X                              10     15     -5 (VIOLATED)
clkbuf_leaf_14_clk/X                     10     13     -3 (VIOLATED)
clkbuf_leaf_24_clk/X                     10     13     -3 (VIOLATED)
fanout113/X                              10     13     -3 (VIOLATED)
fanout161/X                              10     13     -3 (VIOLATED)
fanout201/X                              10     13     -3 (VIOLATED)
fanout211/X                              10     13     -3 (VIOLATED)
fanout252/X                              10     13     -3 (VIOLATED)
fanout254/X                              10     13     -3 (VIOLATED)
fanout270/X                              10     13     -3 (VIOLATED)
fanout277/X                              10     13     -3 (VIOLATED)
fanout281/X                              10     13     -3 (VIOLATED)
fanout295/X                              10     13     -3 (VIOLATED)
fanout304/X                              10     13     -3 (VIOLATED)
fanout322/X                              10     13     -3 (VIOLATED)
fanout337/X                              10     13     -3 (VIOLATED)
fanout343/X                              10     13     -3 (VIOLATED)
fanout363/X                              10     13     -3 (VIOLATED)
fanout364/X                              10     13     -3 (VIOLATED)
fanout369/X                              10     13     -3 (VIOLATED)
fanout370/X                              10     13     -3 (VIOLATED)
fanout376/X                              10     13     -3 (VIOLATED)
fanout382/X                              10     13     -3 (VIOLATED)
fanout388/X                              10     13     -3 (VIOLATED)
fanout391/X                              10     13     -3 (VIOLATED)
fanout408/X                              10     13     -3 (VIOLATED)
fanout417/X                              10     13     -3 (VIOLATED)
fanout435/X                              10     13     -3 (VIOLATED)
fanout457/X                              10     13     -3 (VIOLATED)
fanout463/X                              10     13     -3 (VIOLATED)
fanout469/X                              10     13     -3 (VIOLATED)
fanout486/X                              10     13     -3 (VIOLATED)
fanout494/X                              10     13     -3 (VIOLATED)
fanout534/X                              10     13     -3 (VIOLATED)
clkbuf_leaf_22_clk/X                     10     12     -2 (VIOLATED)
clkbuf_leaf_25_clk/X                     10     12     -2 (VIOLATED)
clkbuf_leaf_5_clk/X                      10     12     -2 (VIOLATED)
clkbuf_leaf_8_clk/X                      10     12     -2 (VIOLATED)
_5405_/X                                 10     11        (VIOLATED)
_5451_/X                                 10     11        (VIOLATED)
_7640_/Y                                 10     11        (VIOLATED)
_8542_/Y                                 10     11        (VIOLATED)
_9346_/Q                                 10     11        (VIOLATED)
_9396_/Q                                 10     11        (VIOLATED)
_9410_/Q                                 10     11        (VIOLATED)
clkbuf_leaf_15_clk/X                     10     11        (VIOLATED)
clkbuf_leaf_20_clk/X                     10     11        (VIOLATED)
clone60/X                                10     11        (VIOLATED)
clone81/X                                10     11        (VIOLATED)
clone92/X                                10     11        (VIOLATED)
fanout142/X                              10     11        (VIOLATED)
fanout178/X                              10     11        (VIOLATED)
fanout204/X                              10     11        (VIOLATED)
fanout208/X                              10     11        (VIOLATED)
fanout218/X                              10     11        (VIOLATED)
fanout221/X                              10     11        (VIOLATED)
fanout224/X                              10     11        (VIOLATED)
fanout230/X                              10     11        (VIOLATED)
fanout236/X                              10     11        (VIOLATED)
fanout264/X                              10     11        (VIOLATED)
fanout272/X                              10     11        (VIOLATED)
fanout275/X                              10     11        (VIOLATED)
fanout282/X                              10     11        (VIOLATED)
fanout291/X                              10     11        (VIOLATED)
fanout298/X                              10     11        (VIOLATED)
fanout309/X                              10     11        (VIOLATED)
fanout313/X                              10     11        (VIOLATED)
fanout316/X                              10     11        (VIOLATED)
fanout323/X                              10     11        (VIOLATED)
fanout327/X                              10     11        (VIOLATED)
fanout340/X                              10     11        (VIOLATED)
fanout344/X                              10     11        (VIOLATED)
fanout352/X                              10     11        (VIOLATED)
fanout375/X                              10     11        (VIOLATED)
fanout381/X                              10     11        (VIOLATED)
fanout389/X                              10     11        (VIOLATED)
fanout404/X                              10     11        (VIOLATED)
fanout405/X                              10     11        (VIOLATED)
fanout411/X                              10     11        (VIOLATED)
fanout415/X                              10     11        (VIOLATED)
fanout421/X                              10     11        (VIOLATED)
fanout441/X                              10     11        (VIOLATED)
fanout476/X                              10     11        (VIOLATED)
fanout481/X                              10     11        (VIOLATED)
fanout482/X                              10     11        (VIOLATED)
fanout484/X                              10     11        (VIOLATED)
fanout518/X                              10     11        (VIOLATED)
fanout539/X                              10     11        (VIOLATED)
fanout548/X                              10     11        (VIOLATED)
fanout549/X                              10     11        (VIOLATED)
rebuffer6/X                              10     11        (VIOLATED)



===========================================================================
report_parasitic_annotation -report_unannotated
============================================================================
Found 29 unannotated drivers.
 clkload0/Y
 clkload1/Y
 clkload10/Y
 clkload11/Y
 clkload12/Y
 clkload13/Y
 clkload14/Y
 clkload15/Y
 clkload16/Y
 clkload17/Y
 clkload18/Y
 clkload19/Y
 clkload2/Y
 clkload20/Y
 clkload21/Y
 clkload22/X
 clkload23/Y
 clkload24/Y
 clkload25/Y
 clkload26/Y
 clkload27/Y
 clkload28/Y
 clkload3/Y
 clkload4/Y
 clkload5/Y
 clkload6/X
 clkload7/Y
 clkload8/Y
 clkload9/Y
Found 0 partially unannotated drivers.

===========================================================================
max slew violation count 12
max fanout violation count 336
max cap violation count 0
============================================================================

===========================================================================
check_setup -verbose -unconstrained_endpoints -multiple_clock -no_clock -no_input_delay -loops -generated_clocks
===========================================================================
