
===========================================================================
 report_power
============================================================================
======================= nom_ss_100C_1v60 Corner ===================================

Group                    Internal    Switching      Leakage        Total
                            Power        Power        Power        Power (Watts)
------------------------------------------------------------------------
Sequential           8.644768e-04 1.988919e-04 6.108576e-06 1.069477e-03  11.9%
Combinational        4.564429e-03 3.331314e-03 2.373433e-05 7.919478e-03  88.1%
Clock                0.000000e+00 0.000000e+00 0.000000e+00 0.000000e+00   0.0%
Macro                0.000000e+00 0.000000e+00 0.000000e+00 0.000000e+00   0.0%
Pad                  0.000000e+00 0.000000e+00 0.000000e+00 0.000000e+00   0.0%
------------------------------------------------------------------------
Total                5.428906e-03 3.530202e-03 2.984300e-05 8.988951e-03 100.0%
                            60.4%        39.3%         0.3%

