
===========================================================================
 report_power
============================================================================
======================= nom_tt_025C_1v80 Corner ===================================

Group                    Internal    Switching      Leakage        Total
                            Power        Power        Power        Power (Watts)
------------------------------------------------------------------------
Sequential           1.107400e-03 1.402199e-04 3.746821e-09 1.247624e-03   9.6%
Combinational        5.008923e-03 6.060848e-03 2.064809e-08 1.106979e-02  85.1%
Clock                3.126303e-04 3.713165e-04 1.372099e-09 6.839482e-04   5.3%
Macro                0.000000e+00 0.000000e+00 0.000000e+00 0.000000e+00   0.0%
Pad                  0.000000e+00 0.000000e+00 0.000000e+00 0.000000e+00   0.0%
------------------------------------------------------------------------
Total                6.428936e-03 6.572387e-03 2.576917e-08 1.300135e-02 100.0%
                            49.4%        50.6%         0.0%
Writing metric power__internal__total: 0.006428935565054417
Writing metric power__switching__total: 0.006572387181222439
Writing metric power__leakage__total: 2.57691699090401e-8
Writing metric power__total: 0.013001348823308945

