┏━━━━━━━┳━━━━━━━━━┳━━━━━━━━━━┳━━━━━━━━━━━━━━━━━━━━━━━━━━━━━━━━┳━━━━━━━━━━━━━━┳━━━━━━━┓
┃ P / R ┃ Partial ┃ Required ┃ Net                            ┃ Pin          ┃ Layer ┃
┡━━━━━━━╇━━━━━━━━━╇━━━━━━━━━━╇━━━━━━━━━━━━━━━━━━━━━━━━━━━━━━━━╇━━━━━━━━━━━━━━╇━━━━━━━┩
│ 4.21  │ 1684.58 │ 400.00   │ net2580                        │ fanout2564/A │ met3  │
│ 3.47  │ 1387.37 │ 400.00   │ net3208                        │ fanout2000/A │ met3  │
│ 3.11  │ 1245.71 │ 400.00   │ net2661                        │ fanout2645/A │ met3  │
│ 2.92  │ 1168.78 │ 400.00   │ net1122                        │ fanout1119/A │ met3  │
│ 2.80  │ 1119.66 │ 400.00   │ net2684                        │ fanout2667/A │ met3  │
│ 2.32  │ 929.02  │ 400.00   │ net2473                        │ fanout2472/A │ met3  │
│ 2.18  │ 871.63  │ 400.00   │ net1033                        │ _09615_/A3   │ met3  │
│ 2.14  │ 855.90  │ 400.00   │ net2271                        │ fanout2265/A │ met3  │
│ 2.08  │ 833.36  │ 400.00   │ net1404                        │ fanout1390/A │ met3  │
│ 2.01  │ 802.10  │ 400.00   │ net3208                        │ fanout2000/A │ met4  │
│ 1.97  │ 787.79  │ 400.00   │ net1458                        │ fanout1445/A │ met3  │
│ 1.96  │ 782.94  │ 400.00   │ net2503                        │ fanout2500/A │ met3  │
│ 1.94  │ 775.50  │ 400.00   │ net2439                        │ fanout2434/A │ met3  │
│ 1.90  │ 759.30  │ 400.00   │ net2339                        │ fanout2338/A │ met3  │
│ 1.89  │ 755.04  │ 400.00   │ net2534                        │ fanout2531/A │ met3  │
│ 1.85  │ 739.42  │ 400.00   │ net2369                        │ fanout2368/A │ met3  │
│ 1.83  │ 732.36  │ 400.00   │ net2301                        │ fanout2294/A │ met3  │
│ 1.80  │ 719.95  │ 400.00   │ net1004                        │ fanout1003/A │ met3  │
│ 1.75  │ 698.07  │ 400.00   │ adder_inst.man_a_r[13\]        │ fanout2301/A │ met3  │
│ 1.69  │ 10.16   │ 6.00     │ net1203                        │ _13198_/A0   │ via4  │
│ 1.68  │ 673.84  │ 400.00   │ _06883_                        │ fanout1248/A │ met3  │
│ 1.65  │ 659.50  │ 400.00   │ net3002                        │ fanout2190/A │ met3  │
│ 1.64  │ 656.25  │ 400.00   │ net1757                        │ fanout1756/A │ met4  │
│ 1.58  │ 633.22  │ 400.00   │ net2965                        │ fanout1532/A │ met3  │
│ 1.58  │ 633.22  │ 400.00   │ net2965                        │ fanout1540/A │ met3  │
│ 1.57  │ 629.37  │ 400.00   │ net2248                        │ fanout2247/A │ met3  │
│ 1.54  │ 616.83  │ 400.00   │ net1165                        │ fanout1163/A │ met3  │
│ 1.49  │ 596.00  │ 400.00   │ multiplier_inst.man_final[21\] │ _14521_/D    │ met3  │
│ 1.48  │ 592.17  │ 400.00   │ net2607                        │ _10310_/B    │ met3  │
│ 1.48  │ 592.17  │ 400.00   │ net2607                        │ fanout2591/A │ met3  │
│ 1.42  │ 566.55  │ 400.00   │ adder_inst.man_b_r[9\]         │ fanout1757/A │ met3  │
│ 1.38  │ 551.17  │ 400.00   │ net1095                        │ fanout1093/A │ met3  │
│ 1.30  │ 518.88  │ 400.00   │ net2606                        │ fanout2595/A │ met3  │
│ 1.29  │ 514.97  │ 400.00   │ _05529_                        │ fanout790/A  │ met3  │
│ 1.29  │ 514.55  │ 400.00   │ net1124                        │ _13522_/B1   │ met3  │
│ 1.28  │ 510.72  │ 400.00   │ adder_inst.man_b_r[8\]         │ fanout1782/A │ met3  │
│ 1.26  │ 504.97  │ 400.00   │ net1378                        │ fanout1363/A │ met2  │
│ 1.26  │ 502.54  │ 400.00   │ net2113                        │ fanout2110/A │ met3  │
│ 1.22  │ 487.94  │ 400.00   │ _06134_                        │ _13217_/C    │ met3  │
│ 1.21  │ 484.82  │ 400.00   │ net1031                        │ fanout1030/A │ met3  │
│ 1.21  │ 483.30  │ 400.00   │ net498                         │ fanout497/A  │ met3  │
│ 1.20  │ 480.41  │ 400.00   │ net1872                        │ fanout1866/A │ met3  │
│ 1.18  │ 473.84  │ 400.00   │ net1362                        │ fanout1358/A │ met3  │
│ 1.17  │ 468.40  │ 400.00   │ _06888_                        │ fanout1216/A │ met3  │
│ 1.17  │ 468.24  │ 400.00   │ net2328                        │ fanout2323/A │ met3  │
│ 1.17  │ 468.23  │ 400.00   │ net2114                        │ fanout2113/A │ met3  │
│ 1.13  │ 451.75  │ 400.00   │ adder_inst.exp_larger[3\]      │ _14477_/D    │ met2  │
│ 1.11  │ 445.84  │ 400.00   │ net2660                        │ fanout2651/A │ met3  │
│ 1.11  │ 445.06  │ 400.00   │ net1985                        │ _13207_/B1   │ met4  │
│ 1.07  │ 429.71  │ 400.00   │ net1203                        │ _13198_/A0   │ met4  │
│ 1.06  │ 423.37  │ 400.00   │ net2478                        │ fanout2475/A │ met3  │
│ 1.06  │ 422.37  │ 400.00   │ net1096                        │ _11371_/A2   │ met3  │
│ 1.04  │ 416.45  │ 400.00   │ net1893                        │ _08028_/A    │ met4  │
│ 1.04  │ 415.88  │ 400.00   │ net1456                        │ fanout1451/A │ met3  │
│ 1.00  │ 401.06  │ 400.00   │ net337                         │ fanout334/A  │ met3  │
└───────┴─────────┴──────────┴────────────────────────────────┴──────────────┴───────┘
