
===========================================================================
 report_power
============================================================================
======================= nom_tt_025C_1v80 Corner ===================================

Group                    Internal    Switching      Leakage        Total
                            Power        Power        Power        Power (Watts)
------------------------------------------------------------------------
Sequential           1.939470e-03 1.911941e-04 3.777517e-09 2.130668e-03   7.9%
Combinational        9.849514e-03 1.382666e-02 3.979895e-08 2.367621e-02  88.0%
Clock                4.153061e-04 6.933838e-04 8.932895e-09 1.108699e-03   4.1%
Macro                0.000000e+00 0.000000e+00 0.000000e+00 0.000000e+00   0.0%
Pad                  0.000000e+00 0.000000e+00 0.000000e+00 0.000000e+00   0.0%
------------------------------------------------------------------------
Total                1.220430e-02 1.471124e-02 5.250900e-08 2.691559e-02 100.0%
                            45.3%        54.7%         0.0%

