Clock: clk
Sources: clk 
Generated: no
Virtual: no
Propagated: no
Period: 20.000000

===========================================================================
report_clock_properties
============================================================================
Clock                   Period          Waveform
----------------------------------------------------
clk                  20.000000    0.000000 10.000000

===========================================================================
report_clock_latency
============================================================================
Clock clk
rise -> rise
    min     max
0.000000 0.000000 source latency
1.797045         network latency _9195_/CLK
        1.797045 network latency _9195_/CLK
---------------
1.797045 1.797045 latency
        0.000000 skew

fall -> fall
    min     max
0.000000 0.000000 source latency
0.876536         network latency _9195_/CLK
        0.876536 network latency _9195_/CLK
---------------
0.876536 0.876536 latency
        0.000000 skew



===========================================================================
report_clock_min_period
============================================================================
clk period_min = 10.78 fmax = 92.73
