
===========================================================================
report_checks -unconstrained
===========================================================================
======================= nom_ff_n40C_1v95 Corner ===================================

Startpoint: rst (input port clocked by clk)
Endpoint: _9217_ (recovery check against rising-edge clock clk)
Path Group: asynchronous
Path Type: max

Fanout         Cap        Slew       Delay        Time   Description
---------------------------------------------------------------------------------------------
                                  0.000000    0.000000   clock clk (rise edge)
                                  0.000000    0.000000   clock network delay (propagated)
                                  3.000000    3.000000 v input external delay
     2    0.003627    0.005935    0.003003    3.003003 v rst (in)
                                                         rst (net)
                      0.005936    0.000000    3.003003 v input67/A (sky130_fd_sc_hd__clkbuf_2)
     5    0.044352    0.116217    0.134107    3.137110 v input67/X (sky130_fd_sc_hd__clkbuf_2)
                                                         net67 (net)
                      0.116224    0.000765    3.137875 v fanout523/A (sky130_fd_sc_hd__buf_4)
    17    0.088836    0.083610    0.182157    3.320032 v fanout523/X (sky130_fd_sc_hd__buf_4)
                                                         net523 (net)
                      0.083624    0.000903    3.320934 v fanout518/A (sky130_fd_sc_hd__clkbuf_2)
    11    0.040114    0.105575    0.158446    3.479381 v fanout518/X (sky130_fd_sc_hd__clkbuf_2)
                                                         net518 (net)
                      0.105575    0.000399    3.479780 v fanout517/A (sky130_fd_sc_hd__clkbuf_4)
    15    0.051504    0.078850    0.170478    3.650257 v fanout517/X (sky130_fd_sc_hd__clkbuf_4)
                                                         net517 (net)
                      0.078857    0.000843    3.651101 v fanout516/A (sky130_fd_sc_hd__clkbuf_4)
     8    0.041060    0.065084    0.149893    3.800994 v fanout516/X (sky130_fd_sc_hd__clkbuf_4)
                                                         net516 (net)
                      0.065086    0.000500    3.801494 v fanout515/A (sky130_fd_sc_hd__buf_4)
    10    0.059660    0.064017    0.142928    3.944422 v fanout515/X (sky130_fd_sc_hd__buf_4)
                                                         net515 (net)
                      0.064259    0.003375    3.947796 v _8903_/A (sky130_fd_sc_hd__inv_2)
     1    0.005056    0.029036    0.045608    3.993405 ^ _8903_/Y (sky130_fd_sc_hd__inv_2)
                                                         _0127_ (net)
                      0.029036    0.000126    3.993531 ^ _9217_/RESET_B (sky130_fd_sc_hd__dfrtp_1)
                                              3.993531   data arrival time

                                 15.000000   15.000000   clock clk (rise edge)
                                  0.000000   15.000000   clock source latency
     2    0.053846    0.184178    0.131193   15.131193 ^ clk (in)
                                                         clk (net)
                      0.184702    0.000000   15.131193 ^ clkbuf_0_clk/A (sky130_fd_sc_hd__clkbuf_16)
     9    0.085680    0.080136    0.153713   15.284906 ^ clkbuf_0_clk/X (sky130_fd_sc_hd__clkbuf_16)
                                                         clknet_0_clk (net)
                      0.080612    0.004894   15.289800 ^ clkbuf_2_1__f_clk/A (sky130_fd_sc_hd__clkbuf_16)
    17    0.103838    0.092091    0.143254   15.433054 ^ clkbuf_2_1__f_clk/X (sky130_fd_sc_hd__clkbuf_16)
                                                         clknet_2_1__leaf_clk (net)
                      0.093171    0.007939   15.440993 ^ clkbuf_leaf_5_clk/A (sky130_fd_sc_hd__clkbuf_8)
    12    0.046044    0.068911    0.129011   15.570004 ^ clkbuf_leaf_5_clk/X (sky130_fd_sc_hd__clkbuf_8)
                                                         clknet_leaf_5_clk (net)
                      0.068915    0.000639   15.570643 ^ _9217_/CLK (sky130_fd_sc_hd__dfrtp_1)
                                 -0.250000   15.320644   clock uncertainty
                                  0.000000   15.320644   clock reconvergence pessimism
                                  0.149688   15.470333   library recovery time
                                             15.470333   data required time
---------------------------------------------------------------------------------------------
                                             15.470333   data required time
                                             -3.993531   data arrival time
---------------------------------------------------------------------------------------------
                                             11.476802   slack (MET)


Startpoint: _9326_ (rising edge-triggered flip-flop clocked by clk)
Endpoint: _9411_ (rising edge-triggered flip-flop clocked by clk)
Path Group: clk
Path Type: max

Fanout         Cap        Slew       Delay        Time   Description
---------------------------------------------------------------------------------------------
                                  0.000000    0.000000   clock clk (rise edge)
                                  0.000000    0.000000   clock source latency
     2    0.053846    0.184178    0.131193    0.131193 ^ clk (in)
                                                         clk (net)
                      0.184702    0.000000    0.131193 ^ clkbuf_0_clk/A (sky130_fd_sc_hd__clkbuf_16)
     9    0.085680    0.080136    0.153713    0.284906 ^ clkbuf_0_clk/X (sky130_fd_sc_hd__clkbuf_16)
                                                         clknet_0_clk (net)
                      0.080491    0.004239    0.289145 ^ clkbuf_2_0__f_clk/A (sky130_fd_sc_hd__clkbuf_16)
    15    0.100421    0.089965    0.139533    0.428678 ^ clkbuf_2_0__f_clk/X (sky130_fd_sc_hd__clkbuf_16)
                                                         clknet_2_0__leaf_clk (net)
                      0.092136    0.010982    0.439660 ^ clkbuf_leaf_0_clk/A (sky130_fd_sc_hd__clkbuf_8)
    16    0.051544    0.075570    0.133521    0.573181 ^ clkbuf_leaf_0_clk/X (sky130_fd_sc_hd__clkbuf_8)
                                                         clknet_leaf_0_clk (net)
                      0.075580    0.000933    0.574114 ^ _9326_/CLK (sky130_fd_sc_hd__dfrtp_2)
     5    0.038394    0.142304    0.311879    0.885993 ^ _9326_/Q (sky130_fd_sc_hd__dfrtp_2)
                                                         adder_inst.man_b_r[4] (net)
                      0.142404    0.003444    0.889436 ^ fanout316/A (sky130_fd_sc_hd__buf_2)
    11    0.058607    0.215110    0.219484    1.108921 ^ fanout316/X (sky130_fd_sc_hd__buf_2)
                                                         net316 (net)
                      0.215323    0.005574    1.114495 ^ fanout315/A (sky130_fd_sc_hd__buf_2)
    21    0.060702    0.222635    0.231078    1.345573 ^ fanout315/X (sky130_fd_sc_hd__buf_2)
                                                         net315 (net)
                      0.222638    0.000658    1.346231 ^ fanout314/A (sky130_fd_sc_hd__buf_2)
    10    0.040627    0.150442    0.184683    1.530913 ^ fanout314/X (sky130_fd_sc_hd__buf_2)
                                                         net314 (net)
                      0.150529    0.002976    1.533890 ^ _6271_/C (sky130_fd_sc_hd__and4_1)
     2    0.007108    0.065223    0.144843    1.678733 ^ _6271_/X (sky130_fd_sc_hd__and4_1)
                                                         _1901_ (net)
                      0.065223    0.000257    1.678990 ^ _6273_/A (sky130_fd_sc_hd__nor2_1)
     1    0.004931    0.038939    0.036258    1.715249 v _6273_/Y (sky130_fd_sc_hd__nor2_1)
                                                         _1903_ (net)
                      0.038940    0.000145    1.715393 v _6274_/B (sky130_fd_sc_hd__xnor2_1)
     3    0.010974    0.195600    0.173882    1.889276 ^ _6274_/Y (sky130_fd_sc_hd__xnor2_1)
                                                         _1904_ (net)
                      0.195600    0.000303    1.889579 ^ _6276_/A2 (sky130_fd_sc_hd__a21bo_1)
     2    0.015394    0.101884    0.133896    2.023474 ^ _6276_/X (sky130_fd_sc_hd__a21bo_1)
                                                         _1906_ (net)
                      0.101885    0.000494    2.023968 ^ _6279_/B1 (sky130_fd_sc_hd__a21o_1)
     3    0.018509    0.125104    0.121738    2.145706 ^ _6279_/X (sky130_fd_sc_hd__a21o_1)
                                                         _1909_ (net)
                      0.125154    0.000987    2.146693 ^ rebuffer15/A (sky130_fd_sc_hd__buf_2)
     1    0.005627    0.030100    0.089034    2.235727 ^ rebuffer15/X (sky130_fd_sc_hd__buf_2)
                                                         net564 (net)
                      0.030101    0.000168    2.235895 ^ _6378_/A2 (sky130_fd_sc_hd__a21oi_2)
     2    0.011426    0.049297    0.041858    2.277753 v _6378_/Y (sky130_fd_sc_hd__a21oi_2)
                                                         _2008_ (net)
                      0.049297    0.000236    2.277989 v _6380_/A1 (sky130_fd_sc_hd__o211a_1)
     3    0.010126    0.050694    0.169678    2.447667 v _6380_/X (sky130_fd_sc_hd__o211a_1)
                                                         _2010_ (net)
                      0.050695    0.000333    2.448000 v _6397_/A (sky130_fd_sc_hd__or4bb_4)
     2    0.014254    0.070449    0.344514    2.792514 v _6397_/X (sky130_fd_sc_hd__or4bb_4)
                                                         _2027_ (net)
                      0.070449    0.000349    2.792863 v _6474_/A2 (sky130_fd_sc_hd__a211oi_4)
     2    0.013221    0.176574    0.210613    3.003476 ^ _6474_/Y (sky130_fd_sc_hd__a211oi_4)
                                                         _2104_ (net)
                      0.176574    0.000427    3.003903 ^ _6480_/A (sky130_fd_sc_hd__nor3b_4)
     4    0.020626    0.061471    0.051981    3.055884 v _6480_/Y (sky130_fd_sc_hd__nor3b_4)
                                                         _2110_ (net)
                      0.061475    0.000865    3.056749 v _6482_/A1 (sky130_fd_sc_hd__o211ai_4)
     5    0.028702    0.208650    0.209791    3.266540 ^ _6482_/Y (sky130_fd_sc_hd__o211ai_4)
                                                         _2112_ (net)
                      0.208650    0.000520    3.267059 ^ _6484_/B (sky130_fd_sc_hd__and3_1)
     2    0.009437    0.080167    0.147821    3.414881 ^ _6484_/X (sky130_fd_sc_hd__and3_1)
                                                         _2114_ (net)
                      0.080167    0.000242    3.415122 ^ _6559_/B1 (sky130_fd_sc_hd__a211o_1)
     3    0.006803    0.052766    0.082377    3.497499 ^ _6559_/X (sky130_fd_sc_hd__a211o_1)
                                                         _2189_ (net)
                      0.052766    0.000152    3.497651 ^ _6619_/C_N (sky130_fd_sc_hd__or4bb_4)
     3    0.022656    0.081133    0.347562    3.845213 v _6619_/X (sky130_fd_sc_hd__or4bb_4)
                                                         _2249_ (net)
                      0.081133    0.001250    3.846462 v _6620_/A1 (sky130_fd_sc_hd__o21bai_4)
     2    0.011503    0.097252    0.125952    3.972414 ^ _6620_/Y (sky130_fd_sc_hd__o21bai_4)
                                                         _2250_ (net)
                      0.097253    0.000389    3.972803 ^ _6622_/A1 (sky130_fd_sc_hd__a311oi_2)
     2    0.006185    0.070131    0.068328    4.041131 v _6622_/Y (sky130_fd_sc_hd__a311oi_2)
                                                         _2252_ (net)
                      0.070131    0.000178    4.041308 v _6623_/A1 (sky130_fd_sc_hd__o21a_1)
     1    0.004746    0.030966    0.134118    4.175426 v _6623_/X (sky130_fd_sc_hd__o21a_1)
                                                         _2253_ (net)
                      0.030966    0.000091    4.175517 v _6626_/A1 (sky130_fd_sc_hd__o21a_4)
     5    0.036178    0.053343    0.162209    4.337726 v _6626_/X (sky130_fd_sc_hd__o21a_4)
                                                         _2256_ (net)
                      0.054014    0.004501    4.342227 v _7399_/A2 (sky130_fd_sc_hd__o221a_4)
     4    0.018940    0.046534    0.180618    4.522845 v _7399_/X (sky130_fd_sc_hd__o221a_4)
                                                         _3029_ (net)
                      0.046534    0.001070    4.523916 v _7405_/A2 (sky130_fd_sc_hd__a21o_1)
     3    0.013266    0.053370    0.147649    4.671565 v _7405_/X (sky130_fd_sc_hd__a21o_1)
                                                         _3035_ (net)
                      0.053376    0.000624    4.672189 v _7496_/A1 (sky130_fd_sc_hd__a211o_1)
     2    0.007929    0.050844    0.181412    4.853601 v _7496_/X (sky130_fd_sc_hd__a211o_1)
                                                         _3126_ (net)
                      0.050845    0.000285    4.853886 v _7518_/A2 (sky130_fd_sc_hd__a2111o_1)
     4    0.015360    0.082261    0.301118    5.155004 v _7518_/X (sky130_fd_sc_hd__a2111o_1)
                                                         _3148_ (net)
                      0.082261    0.000390    5.155394 v _7521_/A2 (sky130_fd_sc_hd__a21o_4)
     5    0.025825    0.043520    0.176235    5.331628 v _7521_/X (sky130_fd_sc_hd__a21o_4)
                                                         _3151_ (net)
                      0.043535    0.000744    5.332372 v _7522_/C (sky130_fd_sc_hd__nand3_4)
     9    0.048970    0.134986    0.122887    5.455259 ^ _7522_/Y (sky130_fd_sc_hd__nand3_4)
                                                         _3152_ (net)
                      0.135001    0.001136    5.456396 ^ fanout113/A (sky130_fd_sc_hd__buf_8)
    13    0.054739    0.072781    0.108840    5.565235 ^ fanout113/X (sky130_fd_sc_hd__buf_8)
                                                         net113 (net)
                      0.072800    0.000994    5.566229 ^ fanout112/A (sky130_fd_sc_hd__buf_8)
     6    0.029901    0.044725    0.084139    5.650368 ^ fanout112/X (sky130_fd_sc_hd__buf_8)
                                                         net112 (net)
                      0.044734    0.000640    5.651008 ^ fanout111/A (sky130_fd_sc_hd__buf_8)
     6    0.031165    0.045868    0.078891    5.729899 ^ fanout111/X (sky130_fd_sc_hd__buf_8)
                                                         net111 (net)
                      0.045946    0.001260    5.731159 ^ fanout110/A (sky130_fd_sc_hd__buf_8)
     5    0.021160    0.034767    0.070750    5.801909 ^ fanout110/X (sky130_fd_sc_hd__buf_8)
                                                         net110 (net)
                      0.034773    0.000461    5.802370 ^ _7563_/A2 (sky130_fd_sc_hd__o211a_1)
     2    0.005796    0.048595    0.089988    5.892358 ^ _7563_/X (sky130_fd_sc_hd__o211a_1)
                                                         _3193_ (net)
                      0.048595    0.000139    5.892497 ^ _7569_/D_N (sky130_fd_sc_hd__nor4b_4)
     2    0.010598    0.185702    0.161040    6.053536 ^ _7569_/Y (sky130_fd_sc_hd__nor4b_4)
                                                         _3199_ (net)
                      0.185702    0.000415    6.053951 ^ max_cap109/A (sky130_fd_sc_hd__buf_6)
     2    0.012420    0.030773    0.080567    6.134519 ^ max_cap109/X (sky130_fd_sc_hd__buf_6)
                                                         net109 (net)
                      0.030773    0.000225    6.134743 ^ _7614_/D (sky130_fd_sc_hd__and4_4)
     8    0.025244    0.073429    0.159040    6.293784 ^ _7614_/X (sky130_fd_sc_hd__and4_4)
                                                         _3244_ (net)
                      0.073442    0.000971    6.294754 ^ _7639_/A (sky130_fd_sc_hd__and4_1)
     1    0.006850    0.062209    0.124827    6.419581 ^ _7639_/X (sky130_fd_sc_hd__and4_1)
                                                         _3269_ (net)
                      0.062209    0.000242    6.419823 ^ fanout104/A (sky130_fd_sc_hd__buf_6)
    15    0.058368    0.092156    0.113738    6.533561 ^ fanout104/X (sky130_fd_sc_hd__buf_6)
                                                         net104 (net)
                      0.093077    0.007360    6.540921 ^ fanout103/A (sky130_fd_sc_hd__buf_8)
     5    0.018848    0.033026    0.077153    6.618074 ^ fanout103/X (sky130_fd_sc_hd__buf_8)
                                                         net103 (net)
                      0.033030    0.000382    6.618456 ^ _7661_/C (sky130_fd_sc_hd__and4bb_1)
     3    0.008381    0.075701    0.136683    6.755139 ^ _7661_/X (sky130_fd_sc_hd__and4bb_1)
                                                         _3289_ (net)
                      0.075701    0.000190    6.755329 ^ _7771_/A_N (sky130_fd_sc_hd__and4b_1)
     1    0.003831    0.033552    0.124180    6.879508 v _7771_/X (sky130_fd_sc_hd__and4b_1)
                                                         _3380_ (net)
                      0.033552    0.000122    6.879631 v _7773_/A2 (sky130_fd_sc_hd__a31o_1)
     1    0.002398    0.026359    0.125569    7.005199 v _7773_/X (sky130_fd_sc_hd__a31o_1)
                                                         multiplier_inst.overflow_calc (net)
                      0.026359    0.000068    7.005267 v _9411_/D (sky130_fd_sc_hd__dfrtp_1)
                                              7.005267   data arrival time

                                 15.000000   15.000000   clock clk (rise edge)
                                  0.000000   15.000000   clock source latency
     2    0.053846    0.184178    0.131193   15.131193 ^ clk (in)
                                                         clk (net)
                      0.184702    0.000000   15.131193 ^ clkbuf_0_clk/A (sky130_fd_sc_hd__clkbuf_16)
     9    0.085680    0.080136    0.153713   15.284906 ^ clkbuf_0_clk/X (sky130_fd_sc_hd__clkbuf_16)
                                                         clknet_0_clk (net)
                      0.080546    0.004551   15.289457 ^ clkbuf_2_3__f_clk/A (sky130_fd_sc_hd__clkbuf_16)
    23    0.117003    0.101894    0.150807   15.440265 ^ clkbuf_2_3__f_clk/X (sky130_fd_sc_hd__clkbuf_16)
                                                         clknet_2_3__leaf_clk (net)
                      0.102325    0.005349   15.445613 ^ clkbuf_leaf_14_clk/A (sky130_fd_sc_hd__clkbuf_8)
    13    0.047254    0.070442    0.132488   15.578101 ^ clkbuf_leaf_14_clk/X (sky130_fd_sc_hd__clkbuf_8)
                                                         clknet_leaf_14_clk (net)
                      0.070463    0.001169   15.579269 ^ _9411_/CLK (sky130_fd_sc_hd__dfrtp_1)
                                 -0.250000   15.329270   clock uncertainty
                                  0.000000   15.329270   clock reconvergence pessimism
                                 -0.066732   15.262538   library setup time
                                             15.262538   data required time
---------------------------------------------------------------------------------------------
                                             15.262538   data required time
                                             -7.005267   data arrival time
---------------------------------------------------------------------------------------------
                                              8.257271   slack (MET)




===========================================================================
report_checks --slack_max -0.01
============================================================================
======================= nom_ff_n40C_1v95 Corner ===================================

No paths found.


===========================================================================
 report_check_types -max_slew -max_cap -max_fanout -violators
============================================================================
======================= nom_ff_n40C_1v95 Corner ===================================

max fanout

Pin                                   Limit Fanout  Slack
---------------------------------------------------------
clkbuf_2_3__f_clk/X                      10     23    -13 (VIOLATED)
_4587_/Y                                 10     21    -11 (VIOLATED)
_4599_/X                                 10     21    -11 (VIOLATED)
_7719_/Y                                 10     21    -11 (VIOLATED)
_9270_/Q                                 10     21    -11 (VIOLATED)
_9271_/Q                                 10     21    -11 (VIOLATED)
_9272_/Q                                 10     21    -11 (VIOLATED)
_9273_/Q                                 10     21    -11 (VIOLATED)
_9276_/Q                                 10     21    -11 (VIOLATED)
_9277_/Q                                 10     21    -11 (VIOLATED)
fanout156/X                              10     21    -11 (VIOLATED)
fanout162/X                              10     21    -11 (VIOLATED)
fanout166/X                              10     21    -11 (VIOLATED)
fanout168/X                              10     21    -11 (VIOLATED)
fanout171/X                              10     21    -11 (VIOLATED)
fanout173/X                              10     21    -11 (VIOLATED)
fanout180/X                              10     21    -11 (VIOLATED)
fanout185/X                              10     21    -11 (VIOLATED)
fanout186/X                              10     21    -11 (VIOLATED)
fanout187/X                              10     21    -11 (VIOLATED)
fanout191/X                              10     21    -11 (VIOLATED)
fanout200/X                              10     21    -11 (VIOLATED)
fanout203/X                              10     21    -11 (VIOLATED)
fanout205/X                              10     21    -11 (VIOLATED)
fanout207/X                              10     21    -11 (VIOLATED)
fanout209/X                              10     21    -11 (VIOLATED)
fanout212/X                              10     21    -11 (VIOLATED)
fanout214/X                              10     21    -11 (VIOLATED)
fanout216/X                              10     21    -11 (VIOLATED)
fanout219/X                              10     21    -11 (VIOLATED)
fanout220/X                              10     21    -11 (VIOLATED)
fanout222/X                              10     21    -11 (VIOLATED)
fanout225/X                              10     21    -11 (VIOLATED)
fanout227/X                              10     21    -11 (VIOLATED)
fanout229/X                              10     21    -11 (VIOLATED)
fanout231/X                              10     21    -11 (VIOLATED)
fanout233/X                              10     21    -11 (VIOLATED)
fanout235/X                              10     21    -11 (VIOLATED)
fanout237/X                              10     21    -11 (VIOLATED)
fanout238/X                              10     21    -11 (VIOLATED)
fanout239/X                              10     21    -11 (VIOLATED)
fanout241/X                              10     21    -11 (VIOLATED)
fanout242/X                              10     21    -11 (VIOLATED)
fanout243/X                              10     21    -11 (VIOLATED)
fanout244/X                              10     21    -11 (VIOLATED)
fanout245/X                              10     21    -11 (VIOLATED)
fanout247/X                              10     21    -11 (VIOLATED)
fanout248/X                              10     21    -11 (VIOLATED)
fanout249/X                              10     21    -11 (VIOLATED)
fanout250/X                              10     21    -11 (VIOLATED)
fanout251/X                              10     21    -11 (VIOLATED)
fanout253/X                              10     21    -11 (VIOLATED)
fanout255/X                              10     21    -11 (VIOLATED)
fanout256/X                              10     21    -11 (VIOLATED)
fanout259/X                              10     21    -11 (VIOLATED)
fanout261/X                              10     21    -11 (VIOLATED)
fanout262/X                              10     21    -11 (VIOLATED)
fanout263/X                              10     21    -11 (VIOLATED)
fanout265/X                              10     21    -11 (VIOLATED)
fanout266/X                              10     21    -11 (VIOLATED)
fanout268/X                              10     21    -11 (VIOLATED)
fanout269/X                              10     21    -11 (VIOLATED)
fanout271/X                              10     21    -11 (VIOLATED)
fanout273/X                              10     21    -11 (VIOLATED)
fanout274/X                              10     21    -11 (VIOLATED)
fanout276/X                              10     21    -11 (VIOLATED)
fanout278/X                              10     21    -11 (VIOLATED)
fanout279/X                              10     21    -11 (VIOLATED)
fanout280/X                              10     21    -11 (VIOLATED)
fanout283/X                              10     21    -11 (VIOLATED)
fanout285/X                              10     21    -11 (VIOLATED)
fanout286/X                              10     21    -11 (VIOLATED)
fanout287/X                              10     21    -11 (VIOLATED)
fanout289/X                              10     21    -11 (VIOLATED)
fanout290/X                              10     21    -11 (VIOLATED)
fanout292/X                              10     21    -11 (VIOLATED)
fanout293/X                              10     21    -11 (VIOLATED)
fanout297/X                              10     21    -11 (VIOLATED)
fanout299/X                              10     21    -11 (VIOLATED)
fanout300/X                              10     21    -11 (VIOLATED)
fanout301/X                              10     21    -11 (VIOLATED)
fanout302/X                              10     21    -11 (VIOLATED)
fanout303/X                              10     21    -11 (VIOLATED)
fanout305/X                              10     21    -11 (VIOLATED)
fanout308/X                              10     21    -11 (VIOLATED)
fanout310/X                              10     21    -11 (VIOLATED)
fanout311/X                              10     21    -11 (VIOLATED)
fanout315/X                              10     21    -11 (VIOLATED)
fanout317/X                              10     21    -11 (VIOLATED)
fanout318/X                              10     21    -11 (VIOLATED)
fanout321/X                              10     21    -11 (VIOLATED)
fanout324/X                              10     21    -11 (VIOLATED)
fanout326/X                              10     21    -11 (VIOLATED)
fanout341/X                              10     21    -11 (VIOLATED)
fanout342/X                              10     21    -11 (VIOLATED)
fanout345/X                              10     21    -11 (VIOLATED)
fanout347/X                              10     21    -11 (VIOLATED)
fanout349/X                              10     21    -11 (VIOLATED)
fanout351/X                              10     21    -11 (VIOLATED)
fanout353/X                              10     21    -11 (VIOLATED)
fanout355/X                              10     21    -11 (VIOLATED)
fanout356/X                              10     21    -11 (VIOLATED)
fanout357/X                              10     21    -11 (VIOLATED)
fanout359/X                              10     21    -11 (VIOLATED)
fanout360/X                              10     21    -11 (VIOLATED)
fanout362/X                              10     21    -11 (VIOLATED)
fanout365/X                              10     21    -11 (VIOLATED)
fanout367/X                              10     21    -11 (VIOLATED)
fanout368/X                              10     21    -11 (VIOLATED)
fanout371/X                              10     21    -11 (VIOLATED)
fanout373/X                              10     21    -11 (VIOLATED)
fanout374/X                              10     21    -11 (VIOLATED)
fanout377/X                              10     21    -11 (VIOLATED)
fanout380/X                              10     21    -11 (VIOLATED)
fanout383/X                              10     21    -11 (VIOLATED)
fanout386/X                              10     21    -11 (VIOLATED)
fanout392/X                              10     21    -11 (VIOLATED)
fanout395/X                              10     21    -11 (VIOLATED)
fanout397/X                              10     21    -11 (VIOLATED)
fanout398/X                              10     21    -11 (VIOLATED)
fanout399/X                              10     21    -11 (VIOLATED)
fanout400/X                              10     21    -11 (VIOLATED)
fanout403/X                              10     21    -11 (VIOLATED)
fanout406/X                              10     21    -11 (VIOLATED)
fanout407/X                              10     21    -11 (VIOLATED)
fanout410/X                              10     21    -11 (VIOLATED)
fanout412/X                              10     21    -11 (VIOLATED)
fanout414/X                              10     21    -11 (VIOLATED)
fanout416/X                              10     21    -11 (VIOLATED)
fanout418/X                              10     21    -11 (VIOLATED)
fanout420/X                              10     21    -11 (VIOLATED)
fanout422/X                              10     21    -11 (VIOLATED)
fanout424/X                              10     21    -11 (VIOLATED)
fanout426/X                              10     21    -11 (VIOLATED)
fanout428/X                              10     21    -11 (VIOLATED)
fanout430/X                              10     21    -11 (VIOLATED)
fanout432/X                              10     21    -11 (VIOLATED)
fanout433/X                              10     21    -11 (VIOLATED)
fanout436/X                              10     21    -11 (VIOLATED)
fanout437/X                              10     21    -11 (VIOLATED)
fanout439/X                              10     21    -11 (VIOLATED)
fanout442/X                              10     21    -11 (VIOLATED)
fanout444/X                              10     21    -11 (VIOLATED)
fanout445/X                              10     21    -11 (VIOLATED)
fanout446/X                              10     21    -11 (VIOLATED)
fanout447/X                              10     21    -11 (VIOLATED)
fanout450/X                              10     21    -11 (VIOLATED)
fanout451/X                              10     21    -11 (VIOLATED)
fanout455/X                              10     21    -11 (VIOLATED)
fanout458/X                              10     21    -11 (VIOLATED)
fanout461/X                              10     21    -11 (VIOLATED)
fanout464/X                              10     21    -11 (VIOLATED)
fanout465/X                              10     21    -11 (VIOLATED)
fanout467/X                              10     21    -11 (VIOLATED)
fanout470/X                              10     21    -11 (VIOLATED)
fanout472/X                              10     21    -11 (VIOLATED)
fanout474/X                              10     21    -11 (VIOLATED)
fanout475/X                              10     21    -11 (VIOLATED)
fanout477/X                              10     21    -11 (VIOLATED)
fanout479/X                              10     21    -11 (VIOLATED)
fanout480/X                              10     21    -11 (VIOLATED)
fanout491/X                              10     21    -11 (VIOLATED)
fanout501/X                              10     21    -11 (VIOLATED)
fanout503/X                              10     21    -11 (VIOLATED)
fanout505/X                              10     21    -11 (VIOLATED)
_8757_/X                                 10     19     -9 (VIOLATED)
_9274_/Q                                 10     19     -9 (VIOLATED)
_9275_/Q                                 10     19     -9 (VIOLATED)
_9279_/Q                                 10     19     -9 (VIOLATED)
clkbuf_2_2__f_clk/X                      10     19     -9 (VIOLATED)
clkbuf_leaf_28_clk/X                     10     19     -9 (VIOLATED)
clkbuf_leaf_31_clk/X                     10     19     -9 (VIOLATED)
fanout155/X                              10     19     -9 (VIOLATED)
fanout164/X                              10     19     -9 (VIOLATED)
fanout199/X                              10     19     -9 (VIOLATED)
fanout232/X                              10     19     -9 (VIOLATED)
fanout260/X                              10     19     -9 (VIOLATED)
fanout267/X                              10     19     -9 (VIOLATED)
fanout402/X                              10     19     -9 (VIOLATED)
fanout413/X                              10     19     -9 (VIOLATED)
fanout448/X                              10     19     -9 (VIOLATED)
fanout454/X                              10     19     -9 (VIOLATED)
fanout460/X                              10     19     -9 (VIOLATED)
fanout462/X                              10     19     -9 (VIOLATED)
fanout506/X                              10     19     -9 (VIOLATED)
fanout542/X                              10     19     -9 (VIOLATED)
clkbuf_leaf_4_clk/X                      10     18     -8 (VIOLATED)
clkbuf_2_1__f_clk/X                      10     17     -7 (VIOLATED)
clkbuf_leaf_13_clk/X                     10     17     -7 (VIOLATED)
clkbuf_leaf_27_clk/X                     10     17     -7 (VIOLATED)
fanout175/X                              10     17     -7 (VIOLATED)
fanout202/X                              10     17     -7 (VIOLATED)
fanout206/X                              10     17     -7 (VIOLATED)
fanout284/X                              10     17     -7 (VIOLATED)
fanout307/X                              10     17     -7 (VIOLATED)
fanout330/X                              10     17     -7 (VIOLATED)
fanout348/X                              10     17     -7 (VIOLATED)
fanout378/X                              10     17     -7 (VIOLATED)
fanout384/X                              10     17     -7 (VIOLATED)
fanout385/X                              10     17     -7 (VIOLATED)
fanout387/X                              10     17     -7 (VIOLATED)
fanout394/X                              10     17     -7 (VIOLATED)
fanout423/X                              10     17     -7 (VIOLATED)
fanout434/X                              10     17     -7 (VIOLATED)
fanout449/X                              10     17     -7 (VIOLATED)
fanout453/X                              10     17     -7 (VIOLATED)
fanout456/X                              10     17     -7 (VIOLATED)
fanout468/X                              10     17     -7 (VIOLATED)
fanout523/X                              10     17     -7 (VIOLATED)
rebuffer24/X                             10     17     -7 (VIOLATED)
clkbuf_leaf_0_clk/X                      10     16     -6 (VIOLATED)
clkbuf_leaf_16_clk/X                     10     16     -6 (VIOLATED)
clkbuf_leaf_9_clk/X                      10     16     -6 (VIOLATED)
_7829_/Y                                 10     15     -5 (VIOLATED)
_9286_/Q                                 10     15     -5 (VIOLATED)
clkbuf_2_0__f_clk/X                      10     15     -5 (VIOLATED)
clkbuf_leaf_17_clk/X                     10     15     -5 (VIOLATED)
clkbuf_leaf_3_clk/X                      10     15     -5 (VIOLATED)
fanout104/X                              10     15     -5 (VIOLATED)
fanout108/X                              10     15     -5 (VIOLATED)
fanout210/X                              10     15     -5 (VIOLATED)
fanout213/X                              10     15     -5 (VIOLATED)
fanout215/X                              10     15     -5 (VIOLATED)
fanout217/X                              10     15     -5 (VIOLATED)
fanout226/X                              10     15     -5 (VIOLATED)
fanout240/X                              10     15     -5 (VIOLATED)
fanout246/X                              10     15     -5 (VIOLATED)
fanout258/X                              10     15     -5 (VIOLATED)
fanout288/X                              10     15     -5 (VIOLATED)
fanout294/X                              10     15     -5 (VIOLATED)
fanout333/X                              10     15     -5 (VIOLATED)
fanout346/X                              10     15     -5 (VIOLATED)
fanout354/X                              10     15     -5 (VIOLATED)
fanout358/X                              10     15     -5 (VIOLATED)
fanout361/X                              10     15     -5 (VIOLATED)
fanout396/X                              10     15     -5 (VIOLATED)
fanout409/X                              10     15     -5 (VIOLATED)
fanout425/X                              10     15     -5 (VIOLATED)
fanout427/X                              10     15     -5 (VIOLATED)
fanout429/X                              10     15     -5 (VIOLATED)
fanout431/X                              10     15     -5 (VIOLATED)
fanout438/X                              10     15     -5 (VIOLATED)
fanout459/X                              10     15     -5 (VIOLATED)
fanout466/X                              10     15     -5 (VIOLATED)
fanout489/X                              10     15     -5 (VIOLATED)
fanout517/X                              10     15     -5 (VIOLATED)
clkbuf_leaf_14_clk/X                     10     13     -3 (VIOLATED)
clkbuf_leaf_24_clk/X                     10     13     -3 (VIOLATED)
fanout113/X                              10     13     -3 (VIOLATED)
fanout161/X                              10     13     -3 (VIOLATED)
fanout201/X                              10     13     -3 (VIOLATED)
fanout211/X                              10     13     -3 (VIOLATED)
fanout252/X                              10     13     -3 (VIOLATED)
fanout254/X                              10     13     -3 (VIOLATED)
fanout270/X                              10     13     -3 (VIOLATED)
fanout277/X                              10     13     -3 (VIOLATED)
fanout281/X                              10     13     -3 (VIOLATED)
fanout295/X                              10     13     -3 (VIOLATED)
fanout304/X                              10     13     -3 (VIOLATED)
fanout322/X                              10     13     -3 (VIOLATED)
fanout337/X                              10     13     -3 (VIOLATED)
fanout343/X                              10     13     -3 (VIOLATED)
fanout363/X                              10     13     -3 (VIOLATED)
fanout364/X                              10     13     -3 (VIOLATED)
fanout369/X                              10     13     -3 (VIOLATED)
fanout370/X                              10     13     -3 (VIOLATED)
fanout376/X                              10     13     -3 (VIOLATED)
fanout382/X                              10     13     -3 (VIOLATED)
fanout388/X                              10     13     -3 (VIOLATED)
fanout391/X                              10     13     -3 (VIOLATED)
fanout408/X                              10     13     -3 (VIOLATED)
fanout417/X                              10     13     -3 (VIOLATED)
fanout435/X                              10     13     -3 (VIOLATED)
fanout457/X                              10     13     -3 (VIOLATED)
fanout463/X                              10     13     -3 (VIOLATED)
fanout469/X                              10     13     -3 (VIOLATED)
fanout486/X                              10     13     -3 (VIOLATED)
fanout494/X                              10     13     -3 (VIOLATED)
fanout534/X                              10     13     -3 (VIOLATED)
clkbuf_leaf_22_clk/X                     10     12     -2 (VIOLATED)
clkbuf_leaf_25_clk/X                     10     12     -2 (VIOLATED)
clkbuf_leaf_5_clk/X                      10     12     -2 (VIOLATED)
clkbuf_leaf_8_clk/X                      10     12     -2 (VIOLATED)
_5405_/X                                 10     11        (VIOLATED)
_5451_/X                                 10     11        (VIOLATED)
_7640_/Y                                 10     11        (VIOLATED)
_8542_/Y                                 10     11        (VIOLATED)
_9346_/Q                                 10     11        (VIOLATED)
_9396_/Q                                 10     11        (VIOLATED)
_9410_/Q                                 10     11        (VIOLATED)
clkbuf_leaf_15_clk/X                     10     11        (VIOLATED)
clkbuf_leaf_20_clk/X                     10     11        (VIOLATED)
clone60/X                                10     11        (VIOLATED)
clone81/X                                10     11        (VIOLATED)
clone92/X                                10     11        (VIOLATED)
fanout142/X                              10     11        (VIOLATED)
fanout178/X                              10     11        (VIOLATED)
fanout204/X                              10     11        (VIOLATED)
fanout208/X                              10     11        (VIOLATED)
fanout218/X                              10     11        (VIOLATED)
fanout221/X                              10     11        (VIOLATED)
fanout224/X                              10     11        (VIOLATED)
fanout230/X                              10     11        (VIOLATED)
fanout236/X                              10     11        (VIOLATED)
fanout264/X                              10     11        (VIOLATED)
fanout272/X                              10     11        (VIOLATED)
fanout275/X                              10     11        (VIOLATED)
fanout282/X                              10     11        (VIOLATED)
fanout291/X                              10     11        (VIOLATED)
fanout298/X                              10     11        (VIOLATED)
fanout309/X                              10     11        (VIOLATED)
fanout313/X                              10     11        (VIOLATED)
fanout316/X                              10     11        (VIOLATED)
fanout323/X                              10     11        (VIOLATED)
fanout327/X                              10     11        (VIOLATED)
fanout340/X                              10     11        (VIOLATED)
fanout344/X                              10     11        (VIOLATED)
fanout352/X                              10     11        (VIOLATED)
fanout375/X                              10     11        (VIOLATED)
fanout381/X                              10     11        (VIOLATED)
fanout389/X                              10     11        (VIOLATED)
fanout404/X                              10     11        (VIOLATED)
fanout405/X                              10     11        (VIOLATED)
fanout411/X                              10     11        (VIOLATED)
fanout415/X                              10     11        (VIOLATED)
fanout421/X                              10     11        (VIOLATED)
fanout441/X                              10     11        (VIOLATED)
fanout476/X                              10     11        (VIOLATED)
fanout481/X                              10     11        (VIOLATED)
fanout482/X                              10     11        (VIOLATED)
fanout484/X                              10     11        (VIOLATED)
fanout518/X                              10     11        (VIOLATED)
fanout539/X                              10     11        (VIOLATED)
fanout548/X                              10     11        (VIOLATED)
fanout549/X                              10     11        (VIOLATED)
rebuffer6/X                              10     11        (VIOLATED)



===========================================================================
report_parasitic_annotation -report_unannotated
============================================================================
Found 29 unannotated drivers.
 clkload0/Y
 clkload1/Y
 clkload10/Y
 clkload11/Y
 clkload12/Y
 clkload13/Y
 clkload14/Y
 clkload15/Y
 clkload16/Y
 clkload17/Y
 clkload18/Y
 clkload19/Y
 clkload2/Y
 clkload20/Y
 clkload21/Y
 clkload22/X
 clkload23/Y
 clkload24/Y
 clkload25/Y
 clkload26/Y
 clkload27/Y
 clkload28/Y
 clkload3/Y
 clkload4/Y
 clkload5/Y
 clkload6/X
 clkload7/Y
 clkload8/Y
 clkload9/Y
Found 0 partially unannotated drivers.

===========================================================================
max slew violation count 0
max fanout violation count 336
max cap violation count 0
============================================================================

===========================================================================
check_setup -verbose -unconstrained_endpoints -multiple_clock -no_clock -no_input_delay -loops -generated_clocks
===========================================================================
