
===========================================================================
report_checks -unconstrained
===========================================================================
======================= min_ff_n40C_1v95 Corner ===================================

Startpoint: rst (input port clocked by clk)
Endpoint: _9217_ (recovery check against rising-edge clock clk)
Path Group: asynchronous
Path Type: max

Fanout         Cap        Slew       Delay        Time   Description
---------------------------------------------------------------------------------------------
                                  0.000000    0.000000   clock clk (rise edge)
                                  0.000000    0.000000   clock network delay (propagated)
                                  3.000000    3.000000 v input external delay
     2    0.003576    0.005870    0.002937    3.002937 v rst (in)
                                                         rst (net)
                      0.005870    0.000000    3.002937 v input67/A (sky130_fd_sc_hd__clkbuf_2)
     5    0.040498    0.106392    0.127842    3.130779 v input67/X (sky130_fd_sc_hd__clkbuf_2)
                                                         net67 (net)
                      0.106393    0.000311    3.131090 v fanout523/A (sky130_fd_sc_hd__buf_4)
    17    0.082681    0.078679    0.175477    3.306567 v fanout523/X (sky130_fd_sc_hd__buf_4)
                                                         net523 (net)
                      0.078679    0.000168    3.306735 v fanout518/A (sky130_fd_sc_hd__clkbuf_2)
    11    0.038034    0.101281    0.153131    3.459866 v fanout518/X (sky130_fd_sc_hd__clkbuf_2)
                                                         net518 (net)
                      0.101281    0.000070    3.459936 v fanout517/A (sky130_fd_sc_hd__clkbuf_4)
    15    0.049852    0.076375    0.167815    3.627751 v fanout517/X (sky130_fd_sc_hd__clkbuf_4)
                                                         net517 (net)
                      0.076375    0.000269    3.628020 v fanout516/A (sky130_fd_sc_hd__clkbuf_4)
     8    0.040232    0.063898    0.148314    3.776334 v fanout516/X (sky130_fd_sc_hd__clkbuf_4)
                                                         net516 (net)
                      0.063898    0.000135    3.776469 v fanout515/A (sky130_fd_sc_hd__buf_4)
    10    0.057972    0.062154    0.142105    3.918574 v fanout515/X (sky130_fd_sc_hd__buf_4)
                                                         net515 (net)
                      0.062232    0.001958    3.920532 v _8903_/A (sky130_fd_sc_hd__inv_2)
     1    0.004901    0.028221    0.044635    3.965166 ^ _8903_/Y (sky130_fd_sc_hd__inv_2)
                                                         _0127_ (net)
                      0.028221    0.000059    3.965225 ^ _9217_/RESET_B (sky130_fd_sc_hd__dfrtp_1)
                                              3.965225   data arrival time

                                 15.000000   15.000000   clock clk (rise edge)
                                  0.000000   15.000000   clock source latency
     2    0.049588    0.169108    0.120263   15.120263 ^ clk (in)
                                                         clk (net)
                      0.169406    0.000000   15.120263 ^ clkbuf_0_clk/A (sky130_fd_sc_hd__clkbuf_16)
     9    0.080582    0.076061    0.149694   15.269957 ^ clkbuf_0_clk/X (sky130_fd_sc_hd__clkbuf_16)
                                                         clknet_0_clk (net)
                      0.076321    0.003160   15.273116 ^ clkbuf_2_1__f_clk/A (sky130_fd_sc_hd__clkbuf_16)
    17    0.098655    0.088163    0.140654   15.413771 ^ clkbuf_2_1__f_clk/X (sky130_fd_sc_hd__clkbuf_16)
                                                         clknet_2_1__leaf_clk (net)
                      0.088587    0.004876   15.418647 ^ clkbuf_leaf_5_clk/A (sky130_fd_sc_hd__clkbuf_8)
    12    0.044565    0.067178    0.126699   15.545345 ^ clkbuf_leaf_5_clk/X (sky130_fd_sc_hd__clkbuf_8)
                                                         clknet_leaf_5_clk (net)
                      0.067178    0.000231   15.545576 ^ _9217_/CLK (sky130_fd_sc_hd__dfrtp_1)
                                 -0.250000   15.295577   clock uncertainty
                                  0.000000   15.295577   clock reconvergence pessimism
                                  0.149580   15.445157   library recovery time
                                             15.445157   data required time
---------------------------------------------------------------------------------------------
                                             15.445157   data required time
                                             -3.965225   data arrival time
---------------------------------------------------------------------------------------------
                                             11.479932   slack (MET)


Startpoint: _9326_ (rising edge-triggered flip-flop clocked by clk)
Endpoint: _9411_ (rising edge-triggered flip-flop clocked by clk)
Path Group: clk
Path Type: max

Fanout         Cap        Slew       Delay        Time   Description
---------------------------------------------------------------------------------------------
                                  0.000000    0.000000   clock clk (rise edge)
                                  0.000000    0.000000   clock source latency
     2    0.049588    0.169108    0.120263    0.120263 ^ clk (in)
                                                         clk (net)
                      0.169406    0.000000    0.120263 ^ clkbuf_0_clk/A (sky130_fd_sc_hd__clkbuf_16)
     9    0.080582    0.076061    0.149694    0.269957 ^ clkbuf_0_clk/X (sky130_fd_sc_hd__clkbuf_16)
                                                         clknet_0_clk (net)
                      0.076261    0.002678    0.272635 ^ clkbuf_2_0__f_clk/A (sky130_fd_sc_hd__clkbuf_16)
    15    0.095253    0.085581    0.137378    0.410013 ^ clkbuf_2_0__f_clk/X (sky130_fd_sc_hd__clkbuf_16)
                                                         clknet_2_0__leaf_clk (net)
                      0.086609    0.007413    0.417427 ^ clkbuf_leaf_0_clk/A (sky130_fd_sc_hd__clkbuf_8)
    16    0.050062    0.073860    0.131028    0.548454 ^ clkbuf_leaf_0_clk/X (sky130_fd_sc_hd__clkbuf_8)
                                                         clknet_leaf_0_clk (net)
                      0.073860    0.000340    0.548794 ^ _9326_/CLK (sky130_fd_sc_hd__dfrtp_2)
     5    0.035466    0.132814    0.304787    0.853581 ^ _9326_/Q (sky130_fd_sc_hd__dfrtp_2)
                                                         adder_inst.man_b_r[4] (net)
                      0.132851    0.002160    0.855741 ^ fanout316/A (sky130_fd_sc_hd__buf_2)
    11    0.054094    0.198818    0.208316    1.064057 ^ fanout316/X (sky130_fd_sc_hd__buf_2)
                                                         net316 (net)
                      0.198928    0.003870    1.067927 ^ fanout315/A (sky130_fd_sc_hd__buf_2)
    21    0.057415    0.209915    0.222743    1.290670 ^ fanout315/X (sky130_fd_sc_hd__buf_2)
                                                         net315 (net)
                      0.209915    0.000143    1.290812 ^ fanout314/A (sky130_fd_sc_hd__buf_2)
    10    0.038670    0.144043    0.179244    1.470056 ^ fanout314/X (sky130_fd_sc_hd__buf_2)
                                                         net314 (net)
                      0.144072    0.001710    1.471766 ^ _6271_/C (sky130_fd_sc_hd__and4_1)
     2    0.006805    0.063155    0.142623    1.614389 ^ _6271_/X (sky130_fd_sc_hd__and4_1)
                                                         _1901_ (net)
                      0.063155    0.000114    1.614502 ^ _6273_/A (sky130_fd_sc_hd__nor2_1)
     1    0.004876    0.038437    0.035903    1.650405 v _6273_/Y (sky130_fd_sc_hd__nor2_1)
                                                         _1903_ (net)
                      0.038437    0.000044    1.650449 v _6274_/B (sky130_fd_sc_hd__xnor2_1)
     3    0.010628    0.190675    0.170180    1.820629 ^ _6274_/Y (sky130_fd_sc_hd__xnor2_1)
                                                         _1904_ (net)
                      0.190675    0.000140    1.820770 ^ _6276_/A2 (sky130_fd_sc_hd__a21bo_1)
     2    0.014984    0.099331    0.132150    1.952920 ^ _6276_/X (sky130_fd_sc_hd__a21bo_1)
                                                         _1906_ (net)
                      0.099331    0.000252    1.953172 ^ _6279_/B1 (sky130_fd_sc_hd__a21o_1)
     3    0.017912    0.121249    0.119235    2.072406 ^ _6279_/X (sky130_fd_sc_hd__a21o_1)
                                                         _1909_ (net)
                      0.121250    0.000588    2.072995 ^ rebuffer15/A (sky130_fd_sc_hd__buf_2)
     1    0.005561    0.029791    0.088370    2.161365 ^ rebuffer15/X (sky130_fd_sc_hd__buf_2)
                                                         net564 (net)
                      0.029791    0.000052    2.161417 ^ _6378_/A2 (sky130_fd_sc_hd__a21oi_2)
     2    0.011325    0.048671    0.041714    2.203130 v _6378_/Y (sky130_fd_sc_hd__a21oi_2)
                                                         _2008_ (net)
                      0.048671    0.000085    2.203215 v _6380_/A1 (sky130_fd_sc_hd__o211a_1)
     3    0.009615    0.049210    0.167761    2.370976 v _6380_/X (sky130_fd_sc_hd__o211a_1)
                                                         _2010_ (net)
                      0.049210    0.000177    2.371153 v _6397_/A (sky130_fd_sc_hd__or4bb_4)
     2    0.014107    0.070244    0.343819    2.714973 v _6397_/X (sky130_fd_sc_hd__or4bb_4)
                                                         _2027_ (net)
                      0.070244    0.000111    2.715083 v _6474_/A2 (sky130_fd_sc_hd__a211oi_4)
     2    0.013085    0.175708    0.209930    2.925014 ^ _6474_/Y (sky130_fd_sc_hd__a211oi_4)
                                                         _2104_ (net)
                      0.175708    0.000171    2.925185 ^ _6480_/A (sky130_fd_sc_hd__nor3b_4)
     4    0.020009    0.060758    0.051292    2.976477 v _6480_/Y (sky130_fd_sc_hd__nor3b_4)
                                                         _2110_ (net)
                      0.060759    0.000427    2.976904 v _6482_/A1 (sky130_fd_sc_hd__o211ai_4)
     5    0.028356    0.207145    0.208514    3.185418 ^ _6482_/Y (sky130_fd_sc_hd__o211ai_4)
                                                         _2112_ (net)
                      0.207145    0.000209    3.185628 ^ _6484_/B (sky130_fd_sc_hd__and3_1)
     2    0.009208    0.078672    0.146533    3.332160 ^ _6484_/X (sky130_fd_sc_hd__and3_1)
                                                         _2114_ (net)
                      0.078672    0.000096    3.332256 ^ _6559_/B1 (sky130_fd_sc_hd__a211o_1)
     3    0.006615    0.051591    0.081403    3.413659 ^ _6559_/X (sky130_fd_sc_hd__a211o_1)
                                                         _2189_ (net)
                      0.051591    0.000057    3.413716 ^ _6619_/C_N (sky130_fd_sc_hd__or4bb_4)
     3    0.021529    0.080081    0.345859    3.759575 v _6619_/X (sky130_fd_sc_hd__or4bb_4)
                                                         _2249_ (net)
                      0.080081    0.000745    3.760320 v _6620_/A1 (sky130_fd_sc_hd__o21bai_4)
     2    0.011001    0.095335    0.124017    3.884337 ^ _6620_/Y (sky130_fd_sc_hd__o21bai_4)
                                                         _2250_ (net)
                      0.095335    0.000226    3.884562 ^ _6622_/A1 (sky130_fd_sc_hd__a311oi_2)
     2    0.006018    0.069398    0.067339    3.951902 v _6622_/Y (sky130_fd_sc_hd__a311oi_2)
                                                         _2252_ (net)
                      0.069398    0.000067    3.951969 v _6623_/A1 (sky130_fd_sc_hd__o21a_1)
     1    0.004736    0.030932    0.133864    4.085832 v _6623_/X (sky130_fd_sc_hd__o21a_1)
                                                         _2253_ (net)
                      0.030932    0.000017    4.085850 v _6626_/A1 (sky130_fd_sc_hd__o21a_4)
     5    0.033296    0.050572    0.160274    4.246124 v _6626_/X (sky130_fd_sc_hd__o21a_4)
                                                         _2256_ (net)
                      0.050940    0.003149    4.249273 v _7399_/A2 (sky130_fd_sc_hd__o221a_4)
     4    0.018092    0.045901    0.178763    4.428035 v _7399_/X (sky130_fd_sc_hd__o221a_4)
                                                         _3029_ (net)
                      0.045901    0.000689    4.428725 v _7405_/A2 (sky130_fd_sc_hd__a21o_1)
     3    0.012602    0.051481    0.145860    4.574585 v _7405_/X (sky130_fd_sc_hd__a21o_1)
                                                         _3035_ (net)
                      0.051483    0.000410    4.574995 v _7496_/A1 (sky130_fd_sc_hd__a211o_1)
     2    0.007507    0.049282    0.179178    4.754172 v _7496_/X (sky130_fd_sc_hd__a211o_1)
                                                         _3126_ (net)
                      0.049282    0.000162    4.754334 v _7518_/A2 (sky130_fd_sc_hd__a2111o_1)
     4    0.014973    0.081006    0.299441    5.053776 v _7518_/X (sky130_fd_sc_hd__a2111o_1)
                                                         _3148_ (net)
                      0.081006    0.000161    5.053937 v _7521_/A2 (sky130_fd_sc_hd__a21o_4)
     5    0.024839    0.042732    0.175071    5.229008 v _7521_/X (sky130_fd_sc_hd__a21o_4)
                                                         _3151_ (net)
                      0.042734    0.000340    5.229348 v _7522_/C (sky130_fd_sc_hd__nand3_4)
     9    0.045919    0.128526    0.118693    5.348041 ^ _7522_/Y (sky130_fd_sc_hd__nand3_4)
                                                         _3152_ (net)
                      0.128528    0.000411    5.348453 ^ fanout113/A (sky130_fd_sc_hd__buf_8)
    13    0.051600    0.069179    0.106715    5.455168 ^ fanout113/X (sky130_fd_sc_hd__buf_8)
                                                         net113 (net)
                      0.069181    0.000321    5.455489 ^ fanout112/A (sky130_fd_sc_hd__buf_8)
     6    0.029282    0.044076    0.083017    5.538506 ^ fanout112/X (sky130_fd_sc_hd__buf_8)
                                                         net112 (net)
                      0.044076    0.000237    5.538743 ^ fanout111/A (sky130_fd_sc_hd__buf_8)
     6    0.030374    0.044991    0.078327    5.617069 ^ fanout111/X (sky130_fd_sc_hd__buf_8)
                                                         net111 (net)
                      0.045002    0.000693    5.617762 ^ fanout110/A (sky130_fd_sc_hd__buf_8)
     5    0.020505    0.034068    0.070131    5.687892 ^ fanout110/X (sky130_fd_sc_hd__buf_8)
                                                         net110 (net)
                      0.034068    0.000191    5.688084 ^ _7563_/A2 (sky130_fd_sc_hd__o211a_1)
     2    0.005656    0.047637    0.089285    5.777369 ^ _7563_/X (sky130_fd_sc_hd__o211a_1)
                                                         _3193_ (net)
                      0.047637    0.000044    5.777413 ^ _7569_/D_N (sky130_fd_sc_hd__nor4b_4)
     2    0.010208    0.182599    0.158334    5.935747 ^ _7569_/Y (sky130_fd_sc_hd__nor4b_4)
                                                         _3199_ (net)
                      0.182599    0.000218    5.935965 ^ max_cap109/A (sky130_fd_sc_hd__buf_6)
     2    0.012330    0.030605    0.080417    6.016382 ^ max_cap109/X (sky130_fd_sc_hd__buf_6)
                                                         net109 (net)
                      0.030605    0.000083    6.016466 ^ _7614_/D (sky130_fd_sc_hd__and4_4)
     8    0.024578    0.072075    0.158195    6.174661 ^ _7614_/X (sky130_fd_sc_hd__and4_4)
                                                         _3244_ (net)
                      0.072078    0.000513    6.175173 ^ _7639_/A (sky130_fd_sc_hd__and4_1)
     1    0.006641    0.060824    0.123455    6.298628 ^ _7639_/X (sky130_fd_sc_hd__and4_1)
                                                         _3269_ (net)
                      0.060824    0.000101    6.298730 ^ fanout104/A (sky130_fd_sc_hd__buf_6)
    15    0.055558    0.088004    0.111792    6.410522 ^ fanout104/X (sky130_fd_sc_hd__buf_6)
                                                         net104 (net)
                      0.088471    0.005144    6.415667 ^ fanout103/A (sky130_fd_sc_hd__buf_8)
     5    0.018274    0.032351    0.076476    6.492142 ^ fanout103/X (sky130_fd_sc_hd__buf_8)
                                                         net103 (net)
                      0.032351    0.000162    6.492304 ^ _7661_/C (sky130_fd_sc_hd__and4bb_1)
     3    0.008141    0.074016    0.135294    6.627598 ^ _7661_/X (sky130_fd_sc_hd__and4bb_1)
                                                         _3289_ (net)
                      0.074016    0.000073    6.627671 ^ _7771_/A_N (sky130_fd_sc_hd__and4b_1)
     1    0.003670    0.033079    0.123400    6.751070 v _7771_/X (sky130_fd_sc_hd__and4b_1)
                                                         _3380_ (net)
                      0.033079    0.000050    6.751121 v _7773_/A2 (sky130_fd_sc_hd__a31o_1)
     1    0.002362    0.026250    0.125230    6.876350 v _7773_/X (sky130_fd_sc_hd__a31o_1)
                                                         multiplier_inst.overflow_calc (net)
                      0.026250    0.000020    6.876371 v _9411_/D (sky130_fd_sc_hd__dfrtp_1)
                                              6.876371   data arrival time

                                 15.000000   15.000000   clock clk (rise edge)
                                  0.000000   15.000000   clock source latency
     2    0.049588    0.169108    0.120263   15.120263 ^ clk (in)
                                                         clk (net)
                      0.169406    0.000000   15.120263 ^ clkbuf_0_clk/A (sky130_fd_sc_hd__clkbuf_16)
     9    0.080582    0.076061    0.149694   15.269957 ^ clkbuf_0_clk/X (sky130_fd_sc_hd__clkbuf_16)
                                                         clknet_0_clk (net)
                      0.076267    0.002732   15.272689 ^ clkbuf_2_3__f_clk/A (sky130_fd_sc_hd__clkbuf_16)
    23    0.110892    0.096809    0.147534   15.420222 ^ clkbuf_2_3__f_clk/X (sky130_fd_sc_hd__clkbuf_16)
                                                         clknet_2_3__leaf_clk (net)
                      0.096970    0.003190   15.423412 ^ clkbuf_leaf_14_clk/A (sky130_fd_sc_hd__clkbuf_8)
    13    0.045924    0.068907    0.130127   15.553539 ^ clkbuf_leaf_14_clk/X (sky130_fd_sc_hd__clkbuf_8)
                                                         clknet_leaf_14_clk (net)
                      0.068910    0.000583   15.554122 ^ _9411_/CLK (sky130_fd_sc_hd__dfrtp_1)
                                 -0.250000   15.304123   clock uncertainty
                                  0.000000   15.304123   clock reconvergence pessimism
                                 -0.066842   15.237280   library setup time
                                             15.237280   data required time
---------------------------------------------------------------------------------------------
                                             15.237280   data required time
                                             -6.876371   data arrival time
---------------------------------------------------------------------------------------------
                                              8.360909   slack (MET)




===========================================================================
report_checks --slack_max -0.01
============================================================================
======================= min_ff_n40C_1v95 Corner ===================================

No paths found.


===========================================================================
 report_check_types -max_slew -max_cap -max_fanout -violators
============================================================================
======================= min_ff_n40C_1v95 Corner ===================================

max fanout

Pin                                   Limit Fanout  Slack
---------------------------------------------------------
clkbuf_2_3__f_clk/X                      10     23    -13 (VIOLATED)
_4587_/Y                                 10     21    -11 (VIOLATED)
_4599_/X                                 10     21    -11 (VIOLATED)
_7719_/Y                                 10     21    -11 (VIOLATED)
_9270_/Q                                 10     21    -11 (VIOLATED)
_9271_/Q                                 10     21    -11 (VIOLATED)
_9272_/Q                                 10     21    -11 (VIOLATED)
_9273_/Q                                 10     21    -11 (VIOLATED)
_9276_/Q                                 10     21    -11 (VIOLATED)
_9277_/Q                                 10     21    -11 (VIOLATED)
fanout156/X                              10     21    -11 (VIOLATED)
fanout162/X                              10     21    -11 (VIOLATED)
fanout166/X                              10     21    -11 (VIOLATED)
fanout168/X                              10     21    -11 (VIOLATED)
fanout171/X                              10     21    -11 (VIOLATED)
fanout173/X                              10     21    -11 (VIOLATED)
fanout180/X                              10     21    -11 (VIOLATED)
fanout185/X                              10     21    -11 (VIOLATED)
fanout186/X                              10     21    -11 (VIOLATED)
fanout187/X                              10     21    -11 (VIOLATED)
fanout191/X                              10     21    -11 (VIOLATED)
fanout200/X                              10     21    -11 (VIOLATED)
fanout203/X                              10     21    -11 (VIOLATED)
fanout205/X                              10     21    -11 (VIOLATED)
fanout207/X                              10     21    -11 (VIOLATED)
fanout209/X                              10     21    -11 (VIOLATED)
fanout212/X                              10     21    -11 (VIOLATED)
fanout214/X                              10     21    -11 (VIOLATED)
fanout216/X                              10     21    -11 (VIOLATED)
fanout219/X                              10     21    -11 (VIOLATED)
fanout220/X                              10     21    -11 (VIOLATED)
fanout222/X                              10     21    -11 (VIOLATED)
fanout225/X                              10     21    -11 (VIOLATED)
fanout227/X                              10     21    -11 (VIOLATED)
fanout229/X                              10     21    -11 (VIOLATED)
fanout231/X                              10     21    -11 (VIOLATED)
fanout233/X                              10     21    -11 (VIOLATED)
fanout235/X                              10     21    -11 (VIOLATED)
fanout237/X                              10     21    -11 (VIOLATED)
fanout238/X                              10     21    -11 (VIOLATED)
fanout239/X                              10     21    -11 (VIOLATED)
fanout241/X                              10     21    -11 (VIOLATED)
fanout242/X                              10     21    -11 (VIOLATED)
fanout243/X                              10     21    -11 (VIOLATED)
fanout244/X                              10     21    -11 (VIOLATED)
fanout245/X                              10     21    -11 (VIOLATED)
fanout247/X                              10     21    -11 (VIOLATED)
fanout248/X                              10     21    -11 (VIOLATED)
fanout249/X                              10     21    -11 (VIOLATED)
fanout250/X                              10     21    -11 (VIOLATED)
fanout251/X                              10     21    -11 (VIOLATED)
fanout253/X                              10     21    -11 (VIOLATED)
fanout255/X                              10     21    -11 (VIOLATED)
fanout256/X                              10     21    -11 (VIOLATED)
fanout259/X                              10     21    -11 (VIOLATED)
fanout261/X                              10     21    -11 (VIOLATED)
fanout262/X                              10     21    -11 (VIOLATED)
fanout263/X                              10     21    -11 (VIOLATED)
fanout265/X                              10     21    -11 (VIOLATED)
fanout266/X                              10     21    -11 (VIOLATED)
fanout268/X                              10     21    -11 (VIOLATED)
fanout269/X                              10     21    -11 (VIOLATED)
fanout271/X                              10     21    -11 (VIOLATED)
fanout273/X                              10     21    -11 (VIOLATED)
fanout274/X                              10     21    -11 (VIOLATED)
fanout276/X                              10     21    -11 (VIOLATED)
fanout278/X                              10     21    -11 (VIOLATED)
fanout279/X                              10     21    -11 (VIOLATED)
fanout280/X                              10     21    -11 (VIOLATED)
fanout283/X                              10     21    -11 (VIOLATED)
fanout285/X                              10     21    -11 (VIOLATED)
fanout286/X                              10     21    -11 (VIOLATED)
fanout287/X                              10     21    -11 (VIOLATED)
fanout289/X                              10     21    -11 (VIOLATED)
fanout290/X                              10     21    -11 (VIOLATED)
fanout292/X                              10     21    -11 (VIOLATED)
fanout293/X                              10     21    -11 (VIOLATED)
fanout297/X                              10     21    -11 (VIOLATED)
fanout299/X                              10     21    -11 (VIOLATED)
fanout300/X                              10     21    -11 (VIOLATED)
fanout301/X                              10     21    -11 (VIOLATED)
fanout302/X                              10     21    -11 (VIOLATED)
fanout303/X                              10     21    -11 (VIOLATED)
fanout305/X                              10     21    -11 (VIOLATED)
fanout308/X                              10     21    -11 (VIOLATED)
fanout310/X                              10     21    -11 (VIOLATED)
fanout311/X                              10     21    -11 (VIOLATED)
fanout315/X                              10     21    -11 (VIOLATED)
fanout317/X                              10     21    -11 (VIOLATED)
fanout318/X                              10     21    -11 (VIOLATED)
fanout321/X                              10     21    -11 (VIOLATED)
fanout324/X                              10     21    -11 (VIOLATED)
fanout326/X                              10     21    -11 (VIOLATED)
fanout341/X                              10     21    -11 (VIOLATED)
fanout342/X                              10     21    -11 (VIOLATED)
fanout345/X                              10     21    -11 (VIOLATED)
fanout347/X                              10     21    -11 (VIOLATED)
fanout349/X                              10     21    -11 (VIOLATED)
fanout351/X                              10     21    -11 (VIOLATED)
fanout353/X                              10     21    -11 (VIOLATED)
fanout355/X                              10     21    -11 (VIOLATED)
fanout356/X                              10     21    -11 (VIOLATED)
fanout357/X                              10     21    -11 (VIOLATED)
fanout359/X                              10     21    -11 (VIOLATED)
fanout360/X                              10     21    -11 (VIOLATED)
fanout362/X                              10     21    -11 (VIOLATED)
fanout365/X                              10     21    -11 (VIOLATED)
fanout367/X                              10     21    -11 (VIOLATED)
fanout368/X                              10     21    -11 (VIOLATED)
fanout371/X                              10     21    -11 (VIOLATED)
fanout373/X                              10     21    -11 (VIOLATED)
fanout374/X                              10     21    -11 (VIOLATED)
fanout377/X                              10     21    -11 (VIOLATED)
fanout380/X                              10     21    -11 (VIOLATED)
fanout383/X                              10     21    -11 (VIOLATED)
fanout386/X                              10     21    -11 (VIOLATED)
fanout392/X                              10     21    -11 (VIOLATED)
fanout395/X                              10     21    -11 (VIOLATED)
fanout397/X                              10     21    -11 (VIOLATED)
fanout398/X                              10     21    -11 (VIOLATED)
fanout399/X                              10     21    -11 (VIOLATED)
fanout400/X                              10     21    -11 (VIOLATED)
fanout403/X                              10     21    -11 (VIOLATED)
fanout406/X                              10     21    -11 (VIOLATED)
fanout407/X                              10     21    -11 (VIOLATED)
fanout410/X                              10     21    -11 (VIOLATED)
fanout412/X                              10     21    -11 (VIOLATED)
fanout414/X                              10     21    -11 (VIOLATED)
fanout416/X                              10     21    -11 (VIOLATED)
fanout418/X                              10     21    -11 (VIOLATED)
fanout420/X                              10     21    -11 (VIOLATED)
fanout422/X                              10     21    -11 (VIOLATED)
fanout424/X                              10     21    -11 (VIOLATED)
fanout426/X                              10     21    -11 (VIOLATED)
fanout428/X                              10     21    -11 (VIOLATED)
fanout430/X                              10     21    -11 (VIOLATED)
fanout432/X                              10     21    -11 (VIOLATED)
fanout433/X                              10     21    -11 (VIOLATED)
fanout436/X                              10     21    -11 (VIOLATED)
fanout437/X                              10     21    -11 (VIOLATED)
fanout439/X                              10     21    -11 (VIOLATED)
fanout442/X                              10     21    -11 (VIOLATED)
fanout444/X                              10     21    -11 (VIOLATED)
fanout445/X                              10     21    -11 (VIOLATED)
fanout446/X                              10     21    -11 (VIOLATED)
fanout447/X                              10     21    -11 (VIOLATED)
fanout450/X                              10     21    -11 (VIOLATED)
fanout451/X                              10     21    -11 (VIOLATED)
fanout455/X                              10     21    -11 (VIOLATED)
fanout458/X                              10     21    -11 (VIOLATED)
fanout461/X                              10     21    -11 (VIOLATED)
fanout464/X                              10     21    -11 (VIOLATED)
fanout465/X                              10     21    -11 (VIOLATED)
fanout467/X                              10     21    -11 (VIOLATED)
fanout470/X                              10     21    -11 (VIOLATED)
fanout472/X                              10     21    -11 (VIOLATED)
fanout474/X                              10     21    -11 (VIOLATED)
fanout475/X                              10     21    -11 (VIOLATED)
fanout477/X                              10     21    -11 (VIOLATED)
fanout479/X                              10     21    -11 (VIOLATED)
fanout480/X                              10     21    -11 (VIOLATED)
fanout491/X                              10     21    -11 (VIOLATED)
fanout501/X                              10     21    -11 (VIOLATED)
fanout503/X                              10     21    -11 (VIOLATED)
fanout505/X                              10     21    -11 (VIOLATED)
_8757_/X                                 10     19     -9 (VIOLATED)
_9274_/Q                                 10     19     -9 (VIOLATED)
_9275_/Q                                 10     19     -9 (VIOLATED)
_9279_/Q                                 10     19     -9 (VIOLATED)
clkbuf_2_2__f_clk/X                      10     19     -9 (VIOLATED)
clkbuf_leaf_28_clk/X                     10     19     -9 (VIOLATED)
clkbuf_leaf_31_clk/X                     10     19     -9 (VIOLATED)
fanout155/X                              10     19     -9 (VIOLATED)
fanout164/X                              10     19     -9 (VIOLATED)
fanout199/X                              10     19     -9 (VIOLATED)
fanout232/X                              10     19     -9 (VIOLATED)
fanout260/X                              10     19     -9 (VIOLATED)
fanout267/X                              10     19     -9 (VIOLATED)
fanout402/X                              10     19     -9 (VIOLATED)
fanout413/X                              10     19     -9 (VIOLATED)
fanout448/X                              10     19     -9 (VIOLATED)
fanout454/X                              10     19     -9 (VIOLATED)
fanout460/X                              10     19     -9 (VIOLATED)
fanout462/X                              10     19     -9 (VIOLATED)
fanout506/X                              10     19     -9 (VIOLATED)
fanout542/X                              10     19     -9 (VIOLATED)
clkbuf_leaf_4_clk/X                      10     18     -8 (VIOLATED)
clkbuf_2_1__f_clk/X                      10     17     -7 (VIOLATED)
clkbuf_leaf_13_clk/X                     10     17     -7 (VIOLATED)
clkbuf_leaf_27_clk/X                     10     17     -7 (VIOLATED)
fanout175/X                              10     17     -7 (VIOLATED)
fanout202/X                              10     17     -7 (VIOLATED)
fanout206/X                              10     17     -7 (VIOLATED)
fanout284/X                              10     17     -7 (VIOLATED)
fanout307/X                              10     17     -7 (VIOLATED)
fanout330/X                              10     17     -7 (VIOLATED)
fanout348/X                              10     17     -7 (VIOLATED)
fanout378/X                              10     17     -7 (VIOLATED)
fanout384/X                              10     17     -7 (VIOLATED)
fanout385/X                              10     17     -7 (VIOLATED)
fanout387/X                              10     17     -7 (VIOLATED)
fanout394/X                              10     17     -7 (VIOLATED)
fanout423/X                              10     17     -7 (VIOLATED)
fanout434/X                              10     17     -7 (VIOLATED)
fanout449/X                              10     17     -7 (VIOLATED)
fanout453/X                              10     17     -7 (VIOLATED)
fanout456/X                              10     17     -7 (VIOLATED)
fanout468/X                              10     17     -7 (VIOLATED)
fanout523/X                              10     17     -7 (VIOLATED)
rebuffer24/X                             10     17     -7 (VIOLATED)
clkbuf_leaf_0_clk/X                      10     16     -6 (VIOLATED)
clkbuf_leaf_16_clk/X                     10     16     -6 (VIOLATED)
clkbuf_leaf_9_clk/X                      10     16     -6 (VIOLATED)
_7829_/Y                                 10     15     -5 (VIOLATED)
_9286_/Q                                 10     15     -5 (VIOLATED)
clkbuf_2_0__f_clk/X                      10     15     -5 (VIOLATED)
clkbuf_leaf_17_clk/X                     10     15     -5 (VIOLATED)
clkbuf_leaf_3_clk/X                      10     15     -5 (VIOLATED)
fanout104/X                              10     15     -5 (VIOLATED)
fanout108/X                              10     15     -5 (VIOLATED)
fanout210/X                              10     15     -5 (VIOLATED)
fanout213/X                              10     15     -5 (VIOLATED)
fanout215/X                              10     15     -5 (VIOLATED)
fanout217/X                              10     15     -5 (VIOLATED)
fanout226/X                              10     15     -5 (VIOLATED)
fanout240/X                              10     15     -5 (VIOLATED)
fanout246/X                              10     15     -5 (VIOLATED)
fanout258/X                              10     15     -5 (VIOLATED)
fanout288/X                              10     15     -5 (VIOLATED)
fanout294/X                              10     15     -5 (VIOLATED)
fanout333/X                              10     15     -5 (VIOLATED)
fanout346/X                              10     15     -5 (VIOLATED)
fanout354/X                              10     15     -5 (VIOLATED)
fanout358/X                              10     15     -5 (VIOLATED)
fanout361/X                              10     15     -5 (VIOLATED)
fanout396/X                              10     15     -5 (VIOLATED)
fanout409/X                              10     15     -5 (VIOLATED)
fanout425/X                              10     15     -5 (VIOLATED)
fanout427/X                              10     15     -5 (VIOLATED)
fanout429/X                              10     15     -5 (VIOLATED)
fanout431/X                              10     15     -5 (VIOLATED)
fanout438/X                              10     15     -5 (VIOLATED)
fanout459/X                              10     15     -5 (VIOLATED)
fanout466/X                              10     15     -5 (VIOLATED)
fanout489/X                              10     15     -5 (VIOLATED)
fanout517/X                              10     15     -5 (VIOLATED)
clkbuf_leaf_14_clk/X                     10     13     -3 (VIOLATED)
clkbuf_leaf_24_clk/X                     10     13     -3 (VIOLATED)
fanout113/X                              10     13     -3 (VIOLATED)
fanout161/X                              10     13     -3 (VIOLATED)
fanout201/X                              10     13     -3 (VIOLATED)
fanout211/X                              10     13     -3 (VIOLATED)
fanout252/X                              10     13     -3 (VIOLATED)
fanout254/X                              10     13     -3 (VIOLATED)
fanout270/X                              10     13     -3 (VIOLATED)
fanout277/X                              10     13     -3 (VIOLATED)
fanout281/X                              10     13     -3 (VIOLATED)
fanout295/X                              10     13     -3 (VIOLATED)
fanout304/X                              10     13     -3 (VIOLATED)
fanout322/X                              10     13     -3 (VIOLATED)
fanout337/X                              10     13     -3 (VIOLATED)
fanout343/X                              10     13     -3 (VIOLATED)
fanout363/X                              10     13     -3 (VIOLATED)
fanout364/X                              10     13     -3 (VIOLATED)
fanout369/X                              10     13     -3 (VIOLATED)
fanout370/X                              10     13     -3 (VIOLATED)
fanout376/X                              10     13     -3 (VIOLATED)
fanout382/X                              10     13     -3 (VIOLATED)
fanout388/X                              10     13     -3 (VIOLATED)
fanout391/X                              10     13     -3 (VIOLATED)
fanout408/X                              10     13     -3 (VIOLATED)
fanout417/X                              10     13     -3 (VIOLATED)
fanout435/X                              10     13     -3 (VIOLATED)
fanout457/X                              10     13     -3 (VIOLATED)
fanout463/X                              10     13     -3 (VIOLATED)
fanout469/X                              10     13     -3 (VIOLATED)
fanout486/X                              10     13     -3 (VIOLATED)
fanout494/X                              10     13     -3 (VIOLATED)
fanout534/X                              10     13     -3 (VIOLATED)
clkbuf_leaf_22_clk/X                     10     12     -2 (VIOLATED)
clkbuf_leaf_25_clk/X                     10     12     -2 (VIOLATED)
clkbuf_leaf_5_clk/X                      10     12     -2 (VIOLATED)
clkbuf_leaf_8_clk/X                      10     12     -2 (VIOLATED)
_5405_/X                                 10     11        (VIOLATED)
_5451_/X                                 10     11        (VIOLATED)
_7640_/Y                                 10     11        (VIOLATED)
_8542_/Y                                 10     11        (VIOLATED)
_9346_/Q                                 10     11        (VIOLATED)
_9396_/Q                                 10     11        (VIOLATED)
_9410_/Q                                 10     11        (VIOLATED)
clkbuf_leaf_15_clk/X                     10     11        (VIOLATED)
clkbuf_leaf_20_clk/X                     10     11        (VIOLATED)
clone60/X                                10     11        (VIOLATED)
clone81/X                                10     11        (VIOLATED)
clone92/X                                10     11        (VIOLATED)
fanout142/X                              10     11        (VIOLATED)
fanout178/X                              10     11        (VIOLATED)
fanout204/X                              10     11        (VIOLATED)
fanout208/X                              10     11        (VIOLATED)
fanout218/X                              10     11        (VIOLATED)
fanout221/X                              10     11        (VIOLATED)
fanout224/X                              10     11        (VIOLATED)
fanout230/X                              10     11        (VIOLATED)
fanout236/X                              10     11        (VIOLATED)
fanout264/X                              10     11        (VIOLATED)
fanout272/X                              10     11        (VIOLATED)
fanout275/X                              10     11        (VIOLATED)
fanout282/X                              10     11        (VIOLATED)
fanout291/X                              10     11        (VIOLATED)
fanout298/X                              10     11        (VIOLATED)
fanout309/X                              10     11        (VIOLATED)
fanout313/X                              10     11        (VIOLATED)
fanout316/X                              10     11        (VIOLATED)
fanout323/X                              10     11        (VIOLATED)
fanout327/X                              10     11        (VIOLATED)
fanout340/X                              10     11        (VIOLATED)
fanout344/X                              10     11        (VIOLATED)
fanout352/X                              10     11        (VIOLATED)
fanout375/X                              10     11        (VIOLATED)
fanout381/X                              10     11        (VIOLATED)
fanout389/X                              10     11        (VIOLATED)
fanout404/X                              10     11        (VIOLATED)
fanout405/X                              10     11        (VIOLATED)
fanout411/X                              10     11        (VIOLATED)
fanout415/X                              10     11        (VIOLATED)
fanout421/X                              10     11        (VIOLATED)
fanout441/X                              10     11        (VIOLATED)
fanout476/X                              10     11        (VIOLATED)
fanout481/X                              10     11        (VIOLATED)
fanout482/X                              10     11        (VIOLATED)
fanout484/X                              10     11        (VIOLATED)
fanout518/X                              10     11        (VIOLATED)
fanout539/X                              10     11        (VIOLATED)
fanout548/X                              10     11        (VIOLATED)
fanout549/X                              10     11        (VIOLATED)
rebuffer6/X                              10     11        (VIOLATED)



===========================================================================
report_parasitic_annotation -report_unannotated
============================================================================
Found 29 unannotated drivers.
 clkload0/Y
 clkload1/Y
 clkload10/Y
 clkload11/Y
 clkload12/Y
 clkload13/Y
 clkload14/Y
 clkload15/Y
 clkload16/Y
 clkload17/Y
 clkload18/Y
 clkload19/Y
 clkload2/Y
 clkload20/Y
 clkload21/Y
 clkload22/X
 clkload23/Y
 clkload24/Y
 clkload25/Y
 clkload26/Y
 clkload27/Y
 clkload28/Y
 clkload3/Y
 clkload4/Y
 clkload5/Y
 clkload6/X
 clkload7/Y
 clkload8/Y
 clkload9/Y
Found 0 partially unannotated drivers.

===========================================================================
max slew violation count 0
max fanout violation count 336
max cap violation count 0
============================================================================

===========================================================================
check_setup -verbose -unconstrained_endpoints -multiple_clock -no_clock -no_input_delay -loops -generated_clocks
===========================================================================
