
===========================================================================
 report_power
============================================================================
======================= min_ff_n40C_1v95 Corner ===================================

Group                    Internal    Switching      Leakage        Total
                            Power        Power        Power        Power (Watts)
------------------------------------------------------------------------
Sequential           1.285170e-03 1.816005e-04 5.162601e-09 1.466775e-03   9.5%
Combinational        5.515623e-03 7.693010e-03 4.098197e-08 1.320867e-02  85.2%
Clock                3.572382e-04 4.714573e-04 1.664668e-08 8.287122e-04   5.3%
Macro                0.000000e+00 0.000000e+00 0.000000e+00 0.000000e+00   0.0%
Pad                  0.000000e+00 0.000000e+00 0.000000e+00 0.000000e+00   0.0%
------------------------------------------------------------------------
Total                7.158029e-03 8.346063e-03 6.279118e-08 1.550415e-02 100.0%
                            46.2%        53.8%         0.0%

