
===========================================================================
 report_power
============================================================================
======================= min_ss_100C_1v60 Corner ===================================

Group                    Internal    Switching      Leakage        Total
                            Power        Power        Power        Power (Watts)
------------------------------------------------------------------------
Sequential           1.493176e-03 1.381084e-04 5.911064e-06 1.637196e-03   7.8%
Combinational        7.953801e-03 1.047144e-02 5.303324e-05 1.847828e-02  88.1%
Clock                3.378966e-04 5.168126e-04 5.083846e-07 8.552176e-04   4.1%
Macro                0.000000e+00 0.000000e+00 0.000000e+00 0.000000e+00   0.0%
Pad                  0.000000e+00 0.000000e+00 0.000000e+00 0.000000e+00   0.0%
------------------------------------------------------------------------
Total                9.784843e-03 1.112637e-02 5.945250e-05 2.097066e-02 100.0%
                            46.7%        53.1%         0.3%

