
===========================================================================
report_checks -unconstrained
===========================================================================
======================= max_ss_100C_1v60 Corner ===================================

Startpoint: rst (input port clocked by clk)
Endpoint: _9264_ (recovery check against rising-edge clock clk)
Path Group: asynchronous
Path Type: max

Fanout         Cap        Slew       Delay        Time   Description
---------------------------------------------------------------------------------------------
                                  0.000000    0.000000   clock clk (rise edge)
                                  0.000000    0.000000   clock network delay (propagated)
                                  4.000000    4.000000 v input external delay
     1    0.002893    0.018812    0.009573    4.009573 v rst (in)
                                                         rst (net)
                      0.018813    0.000000    4.009573 v input67/A (sky130_fd_sc_hd__clkbuf_2)
     3    0.032797    0.232034    0.304026    4.313600 v input67/X (sky130_fd_sc_hd__clkbuf_2)
                                                         net67 (net)
                      0.232243    0.004605    4.318204 v fanout549/A (sky130_fd_sc_hd__clkbuf_4)
     6    0.051486    0.193726    0.441642    4.759847 v fanout549/X (sky130_fd_sc_hd__clkbuf_4)
                                                         net549 (net)
                      0.193916    0.005600    4.765446 v fanout548/A (sky130_fd_sc_hd__clkbuf_4)
     9    0.063944    0.234980    0.453439    5.218885 v fanout548/X (sky130_fd_sc_hd__clkbuf_4)
                                                         net548 (net)
                      0.235480    0.008024    5.226909 v fanout542/A (sky130_fd_sc_hd__buf_4)
    10    0.068250    0.171618    0.437725    5.664634 v fanout542/X (sky130_fd_sc_hd__buf_4)
                                                         net542 (net)
                      0.171656    0.002718    5.667352 v fanout541/A (sky130_fd_sc_hd__buf_4)
    10    0.055626    0.145150    0.386880    6.054232 v fanout541/X (sky130_fd_sc_hd__buf_4)
                                                         net541 (net)
                      0.145214    0.002933    6.057165 v _8950_/A (sky130_fd_sc_hd__inv_2)
     1    0.005047    0.062484    0.109133    6.166297 ^ _8950_/Y (sky130_fd_sc_hd__inv_2)
                                                         _0174_ (net)
                      0.062484    0.000260    6.166558 ^ _9264_/RESET_B (sky130_fd_sc_hd__dfrtp_4)
                                              6.166558   data arrival time

                                 20.000000   20.000000   clock clk (rise edge)
                                  0.000000   20.000000   clock source latency
     1    0.047097    0.340125    0.238066   20.238066 ^ clk (in)
                                                         clk (net)
                      0.340257    0.000000   20.238066 ^ clkbuf_0_clk/A (sky130_fd_sc_hd__clkbuf_16)
     2    0.043121    0.099783    0.371175   20.609241 ^ clkbuf_0_clk/X (sky130_fd_sc_hd__clkbuf_16)
                                                         clknet_0_clk (net)
                      0.099992    0.002929   20.612171 ^ clkbuf_1_1__f_clk/A (sky130_fd_sc_hd__clkbuf_16)
    13    0.132589    0.223475    0.359485   20.971655 ^ clkbuf_1_1__f_clk/X (sky130_fd_sc_hd__clkbuf_16)
                                                         clknet_1_1__leaf_clk (net)
                      0.224248    0.010667   20.982323 ^ clkbuf_leaf_14_clk/A (sky130_fd_sc_hd__clkbuf_8)
     5    0.052630    0.160268    0.370532   21.352854 ^ clkbuf_leaf_14_clk/X (sky130_fd_sc_hd__clkbuf_8)
                                                         clknet_leaf_14_clk (net)
                      0.160365    0.003597   21.356451 ^ _9264_/CLK (sky130_fd_sc_hd__dfrtp_4)
                                 -0.250000   21.106453   clock uncertainty
                                  0.000000   21.106453   clock reconvergence pessimism
                                  0.477500   21.583954   library recovery time
                                             21.583954   data required time
---------------------------------------------------------------------------------------------
                                             21.583954   data required time
                                             -6.166558   data arrival time
---------------------------------------------------------------------------------------------
                                             15.417396   slack (MET)


Startpoint: _9300_ (rising edge-triggered flip-flop clocked by clk)
Endpoint: _9411_ (rising edge-triggered flip-flop clocked by clk)
Path Group: clk
Path Type: max

Fanout         Cap        Slew       Delay        Time   Description
---------------------------------------------------------------------------------------------
                                  0.000000    0.000000   clock clk (rise edge)
                                  0.000000    0.000000   clock source latency
     1    0.047097    0.340125    0.238065    0.238065 ^ clk (in)
                                                         clk (net)
                      0.340257    0.000000    0.238065 ^ clkbuf_0_clk/A (sky130_fd_sc_hd__clkbuf_16)
     2    0.043121    0.099783    0.371176    0.609241 ^ clkbuf_0_clk/X (sky130_fd_sc_hd__clkbuf_16)
                                                         clknet_0_clk (net)
                      0.100022    0.003265    0.612506 ^ clkbuf_1_0__f_clk/A (sky130_fd_sc_hd__clkbuf_16)
    11    0.112608    0.194943    0.338864    0.951370 ^ clkbuf_1_0__f_clk/X (sky130_fd_sc_hd__clkbuf_16)
                                                         clknet_1_0__leaf_clk (net)
                      0.195884    0.010868    0.962238 ^ clkbuf_leaf_0_clk/A (sky130_fd_sc_hd__clkbuf_8)
    19    0.065095    0.190596    0.380637    1.342875 ^ clkbuf_leaf_0_clk/X (sky130_fd_sc_hd__clkbuf_8)
                                                         clknet_leaf_0_clk (net)
                      0.190609    0.001827    1.344701 ^ _9300_/CLK (sky130_fd_sc_hd__dfrtp_1)
     1    0.015004    0.176844    0.901408    2.246109 v _9300_/Q (sky130_fd_sc_hd__dfrtp_1)
                                                         adder_inst.man_a_r[12] (net)
                      0.176849    0.001250    2.247359 v fanout413/A (sky130_fd_sc_hd__clkbuf_4)
     7    0.088961    0.309444    0.509819    2.757177 v fanout413/X (sky130_fd_sc_hd__clkbuf_4)
                                                         net413 (net)
                      0.309456    0.002364    2.759541 v fanout412/A (sky130_fd_sc_hd__clkbuf_4)
    10    0.063897    0.235353    0.506977    3.266518 v fanout412/X (sky130_fd_sc_hd__clkbuf_4)
                                                         net412 (net)
                      0.235610    0.007156    3.273674 v fanout411/A (sky130_fd_sc_hd__buf_2)
    10    0.055883    0.254345    0.487516    3.761191 v fanout411/X (sky130_fd_sc_hd__buf_2)
                                                         net411 (net)
                      0.254995    0.009885    3.771076 v _4938_/D (sky130_fd_sc_hd__and4_1)
     3    0.006415    0.102287    0.526498    4.297575 v _4938_/X (sky130_fd_sc_hd__and4_1)
                                                         _0568_ (net)
                      0.102361    0.000327    4.297901 v _4941_/A (sky130_fd_sc_hd__or3_1)
     3    0.009124    0.201295    0.945460    5.243361 v _4941_/X (sky130_fd_sc_hd__or3_1)
                                                         _0571_ (net)
                      0.201295    0.000525    5.243886 v _5200_/A1 (sky130_fd_sc_hd__a21o_1)
     3    0.017112    0.168466    0.447729    5.691615 v _5200_/X (sky130_fd_sc_hd__a21o_1)
                                                         _0830_ (net)
                      0.168486    0.001924    5.693539 v _5202_/A2 (sky130_fd_sc_hd__a21bo_1)
     2    0.007899    0.102506    0.420899    6.114438 v _5202_/X (sky130_fd_sc_hd__a21bo_1)
                                                         _0832_ (net)
                      0.102508    0.000590    6.115027 v _5203_/C (sky130_fd_sc_hd__and3_1)
     3    0.007483    0.108712    0.418287    6.533314 v _5203_/X (sky130_fd_sc_hd__and3_1)
                                                         _0833_ (net)
                      0.108712    0.000320    6.533634 v _5219_/A (sky130_fd_sc_hd__nor3_1)
     3    0.012321    0.671088    0.652409    7.186043 ^ _5219_/Y (sky130_fd_sc_hd__nor3_1)
                                                         _0849_ (net)
                      0.671088    0.000578    7.186621 ^ _5220_/B (sky130_fd_sc_hd__or2_1)
     3    0.009805    0.164899    0.440469    7.627090 ^ _5220_/X (sky130_fd_sc_hd__or2_1)
                                                         _0850_ (net)
                      0.164899    0.000613    7.627703 ^ _5222_/B1 (sky130_fd_sc_hd__a21oi_1)
     2    0.005496    0.152446    0.127478    7.755182 v _5222_/Y (sky130_fd_sc_hd__a21oi_1)
                                                         _0852_ (net)
                      0.152446    0.000351    7.755532 v _5224_/C (sky130_fd_sc_hd__nor4_1)
     3    0.013652    1.041867    0.948337    8.703869 ^ _5224_/Y (sky130_fd_sc_hd__nor4_1)
                                                         _0854_ (net)
                      1.041867    0.000558    8.704427 ^ max_cap152/A (sky130_fd_sc_hd__buf_1)
     2    0.010443    0.213806    0.497867    9.202293 ^ max_cap152/X (sky130_fd_sc_hd__buf_1)
                                                         net152 (net)
                      0.213806    0.000844    9.203137 ^ _5330_/B1 (sky130_fd_sc_hd__a211oi_2)
     5    0.017200    0.211000    0.183134    9.386271 v _5330_/Y (sky130_fd_sc_hd__a211oi_2)
                                                         _0960_ (net)
                      0.211004    0.001216    9.387487 v _5340_/A (sky130_fd_sc_hd__or3_1)
     2    0.005991    0.169128    0.945204   10.332691 v _5340_/X (sky130_fd_sc_hd__or3_1)
                                                         _0970_ (net)
                      0.169128    0.000381   10.333073 v _7253_/A1 (sky130_fd_sc_hd__a211oi_1)
     1    0.004011    0.357983    0.427814   10.760887 ^ _7253_/Y (sky130_fd_sc_hd__a211oi_1)
                                                         _2883_ (net)
                      0.357983    0.000177   10.761064 ^ _7254_/B (sky130_fd_sc_hd__nor2_1)
     2    0.004819    0.097807    0.185469   10.946533 v _7254_/Y (sky130_fd_sc_hd__nor2_1)
                                                         _2884_ (net)
                      0.097807    0.000302   10.946835 v _7255_/B (sky130_fd_sc_hd__and2_1)
     3    0.007730    0.106965    0.369580   11.316415 v _7255_/X (sky130_fd_sc_hd__and2_1)
                                                         _2885_ (net)
                      0.106965    0.000218   11.316633 v _7260_/A (sky130_fd_sc_hd__or2_1)
     2    0.013000    0.183373    0.617620   11.934253 v _7260_/X (sky130_fd_sc_hd__or2_1)
                                                         _2890_ (net)
                      0.183374    0.000948   11.935201 v _7322_/A (sky130_fd_sc_hd__xnor2_2)
     4    0.013689    0.340125    0.413867   12.349068 ^ _7322_/Y (sky130_fd_sc_hd__xnor2_2)
                                                         _2952_ (net)
                      0.340125    0.000428   12.349496 ^ _7375_/B (sky130_fd_sc_hd__nand4_1)
     2    0.005868    0.256141    0.353506   12.703002 v _7375_/Y (sky130_fd_sc_hd__nand4_1)
                                                         _3005_ (net)
                      0.256141    0.000321   12.703322 v _7397_/B (sky130_fd_sc_hd__or3_1)
     2    0.006084    0.170608    0.912917   13.616240 v _7397_/X (sky130_fd_sc_hd__or3_1)
                                                         _3027_ (net)
                      0.170608    0.000377   13.616616 v _7399_/A2 (sky130_fd_sc_hd__o221a_1)
     4    0.020028    0.232835    0.647462   14.264077 v _7399_/X (sky130_fd_sc_hd__o221a_1)
                                                         _3029_ (net)
                      0.232841    0.001535   14.265613 v _7405_/A1 (sky130_fd_sc_hd__a21o_1)
     3    0.008218    0.102258    0.399038   14.664650 v _7405_/X (sky130_fd_sc_hd__a21o_1)
                                                         _3035_ (net)
                      0.102258    0.000401   14.665051 v _7496_/A2 (sky130_fd_sc_hd__a211o_1)
     2    0.006532    0.118424    0.591330   15.256381 v _7496_/X (sky130_fd_sc_hd__a211o_1)
                                                         _3126_ (net)
                      0.118424    0.000242   15.256623 v _7518_/A1 (sky130_fd_sc_hd__a2111o_1)
     3    0.010590    0.184144    0.817430   16.074053 v _7518_/X (sky130_fd_sc_hd__a2111o_1)
                                                         _3148_ (net)
                      0.184145    0.000766   16.074818 v _7521_/A1 (sky130_fd_sc_hd__a21o_4)
    10    0.032687    0.117806    0.485468   16.560286 v _7521_/X (sky130_fd_sc_hd__a21o_4)
                                                         _3151_ (net)
                      0.117958    0.003709   16.563995 v _7522_/C (sky130_fd_sc_hd__nand3_1)
     1    0.005173    0.132292    0.169376   16.733370 ^ _7522_/Y (sky130_fd_sc_hd__nand3_1)
                                                         _3152_ (net)
                      0.132292    0.000426   16.733797 ^ fanout114/A (sky130_fd_sc_hd__buf_4)
    10    0.060458    0.274703    0.382002   17.115799 ^ fanout114/X (sky130_fd_sc_hd__buf_4)
                                                         net114 (net)
                      0.274718    0.001732   17.117531 ^ fanout113/A (sky130_fd_sc_hd__buf_4)
     5    0.023496    0.123587    0.338975   17.456507 ^ fanout113/X (sky130_fd_sc_hd__buf_4)
                                                         net113 (net)
                      0.123593    0.001041   17.457546 ^ fanout112/A (sky130_fd_sc_hd__buf_4)
     8    0.030859    0.150902    0.294266   17.751814 ^ fanout112/X (sky130_fd_sc_hd__buf_4)
                                                         net112 (net)
                      0.150923    0.001815   17.753628 ^ fanout111/A (sky130_fd_sc_hd__buf_2)
     6    0.026856    0.217547    0.340894   18.094522 ^ fanout111/X (sky130_fd_sc_hd__buf_2)
                                                         net111 (net)
                      0.217574    0.002478   18.097000 ^ fanout109/A (sky130_fd_sc_hd__buf_6)
    10    0.038656    0.135758    0.298099   18.395100 ^ fanout109/X (sky130_fd_sc_hd__buf_6)
                                                         net109 (net)
                      0.135761    0.000991   18.396090 ^ _7568_/A1 (sky130_fd_sc_hd__a21oi_1)
     2    0.014974    0.291583    0.286393   18.682484 v _7568_/Y (sky130_fd_sc_hd__a21oi_1)
                                                         _3198_ (net)
                      0.291583    0.000682   18.683167 v _7569_/C (sky130_fd_sc_hd__nor4b_4)
     3    0.013910    0.484543    0.580712   19.263878 ^ _7569_/Y (sky130_fd_sc_hd__nor4b_4)
                                                         _3199_ (net)
                      0.484543    0.001299   19.265177 ^ _7614_/A (sky130_fd_sc_hd__and4_2)
     8    0.023589    0.253116    0.741418   20.006594 ^ _7614_/X (sky130_fd_sc_hd__and4_2)
                                                         _3244_ (net)
                      0.253119    0.001450   20.008043 ^ _7639_/B (sky130_fd_sc_hd__and4_1)
     1    0.002769    0.099899    0.425040   20.433083 ^ _7639_/X (sky130_fd_sc_hd__and4_1)
                                                         _3269_ (net)
                      0.099945    0.000199   20.433283 ^ fanout104/A (sky130_fd_sc_hd__buf_2)
     6    0.047167    0.368623    0.422959   20.856241 ^ fanout104/X (sky130_fd_sc_hd__buf_2)
                                                         net104 (net)
                      0.368816    0.006985   20.863226 ^ fanout103/A (sky130_fd_sc_hd__clkbuf_2)
    10    0.030801    0.267777    0.458959   21.322186 ^ fanout103/X (sky130_fd_sc_hd__clkbuf_2)
                                                         net103 (net)
                      0.267777    0.000965   21.323151 ^ _7661_/C (sky130_fd_sc_hd__and4bb_1)
     3    0.007822    0.170236    0.516451   21.839602 ^ _7661_/X (sky130_fd_sc_hd__and4bb_1)
                                                         _3289_ (net)
                      0.170236    0.000430   21.840031 ^ _7771_/A_N (sky130_fd_sc_hd__and4b_1)
     1    0.004798    0.092547    0.448546   22.288576 v _7771_/X (sky130_fd_sc_hd__and4b_1)
                                                         _3380_ (net)
                      0.092547    0.000339   22.288916 v _7773_/A2 (sky130_fd_sc_hd__a31o_1)
     1    0.003039    0.067969    0.376087   22.665003 v _7773_/X (sky130_fd_sc_hd__a31o_1)
                                                         multiplier_inst.overflow_calc (net)
                      0.067969    0.000199   22.665201 v _9411_/D (sky130_fd_sc_hd__dfrtp_1)
                                             22.665201   data arrival time

                                 20.000000   20.000000   clock clk (rise edge)
                                  0.000000   20.000000   clock source latency
     1    0.047097    0.340125    0.238066   20.238066 ^ clk (in)
                                                         clk (net)
                      0.340257    0.000000   20.238066 ^ clkbuf_0_clk/A (sky130_fd_sc_hd__clkbuf_16)
     2    0.043121    0.099783    0.371175   20.609241 ^ clkbuf_0_clk/X (sky130_fd_sc_hd__clkbuf_16)
                                                         clknet_0_clk (net)
                      0.099992    0.002929   20.612171 ^ clkbuf_1_1__f_clk/A (sky130_fd_sc_hd__clkbuf_16)
    13    0.132589    0.223475    0.359485   20.971655 ^ clkbuf_1_1__f_clk/X (sky130_fd_sc_hd__clkbuf_16)
                                                         clknet_1_1__leaf_clk (net)
                      0.224492    0.012182   20.983837 ^ clkbuf_leaf_11_clk/A (sky130_fd_sc_hd__clkbuf_8)
    26    0.078237    0.222884    0.417426   21.401264 ^ clkbuf_leaf_11_clk/X (sky130_fd_sc_hd__clkbuf_8)
                                                         clknet_leaf_11_clk (net)
                      0.223050    0.005514   21.406778 ^ _9411_/CLK (sky130_fd_sc_hd__dfrtp_1)
                                 -0.250000   21.156778   clock uncertainty
                                  0.000000   21.156778   clock reconvergence pessimism
                                 -0.234933   20.921846   library setup time
                                             20.921846   data required time
---------------------------------------------------------------------------------------------
                                             20.921846   data required time
                                            -22.665201   data arrival time
---------------------------------------------------------------------------------------------
                                             -1.743356   slack (VIOLATED)




===========================================================================
report_checks --slack_max -0.01
============================================================================
======================= max_ss_100C_1v60 Corner ===================================

Startpoint: _9300_ (rising edge-triggered flip-flop clocked by clk)
Endpoint: _9411_ (rising edge-triggered flip-flop clocked by clk)
Path Group: clk
Path Type: max

Fanout         Cap        Slew       Delay        Time   Description
---------------------------------------------------------------------------------------------
                                  0.000000    0.000000   clock clk (rise edge)
                                  0.000000    0.000000   clock source latency
     1    0.047097    0.340125    0.238065    0.238065 ^ clk (in)
                                                         clk (net)
                      0.340257    0.000000    0.238065 ^ clkbuf_0_clk/A (sky130_fd_sc_hd__clkbuf_16)
     2    0.043121    0.099783    0.371176    0.609241 ^ clkbuf_0_clk/X (sky130_fd_sc_hd__clkbuf_16)
                                                         clknet_0_clk (net)
                      0.100022    0.003265    0.612506 ^ clkbuf_1_0__f_clk/A (sky130_fd_sc_hd__clkbuf_16)
    11    0.112608    0.194943    0.338864    0.951370 ^ clkbuf_1_0__f_clk/X (sky130_fd_sc_hd__clkbuf_16)
                                                         clknet_1_0__leaf_clk (net)
                      0.195884    0.010868    0.962238 ^ clkbuf_leaf_0_clk/A (sky130_fd_sc_hd__clkbuf_8)
    19    0.065095    0.190596    0.380637    1.342875 ^ clkbuf_leaf_0_clk/X (sky130_fd_sc_hd__clkbuf_8)
                                                         clknet_leaf_0_clk (net)
                      0.190609    0.001827    1.344701 ^ _9300_/CLK (sky130_fd_sc_hd__dfrtp_1)
     1    0.015004    0.176844    0.901408    2.246109 v _9300_/Q (sky130_fd_sc_hd__dfrtp_1)
                                                         adder_inst.man_a_r[12] (net)
                      0.176849    0.001250    2.247359 v fanout413/A (sky130_fd_sc_hd__clkbuf_4)
     7    0.088961    0.309444    0.509819    2.757177 v fanout413/X (sky130_fd_sc_hd__clkbuf_4)
                                                         net413 (net)
                      0.309456    0.002364    2.759541 v fanout412/A (sky130_fd_sc_hd__clkbuf_4)
    10    0.063897    0.235353    0.506977    3.266518 v fanout412/X (sky130_fd_sc_hd__clkbuf_4)
                                                         net412 (net)
                      0.235610    0.007156    3.273674 v fanout411/A (sky130_fd_sc_hd__buf_2)
    10    0.055883    0.254345    0.487516    3.761191 v fanout411/X (sky130_fd_sc_hd__buf_2)
                                                         net411 (net)
                      0.254995    0.009885    3.771076 v _4938_/D (sky130_fd_sc_hd__and4_1)
     3    0.006415    0.102287    0.526498    4.297575 v _4938_/X (sky130_fd_sc_hd__and4_1)
                                                         _0568_ (net)
                      0.102361    0.000327    4.297901 v _4941_/A (sky130_fd_sc_hd__or3_1)
     3    0.009124    0.201295    0.945460    5.243361 v _4941_/X (sky130_fd_sc_hd__or3_1)
                                                         _0571_ (net)
                      0.201295    0.000525    5.243886 v _5200_/A1 (sky130_fd_sc_hd__a21o_1)
     3    0.017112    0.168466    0.447729    5.691615 v _5200_/X (sky130_fd_sc_hd__a21o_1)
                                                         _0830_ (net)
                      0.168486    0.001924    5.693539 v _5202_/A2 (sky130_fd_sc_hd__a21bo_1)
     2    0.007899    0.102506    0.420899    6.114438 v _5202_/X (sky130_fd_sc_hd__a21bo_1)
                                                         _0832_ (net)
                      0.102508    0.000590    6.115027 v _5203_/C (sky130_fd_sc_hd__and3_1)
     3    0.007483    0.108712    0.418287    6.533314 v _5203_/X (sky130_fd_sc_hd__and3_1)
                                                         _0833_ (net)
                      0.108712    0.000320    6.533634 v _5219_/A (sky130_fd_sc_hd__nor3_1)
     3    0.012321    0.671088    0.652409    7.186043 ^ _5219_/Y (sky130_fd_sc_hd__nor3_1)
                                                         _0849_ (net)
                      0.671088    0.000578    7.186621 ^ _5220_/B (sky130_fd_sc_hd__or2_1)
     3    0.009805    0.164899    0.440469    7.627090 ^ _5220_/X (sky130_fd_sc_hd__or2_1)
                                                         _0850_ (net)
                      0.164899    0.000613    7.627703 ^ _5222_/B1 (sky130_fd_sc_hd__a21oi_1)
     2    0.005496    0.152446    0.127478    7.755182 v _5222_/Y (sky130_fd_sc_hd__a21oi_1)
                                                         _0852_ (net)
                      0.152446    0.000351    7.755532 v _5224_/C (sky130_fd_sc_hd__nor4_1)
     3    0.013652    1.041867    0.948337    8.703869 ^ _5224_/Y (sky130_fd_sc_hd__nor4_1)
                                                         _0854_ (net)
                      1.041867    0.000558    8.704427 ^ max_cap152/A (sky130_fd_sc_hd__buf_1)
     2    0.010443    0.213806    0.497867    9.202293 ^ max_cap152/X (sky130_fd_sc_hd__buf_1)
                                                         net152 (net)
                      0.213806    0.000844    9.203137 ^ _5330_/B1 (sky130_fd_sc_hd__a211oi_2)
     5    0.017200    0.211000    0.183134    9.386271 v _5330_/Y (sky130_fd_sc_hd__a211oi_2)
                                                         _0960_ (net)
                      0.211004    0.001216    9.387487 v _5340_/A (sky130_fd_sc_hd__or3_1)
     2    0.005991    0.169128    0.945204   10.332691 v _5340_/X (sky130_fd_sc_hd__or3_1)
                                                         _0970_ (net)
                      0.169128    0.000381   10.333073 v _7253_/A1 (sky130_fd_sc_hd__a211oi_1)
     1    0.004011    0.357983    0.427814   10.760887 ^ _7253_/Y (sky130_fd_sc_hd__a211oi_1)
                                                         _2883_ (net)
                      0.357983    0.000177   10.761064 ^ _7254_/B (sky130_fd_sc_hd__nor2_1)
     2    0.004819    0.097807    0.185469   10.946533 v _7254_/Y (sky130_fd_sc_hd__nor2_1)
                                                         _2884_ (net)
                      0.097807    0.000302   10.946835 v _7255_/B (sky130_fd_sc_hd__and2_1)
     3    0.007730    0.106965    0.369580   11.316415 v _7255_/X (sky130_fd_sc_hd__and2_1)
                                                         _2885_ (net)
                      0.106965    0.000218   11.316633 v _7260_/A (sky130_fd_sc_hd__or2_1)
     2    0.013000    0.183373    0.617620   11.934253 v _7260_/X (sky130_fd_sc_hd__or2_1)
                                                         _2890_ (net)
                      0.183374    0.000948   11.935201 v _7322_/A (sky130_fd_sc_hd__xnor2_2)
     4    0.013689    0.340125    0.413867   12.349068 ^ _7322_/Y (sky130_fd_sc_hd__xnor2_2)
                                                         _2952_ (net)
                      0.340125    0.000428   12.349496 ^ _7375_/B (sky130_fd_sc_hd__nand4_1)
     2    0.005868    0.256141    0.353506   12.703002 v _7375_/Y (sky130_fd_sc_hd__nand4_1)
                                                         _3005_ (net)
                      0.256141    0.000321   12.703322 v _7397_/B (sky130_fd_sc_hd__or3_1)
     2    0.006084    0.170608    0.912917   13.616240 v _7397_/X (sky130_fd_sc_hd__or3_1)
                                                         _3027_ (net)
                      0.170608    0.000377   13.616616 v _7399_/A2 (sky130_fd_sc_hd__o221a_1)
     4    0.020028    0.232835    0.647462   14.264077 v _7399_/X (sky130_fd_sc_hd__o221a_1)
                                                         _3029_ (net)
                      0.232841    0.001535   14.265613 v _7405_/A1 (sky130_fd_sc_hd__a21o_1)
     3    0.008218    0.102258    0.399038   14.664650 v _7405_/X (sky130_fd_sc_hd__a21o_1)
                                                         _3035_ (net)
                      0.102258    0.000401   14.665051 v _7496_/A2 (sky130_fd_sc_hd__a211o_1)
     2    0.006532    0.118424    0.591330   15.256381 v _7496_/X (sky130_fd_sc_hd__a211o_1)
                                                         _3126_ (net)
                      0.118424    0.000242   15.256623 v _7518_/A1 (sky130_fd_sc_hd__a2111o_1)
     3    0.010590    0.184144    0.817430   16.074053 v _7518_/X (sky130_fd_sc_hd__a2111o_1)
                                                         _3148_ (net)
                      0.184145    0.000766   16.074818 v _7521_/A1 (sky130_fd_sc_hd__a21o_4)
    10    0.032687    0.117806    0.485468   16.560286 v _7521_/X (sky130_fd_sc_hd__a21o_4)
                                                         _3151_ (net)
                      0.117958    0.003709   16.563995 v _7522_/C (sky130_fd_sc_hd__nand3_1)
     1    0.005173    0.132292    0.169376   16.733370 ^ _7522_/Y (sky130_fd_sc_hd__nand3_1)
                                                         _3152_ (net)
                      0.132292    0.000426   16.733797 ^ fanout114/A (sky130_fd_sc_hd__buf_4)
    10    0.060458    0.274703    0.382002   17.115799 ^ fanout114/X (sky130_fd_sc_hd__buf_4)
                                                         net114 (net)
                      0.274718    0.001732   17.117531 ^ fanout113/A (sky130_fd_sc_hd__buf_4)
     5    0.023496    0.123587    0.338975   17.456507 ^ fanout113/X (sky130_fd_sc_hd__buf_4)
                                                         net113 (net)
                      0.123593    0.001041   17.457546 ^ fanout112/A (sky130_fd_sc_hd__buf_4)
     8    0.030859    0.150902    0.294266   17.751814 ^ fanout112/X (sky130_fd_sc_hd__buf_4)
                                                         net112 (net)
                      0.150923    0.001815   17.753628 ^ fanout111/A (sky130_fd_sc_hd__buf_2)
     6    0.026856    0.217547    0.340894   18.094522 ^ fanout111/X (sky130_fd_sc_hd__buf_2)
                                                         net111 (net)
                      0.217574    0.002478   18.097000 ^ fanout109/A (sky130_fd_sc_hd__buf_6)
    10    0.038656    0.135758    0.298099   18.395100 ^ fanout109/X (sky130_fd_sc_hd__buf_6)
                                                         net109 (net)
                      0.135761    0.000991   18.396090 ^ _7568_/A1 (sky130_fd_sc_hd__a21oi_1)
     2    0.014974    0.291583    0.286393   18.682484 v _7568_/Y (sky130_fd_sc_hd__a21oi_1)
                                                         _3198_ (net)
                      0.291583    0.000682   18.683167 v _7569_/C (sky130_fd_sc_hd__nor4b_4)
     3    0.013910    0.484543    0.580712   19.263878 ^ _7569_/Y (sky130_fd_sc_hd__nor4b_4)
                                                         _3199_ (net)
                      0.484543    0.001299   19.265177 ^ _7614_/A (sky130_fd_sc_hd__and4_2)
     8    0.023589    0.253116    0.741418   20.006594 ^ _7614_/X (sky130_fd_sc_hd__and4_2)
                                                         _3244_ (net)
                      0.253119    0.001450   20.008043 ^ _7639_/B (sky130_fd_sc_hd__and4_1)
     1    0.002769    0.099899    0.425040   20.433083 ^ _7639_/X (sky130_fd_sc_hd__and4_1)
                                                         _3269_ (net)
                      0.099945    0.000199   20.433283 ^ fanout104/A (sky130_fd_sc_hd__buf_2)
     6    0.047167    0.368623    0.422959   20.856241 ^ fanout104/X (sky130_fd_sc_hd__buf_2)
                                                         net104 (net)
                      0.368816    0.006985   20.863226 ^ fanout103/A (sky130_fd_sc_hd__clkbuf_2)
    10    0.030801    0.267777    0.458959   21.322186 ^ fanout103/X (sky130_fd_sc_hd__clkbuf_2)
                                                         net103 (net)
                      0.267777    0.000965   21.323151 ^ _7661_/C (sky130_fd_sc_hd__and4bb_1)
     3    0.007822    0.170236    0.516451   21.839602 ^ _7661_/X (sky130_fd_sc_hd__and4bb_1)
                                                         _3289_ (net)
                      0.170236    0.000430   21.840031 ^ _7771_/A_N (sky130_fd_sc_hd__and4b_1)
     1    0.004798    0.092547    0.448546   22.288576 v _7771_/X (sky130_fd_sc_hd__and4b_1)
                                                         _3380_ (net)
                      0.092547    0.000339   22.288916 v _7773_/A2 (sky130_fd_sc_hd__a31o_1)
     1    0.003039    0.067969    0.376087   22.665003 v _7773_/X (sky130_fd_sc_hd__a31o_1)
                                                         multiplier_inst.overflow_calc (net)
                      0.067969    0.000199   22.665201 v _9411_/D (sky130_fd_sc_hd__dfrtp_1)
                                             22.665201   data arrival time

                                 20.000000   20.000000   clock clk (rise edge)
                                  0.000000   20.000000   clock source latency
     1    0.047097    0.340125    0.238066   20.238066 ^ clk (in)
                                                         clk (net)
                      0.340257    0.000000   20.238066 ^ clkbuf_0_clk/A (sky130_fd_sc_hd__clkbuf_16)
     2    0.043121    0.099783    0.371175   20.609241 ^ clkbuf_0_clk/X (sky130_fd_sc_hd__clkbuf_16)
                                                         clknet_0_clk (net)
                      0.099992    0.002929   20.612171 ^ clkbuf_1_1__f_clk/A (sky130_fd_sc_hd__clkbuf_16)
    13    0.132589    0.223475    0.359485   20.971655 ^ clkbuf_1_1__f_clk/X (sky130_fd_sc_hd__clkbuf_16)
                                                         clknet_1_1__leaf_clk (net)
                      0.224492    0.012182   20.983837 ^ clkbuf_leaf_11_clk/A (sky130_fd_sc_hd__clkbuf_8)
    26    0.078237    0.222884    0.417426   21.401264 ^ clkbuf_leaf_11_clk/X (sky130_fd_sc_hd__clkbuf_8)
                                                         clknet_leaf_11_clk (net)
                      0.223050    0.005514   21.406778 ^ _9411_/CLK (sky130_fd_sc_hd__dfrtp_1)
                                 -0.250000   21.156778   clock uncertainty
                                  0.000000   21.156778   clock reconvergence pessimism
                                 -0.234933   20.921846   library setup time
                                             20.921846   data required time
---------------------------------------------------------------------------------------------
                                             20.921846   data required time
                                            -22.665201   data arrival time
---------------------------------------------------------------------------------------------
                                             -1.743356   slack (VIOLATED)




===========================================================================
 report_check_types -max_slew -max_cap -max_fanout -violators
============================================================================
======================= max_ss_100C_1v60 Corner ===================================

max slew

Pin                                        Limit        Slew       Slack
------------------------------------------------------------------------
_5224_/Y                                0.750000    1.041867   -0.291867 (VIOLATED)
_5225_/A2                               0.750000    1.041867   -0.291867 (VIOLATED)
_5233_/C1                               0.750000    1.041867   -0.291867 (VIOLATED)
max_cap152/A                            0.750000    1.041867   -0.291867 (VIOLATED)
fanout187/A                             0.750000    0.934015   -0.184015 (VIOLATED)
_8742_/B                                0.750000    0.934014   -0.184014 (VIOLATED)
_8749_/B                                0.750000    0.934013   -0.184013 (VIOLATED)
fanout186/A                             0.750000    0.934011   -0.184011 (VIOLATED)
_8729_/Y                                0.750000    0.933997   -0.183997 (VIOLATED)
_5784_/Y                                0.750000    0.916076   -0.166076 (VIOLATED)
_5880_/A2                               0.750000    0.916076   -0.166076 (VIOLATED)
_5881_/C1                               0.750000    0.916076   -0.166076 (VIOLATED)
max_cap135/A                            0.750000    0.916076   -0.166076 (VIOLATED)
_8220_/A3                               0.750000    0.885684   -0.135684 (VIOLATED)
_8119_/Y                                0.750000    0.885683   -0.135683 (VIOLATED)
_8136_/C                                0.750000    0.885683   -0.135683 (VIOLATED)
max_cap155/A                            0.750000    0.885683   -0.135683 (VIOLATED)
_6168_/C                                0.750000    0.876516   -0.126516 (VIOLATED)
_6252_/B1                               0.750000    0.876516   -0.126516 (VIOLATED)
_6166_/Y                                0.750000    0.876513   -0.126513 (VIOLATED)
_6171_/B                                0.750000    0.876513   -0.126513 (VIOLATED)
_7761_/A                                0.750000    0.837184   -0.087184 (VIOLATED)
_7774_/A_N                              0.750000    0.837183   -0.087183 (VIOLATED)
_7745_/B                                0.750000    0.837182   -0.087182 (VIOLATED)
_7744_/Y                                0.750000    0.837149   -0.087149 (VIOLATED)
_6625_/A                                0.750000    0.800780   -0.050780 (VIOLATED)
_6088_/A                                0.750000    0.800780   -0.050780 (VIOLATED)
_6086_/Y                                0.750000    0.800777   -0.050777 (VIOLATED)
_7169_/B                                0.750000    0.775818   -0.025818 (VIOLATED)
_7168_/Y                                0.750000    0.775814   -0.025814 (VIOLATED)
_8767_/B                                0.750000    0.754471   -0.004471 (VIOLATED)
_7538_/D                                0.750000    0.754471   -0.004471 (VIOLATED)
_7537_/Y                                0.750000    0.754355   -0.004355 (VIOLATED)

max fanout

Pin                                   Limit Fanout  Slack
---------------------------------------------------------
clkbuf_leaf_11_clk/X                     10     26    -16 (VIOLATED)
clkbuf_leaf_19_clk/X                     10     25    -15 (VIOLATED)
clkbuf_leaf_6_clk/X                      10     25    -15 (VIOLATED)
clkbuf_leaf_3_clk/X                      10     22    -12 (VIOLATED)
clkbuf_leaf_12_clk/X                     10     21    -11 (VIOLATED)
clkbuf_leaf_10_clk/X                     10     20    -10 (VIOLATED)
clkbuf_leaf_20_clk/X                     10     20    -10 (VIOLATED)
clkbuf_leaf_0_clk/X                      10     19     -9 (VIOLATED)
clkbuf_leaf_18_clk/X                     10     18     -8 (VIOLATED)
clkbuf_leaf_22_clk/X                     10     18     -8 (VIOLATED)
clkbuf_leaf_17_clk/X                     10     16     -6 (VIOLATED)
clkbuf_leaf_1_clk/X                      10     14     -4 (VIOLATED)
clkbuf_leaf_21_clk/X                     10     14     -4 (VIOLATED)
clkbuf_1_1__f_clk/X                      10     13     -3 (VIOLATED)
clkbuf_leaf_16_clk/X                     10     12     -2 (VIOLATED)
clkbuf_1_0__f_clk/X                      10     11        (VIOLATED)
clkbuf_leaf_7_clk/X                      10     11        (VIOLATED)
fanout227/X                              10     11        (VIOLATED)
fanout251/X                              10     11        (VIOLATED)
fanout274/X                              10     11        (VIOLATED)
fanout280/X                              10     11        (VIOLATED)
fanout309/X                              10     11        (VIOLATED)
fanout366/X                              10     11        (VIOLATED)
fanout460/X                              10     11        (VIOLATED)



===========================================================================
report_parasitic_annotation -report_unannotated
============================================================================
Found 22 unannotated drivers.
 clkload0/Y
 clkload1/Y
 clkload10/Y
 clkload11/Y
 clkload12/X
 clkload13/Y
 clkload14/Y
 clkload15/Y
 clkload16/Y
 clkload17/Y
 clkload18/Y
 clkload19/Y
 clkload2/Y
 clkload20/Y
 clkload21/Y
 clkload3/Y
 clkload4/Y
 clkload5/Y
 clkload6/Y
 clkload7/Y
 clkload8/Y
 clkload9/Y
Found 0 partially unannotated drivers.

===========================================================================
max slew violation count 33
max fanout violation count 24
max cap violation count 0
============================================================================

===========================================================================
check_setup -verbose -unconstrained_endpoints -multiple_clock -no_clock -no_input_delay -loops -generated_clocks
===========================================================================
